Archive member included to satisfy reference by file (symbol)

c:/st/stm32cubeide_1.10.1/stm32cubeide/plugins/com.st.stm32cube.ide.mcu.externaltools.gnu-tools-for-stm32.10.3-2021.10.win32_1.0.100.202210260954/tools/bin/../lib/gcc/arm-none-eabi/10.3.1/../../../../arm-none-eabi/lib/thumb/v7-m/nofp\libc_nano.a(lib_a-errno.o)
                              ./Src/syscalls.o (__errno)
c:/st/stm32cubeide_1.10.1/stm32cubeide/plugins/com.st.stm32cube.ide.mcu.externaltools.gnu-tools-for-stm32.10.3-2021.10.win32_1.0.100.202210260954/tools/bin/../lib/gcc/arm-none-eabi/10.3.1/../../../../arm-none-eabi/lib/thumb/v7-m/nofp\libc_nano.a(lib_a-exit.o)
                              c:/st/stm32cubeide_1.10.1/stm32cubeide/plugins/com.st.stm32cube.ide.mcu.externaltools.gnu-tools-for-stm32.10.3-2021.10.win32_1.0.100.202210260954/tools/bin/../lib/gcc/arm-none-eabi/10.3.1/../../../../arm-none-eabi/lib/thumb/v7-m/nofp/crt0.o (exit)
c:/st/stm32cubeide_1.10.1/stm32cubeide/plugins/com.st.stm32cube.ide.mcu.externaltools.gnu-tools-for-stm32.10.3-2021.10.win32_1.0.100.202210260954/tools/bin/../lib/gcc/arm-none-eabi/10.3.1/../../../../arm-none-eabi/lib/thumb/v7-m/nofp\libc_nano.a(lib_a-impure.o)
                              c:/st/stm32cubeide_1.10.1/stm32cubeide/plugins/com.st.stm32cube.ide.mcu.externaltools.gnu-tools-for-stm32.10.3-2021.10.win32_1.0.100.202210260954/tools/bin/../lib/gcc/arm-none-eabi/10.3.1/../../../../arm-none-eabi/lib/thumb/v7-m/nofp\libc_nano.a(lib_a-exit.o) (_global_impure_ptr)
c:/st/stm32cubeide_1.10.1/stm32cubeide/plugins/com.st.stm32cube.ide.mcu.externaltools.gnu-tools-for-stm32.10.3-2021.10.win32_1.0.100.202210260954/tools/bin/../lib/gcc/arm-none-eabi/10.3.1/../../../../arm-none-eabi/lib/thumb/v7-m/nofp\libc_nano.a(lib_a-init.o)
                              c:/st/stm32cubeide_1.10.1/stm32cubeide/plugins/com.st.stm32cube.ide.mcu.externaltools.gnu-tools-for-stm32.10.3-2021.10.win32_1.0.100.202210260954/tools/bin/../lib/gcc/arm-none-eabi/10.3.1/../../../../arm-none-eabi/lib/thumb/v7-m/nofp/crt0.o (__libc_init_array)
c:/st/stm32cubeide_1.10.1/stm32cubeide/plugins/com.st.stm32cube.ide.mcu.externaltools.gnu-tools-for-stm32.10.3-2021.10.win32_1.0.100.202210260954/tools/bin/../lib/gcc/arm-none-eabi/10.3.1/../../../../arm-none-eabi/lib/thumb/v7-m/nofp\libc_nano.a(lib_a-memset.o)
                              c:/st/stm32cubeide_1.10.1/stm32cubeide/plugins/com.st.stm32cube.ide.mcu.externaltools.gnu-tools-for-stm32.10.3-2021.10.win32_1.0.100.202210260954/tools/bin/../lib/gcc/arm-none-eabi/10.3.1/../../../../arm-none-eabi/lib/thumb/v7-m/nofp/crt0.o (memset)
c:/st/stm32cubeide_1.10.1/stm32cubeide/plugins/com.st.stm32cube.ide.mcu.externaltools.gnu-tools-for-stm32.10.3-2021.10.win32_1.0.100.202210260954/tools/bin/../lib/gcc/arm-none-eabi/10.3.1/../../../../arm-none-eabi/lib/thumb/v7-m/nofp\libc_nano.a(lib_a-sprintf.o)
                              ./drivers/src/LCD.o (sprintf)
c:/st/stm32cubeide_1.10.1/stm32cubeide/plugins/com.st.stm32cube.ide.mcu.externaltools.gnu-tools-for-stm32.10.3-2021.10.win32_1.0.100.202210260954/tools/bin/../lib/gcc/arm-none-eabi/10.3.1/../../../../arm-none-eabi/lib/thumb/v7-m/nofp\libc_nano.a(lib_a-nano-svfprintf.o)
                              c:/st/stm32cubeide_1.10.1/stm32cubeide/plugins/com.st.stm32cube.ide.mcu.externaltools.gnu-tools-for-stm32.10.3-2021.10.win32_1.0.100.202210260954/tools/bin/../lib/gcc/arm-none-eabi/10.3.1/../../../../arm-none-eabi/lib/thumb/v7-m/nofp\libc_nano.a(lib_a-sprintf.o) (_svfprintf_r)
c:/st/stm32cubeide_1.10.1/stm32cubeide/plugins/com.st.stm32cube.ide.mcu.externaltools.gnu-tools-for-stm32.10.3-2021.10.win32_1.0.100.202210260954/tools/bin/../lib/gcc/arm-none-eabi/10.3.1/../../../../arm-none-eabi/lib/thumb/v7-m/nofp\libc_nano.a(lib_a-nano-vfprintf_i.o)
                              c:/st/stm32cubeide_1.10.1/stm32cubeide/plugins/com.st.stm32cube.ide.mcu.externaltools.gnu-tools-for-stm32.10.3-2021.10.win32_1.0.100.202210260954/tools/bin/../lib/gcc/arm-none-eabi/10.3.1/../../../../arm-none-eabi/lib/thumb/v7-m/nofp\libc_nano.a(lib_a-nano-svfprintf.o) (_printf_i)
c:/st/stm32cubeide_1.10.1/stm32cubeide/plugins/com.st.stm32cube.ide.mcu.externaltools.gnu-tools-for-stm32.10.3-2021.10.win32_1.0.100.202210260954/tools/bin/../lib/gcc/arm-none-eabi/10.3.1/../../../../arm-none-eabi/lib/thumb/v7-m/nofp\libc_nano.a(lib_a-memchr-stub.o)
                              c:/st/stm32cubeide_1.10.1/stm32cubeide/plugins/com.st.stm32cube.ide.mcu.externaltools.gnu-tools-for-stm32.10.3-2021.10.win32_1.0.100.202210260954/tools/bin/../lib/gcc/arm-none-eabi/10.3.1/../../../../arm-none-eabi/lib/thumb/v7-m/nofp\libc_nano.a(lib_a-nano-svfprintf.o) (memchr)
c:/st/stm32cubeide_1.10.1/stm32cubeide/plugins/com.st.stm32cube.ide.mcu.externaltools.gnu-tools-for-stm32.10.3-2021.10.win32_1.0.100.202210260954/tools/bin/../lib/gcc/arm-none-eabi/10.3.1/../../../../arm-none-eabi/lib/thumb/v7-m/nofp\libc_nano.a(lib_a-memcpy-stub.o)
[...]
Memory Configuration

Name             Origin             Length             Attributes
RAM              0x0000000020000000 0x0000000000002800 xrw
FLASH            0x0000000008000000 0x0000000000008000 xr
*default*        0x0000000000000000 0xffffffffffffffff

Linker script and memory map

LOAD c:/st/stm32cubeide_1.10.1/stm32cubeide/plugins/com.st.stm32cube.ide.mcu.externaltools.gnu-tools-for-stm32.10.3-2021.10.win32_1.0.100.202210260954/tools/bin/../lib/gcc/arm-none-eabi/10.3.1/thumb/v7-m/nofp/crti.o
LOAD c:/st/stm32cubeide_1.10.1/stm32cubeide/plugins/com.st.stm32cube.ide.mcu.externaltools.gnu-tools-for-stm32.10.3-2021.10.win32_1.0.100.202210260954/tools/bin/../lib/gcc/arm-none-eabi/10.3.1/thumb/v7-m/nofp/crtbegin.o
LOAD c:/st/stm32cubeide_1.10.1/stm32cubeide/plugins/com.st.stm32cube.ide.mcu.externaltools.gnu-tools-for-stm32.10.3-2021.10.win32_1.0.100.202210260954/tools/bin/../lib/gcc/arm-none-eabi/10.3.1/../../../../arm-none-eabi/lib/thumb/v7-m/nofp/crt0.o
LOAD ./Src/main.o
LOAD ./Src/syscalls.o
LOAD ./Src/sysmem.o
LOAD ./Startup/startup_stm32f103c6tx.o
LOAD ./drivers/src/EEPROM.o
LOAD ./drivers/src/KeyPad.o
LOAD ./drivers/src/LCD.o
LOAD ./drivers/src/RCC.o
LOAD ./drivers/src/STM32F103_EXTI.o
LOAD ./drivers/src/STM32F103_GPIO.o
LOAD ./drivers/src/STM32F103_I2C.o
LOAD ./drivers/src/STM32F103_SPI.o
LOAD ./drivers/src/UART.o
START GROUP
LOAD c:/st/stm32cubeide_1.10.1/stm32cubeide/plugins/com.st.stm32cube.ide.mcu.externaltools.gnu-tools-for-stm32.10.3-2021.10.win32_1.0.100.202210260954/tools/bin/../lib/gcc/arm-none-eabi/10.3.1/../../../../arm-none-eabi/lib/thumb/v7-m/nofp\libc_nano.a
LOAD c:/st/stm32cubeide_1.10.1/stm32cubeide/plugins/com.st.stm32cube.ide.mcu.externaltools.gnu-tools-for-stm32.10.3-2021.10.win32_1.0.100.202210260954/tools/bin/../lib/gcc/arm-none-eabi/10.3.1/../../../../arm-none-eabi/lib/thumb/v7-m/nofp\libm.a
END GROUP
START GROUP
LOAD c:/st/stm32cubeide_1.10.1/stm32cubeide/plugins/com.st.stm32cube.ide.mcu.externaltools.gnu-tools-for-stm32.10.3-2021.10.win32_1.0.100.202210260954/tools/bin/../lib/gcc/arm-none-eabi/10.3.1/thumb/v7-m/nofp\libgcc.a
LOAD c:/st/stm32cubeide_1.10.1/stm32cubeide/plugins/com.st.stm32cube.ide.mcu.externaltools.gnu-tools-for-stm32.10.3-2021.10.win32_1.0.100.202210260954/tools/bin/../lib/gcc/arm-none-eabi/10.3.1/../../../../arm-none-eabi/lib/thumb/v7-m/nofp\libc_nano.a
END GROUP
START GROUP
LOAD c:/st/stm32cubeide_1.10.1/stm32cubeide/plugins/com.st.stm32cube.ide.mcu.externaltools.gnu-tools-for-stm32.10.3-2021.10.win32_1.0.100.202210260954/tools/bin/../lib/gcc/arm-none-eabi/10.3.1/thumb/v7-m/nofp\libgcc.a
LOAD c:/st/stm32cubeide_1.10.1/stm32cubeide/plugins/com.st.stm32cube.ide.mcu.externaltools.gnu-tools-for-stm32.10.3-2021.10.win32_1.0.100.202210260954/tools/bin/../lib/gcc/arm-none-eabi/10.3.1/../../../../arm-none-eabi/lib/thumb/v7-m/nofp\libc_nano.a
LOAD c:/st/stm32cubeide_1.10.1/stm32cubeide/plugins/com.st.stm32cube.ide.mcu.externaltools.gnu-tools-for-stm32.10.3-2021.10.win32_1.0.100.202210260954/tools/bin/../lib/gcc/arm-none-eabi/10.3.1/../../../../arm-none-eabi/lib/thumb/v7-m/nofp\libnosys.a
END GROUP
START GROUP
LOAD c:/st/stm32cubeide_1.10.1/stm32cubeide/plugins/com.st.stm32cube.ide.mcu.externaltools.gnu-tools-for-stm32.10.3-2021.10.win32_1.0.100.202210260954/tools/bin/../lib/gcc/arm-none-eabi/10.3.1/thumb/v7-m/nofp\libgcc.a
LOAD c:/st/stm32cubeide_1.10.1/stm32cubeide/plugins/com.st.stm32cube.ide.mcu.externaltools.gnu-tools-for-stm32.10.3-2021.10.win32_1.0.100.202210260954/tools/bin/../lib/gcc/arm-none-eabi/10.3.1/../../../../arm-none-eabi/lib/thumb/v7-m/nofp\libc_nano.a
LOAD c:/st/stm32cubeide_1.10.1/stm32cubeide/plugins/com.st.stm32cube.ide.mcu.externaltools.gnu-tools-for-stm32.10.3-2021.10.win32_1.0.100.202210260954/tools/bin/../lib/gcc/arm-none-eabi/10.3.1/../../../../arm-none-eabi/lib/thumb/v7-m/nofp\libnosys.a
END GROUP
LOAD c:/st/stm32cubeide_1.10.1/stm32cubeide/plugins/com.st.stm32cube.ide.mcu.externaltools.gnu-tools-for-stm32.10.3-2021.10.win32_1.0.100.202210260954/tools/bin/../lib/gcc/arm-none-eabi/10.3.1/thumb/v7-m/nofp/crtend.o
LOAD c:/st/stm32cubeide_1.10.1/stm32cubeide/plugins/com.st.stm32cube.ide.mcu.externaltools.gnu-tools-for-stm32.10.3-2021.10.win32_1.0.100.202210260954/tools/bin/../lib/gcc/arm-none-eabi/10.3.1/thumb/v7-m/nofp/crtn.o
                0x0000000020002800                _estack = (ORIGIN (RAM) + LENGTH (RAM))
                0x0000000000000200                _Min_Heap_Size = 0x200
                0x0000000000000400                _Min_Stack_Size = 0x400

.isr_vector     0x0000000008000000      0x130
                0x0000000008000000                . = ALIGN (0x4)
 *(.isr_vector)
 .isr_vector    0x0000000008000000      0x130 ./Startup/startup_stm32f103c6tx.o
                0x0000000008000000                g_pfnVectors
                0x0000000008000130                . = ALIGN (0x4)

.text           0x0000000008000130      0xae4
                0x0000000008000130                . = ALIGN (0x4)
 *(.text)
 .text          0x0000000008000130       0x40 c:/st/stm32cubeide_1.10.1/stm32cubeide/plugins/com.st.stm32cube.ide.mcu.externaltools.gnu-tools-for-stm32.10.3-2021.10.win32_1.0.100.202210260954/tools/bin/../lib/gcc/arm-none-eabi/10.3.1/thumb/v7-m/nofp/crtbegin.o
 *(.text*)
 .text.clk_init
                0x0000000008000170       0x40 ./Src/main.o
                0x0000000008000170                clk_init
 .text.EXTI9_CallBack
                0x00000000080001b0       0x18 ./Src/main.o
                0x00000000080001b0                EXTI9_CallBack
 .text.main     0x00000000080001c8       0x40 ./Src/main.o
                0x00000000080001c8                main
 .text.Reset_Handler
                0x0000000008000208       0x50 ./Startup/startup_stm32f103c6tx.o
                0x0000000008000208                Reset_Handler
 .text.Default_Handler
                0x0000000008000258        0x2 ./Startup/startup_stm32f103c6tx.o
                0x0000000008000258                TIM8_TRG_COM_IRQHandler
                0x0000000008000258                TIM8_CC_IRQHandler
                0x0000000008000258                DebugMon_Handler
                0x0000000008000258                TIM1_CC_IRQHandler
                0x0000000008000258                HardFault_Handler
                0x0000000008000258                TIM6_IRQHandler
                0x0000000008000258                SysTick_Handler
                0x0000000008000258                PVD_IRQHandler
                0x0000000008000258                SDIO_IRQHandler
                0x0000000008000258                PendSV_Handler
                0x0000000008000258                NMI_Handler
                0x0000000008000258                USB_HP_CAN_TX_IRQHandler
                0x0000000008000258                UsageFault_Handler
                0x0000000008000258                ADC1_2_IRQHandler
                0x0000000008000258                CAN_SCE_IRQHandler
                0x0000000008000258                TAMPER_IRQHandler
                0x0000000008000258                TIM8_UP_IRQHandler
                0x0000000008000258                DMA2_Channel2_IRQHandler
                0x0000000008000258                DMA1_Channel4_IRQHandler
                0x0000000008000258                RTC_IRQHandler
                0x0000000008000258                DMA1_Channel7_IRQHandler
                0x0000000008000258                UART5_IRQHandler
                0x0000000008000258                ADC3_IRQHandler
                0x0000000008000258                TIM4_IRQHandler
                0x0000000008000258                CAN_RX1_IRQHandler
                0x0000000008000258                DMA2_Channel1_IRQHandler
                0x0000000008000258                DMA1_Channel6_IRQHandler
                0x0000000008000258                UART4_IRQHandler
                0x0000000008000258                TIM3_IRQHandler
                0x0000000008000258                RCC_IRQHandler
                0x0000000008000258                TIM1_TRG_COM_IRQHandler
                0x0000000008000258                DMA1_Channel1_IRQHandler
                0x0000000008000258                Default_Handler
                0x0000000008000258                EXTI15_10_IRQHandler
                0x0000000008000258                TIM7_IRQHandler
                0x0000000008000258                TIM5_IRQHandler
                0x0000000008000258                USB_LP_CAN_RX0_IRQHandler
                0x0000000008000258                MemManage_Handler
                0x0000000008000258                SVC_Handler
                0x0000000008000258                DMA1_Channel5_IRQHandler
                0x0000000008000258                DMA1_Channel3_IRQHandler
                0x0000000008000258                FSMC_IRQHandler
                0x0000000008000258                TIM1_UP_IRQHandler
                0x0000000008000258                WWDG_IRQHandler
                0x0000000008000258                TIM2_IRQHandler
                0x0000000008000258                TIM1_BRK_IRQHandler
                0x0000000008000258                RTCAlarm_IRQHandler
                0x0000000008000258                DMA2_Channel4_5_IRQHandler
                0x0000000008000258                DMA1_Channel2_IRQHandler
                0x0000000008000258                TIM8_BRK_IRQHandler
                0x0000000008000258                FLASH_IRQHandler
                0x0000000008000258                BusFault_Handler
                0x0000000008000258                SPI3_IRQHandler
                0x0000000008000258                DMA2_Channel3_IRQHandler
 *fill*         0x000000000800025a        0x2 
 .text.NVIC_EXTI_ENABLE
                0x000000000800025c       0xc8 ./drivers/src/STM32F103_EXTI.o
                0x000000000800025c                NVIC_EXTI_ENABLE
 .text.NVIC_EXTI_DISABLE
                0x0000000008000324       0xc8 ./drivers/src/STM32F103_EXTI.o
                0x0000000008000324                NVIC_EXTI_DISABLE
 .text.MCAL_EXTI_GPIO_Init
                0x00000000080003ec      0x1b0 ./drivers/src/STM32F103_EXTI.o
                0x00000000080003ec                MCAL_EXTI_GPIO_Init
 .text.EXTI0_IRQHandler
                0x000000000800059c       0x24 ./drivers/src/STM32F103_EXTI.o
                0x000000000800059c                EXTI0_IRQHandler
 .text.EXTI1_IRQHandler
                0x00000000080005c0       0x24 ./drivers/src/STM32F103_EXTI.o
                0x00000000080005c0                EXTI1_IRQHandler
 .text.EXTI2_IRQHandler
                0x00000000080005e4       0x24 ./drivers/src/STM32F103_EXTI.o
                0x00000000080005e4                EXTI2_IRQHandler
 .text.EXTI3_IRQHandler
                0x0000000008000608       0x24 ./drivers/src/STM32F103_EXTI.o
                0x0000000008000608                EXTI3_IRQHandler
 .text.EXTI4_IRQHandler
                0x000000000800062c       0x24 ./drivers/src/STM32F103_EXTI.o
                0x000000000800062c                EXTI4_IRQHandler
 .text.EXTI9_5_IRQHandler
                0x0000000008000650       0xa8 ./drivers/src/STM32F103_EXTI.o
                0x0000000008000650                EXTI9_5_IRQHandler
 .text.Get_CRx_Position
                0x00000000080006f8      0x168 ./drivers/src/STM32F103_GPIO.o
                0x00000000080006f8                Get_CRx_Position
 .text.MCAL_GPIO_Init
                0x0000000008000860      0x148 ./drivers/src/STM32F103_GPIO.o
                0x0000000008000860                MCAL_GPIO_Init
 .text.I2C1_EV_IRQHandler
                0x00000000080009a8       0xf4 ./drivers/src/STM32F103_I2C.o
                0x00000000080009a8                I2C1_EV_IRQHandler
 .text.I2C1_ER_IRQHandler
                0x0000000008000a9c        0xc ./drivers/src/STM32F103_I2C.o
                0x0000000008000a9c                I2C1_ER_IRQHandler
 .text.I2C2_EV_IRQHandler
                0x0000000008000aa8        0xc ./drivers/src/STM32F103_I2C.o
                0x0000000008000aa8                I2C2_EV_IRQHandler
 .text.I2C2_ER_IRQHandler
                0x0000000008000ab4        0xc ./drivers/src/STM32F103_I2C.o
                0x0000000008000ab4                I2C2_ER_IRQHandler
 .text.SPI1_IRQHandler
                0x0000000008000ac0       0x5c ./drivers/src/STM32F103_SPI.o
                0x0000000008000ac0                SPI1_IRQHandler
 .text.SPI2_IRQHandler
                0x0000000008000b1c       0x5c ./drivers/src/STM32F103_SPI.o
                0x0000000008000b1c                SPI2_IRQHandler
 .text.USART1_IRQHandler
                0x0000000008000b78       0x14 ./drivers/src/UART.o
                0x0000000008000b78                USART1_IRQHandler
 .text.USART2_IRQHandler
                0x0000000008000b8c       0x14 ./drivers/src/UART.o
                0x0000000008000b8c                USART2_IRQHandler
 .text.USART3_IRQHandler
                0x0000000008000ba0       0x14 ./drivers/src/UART.o
                0x0000000008000ba0                USART3_IRQHandler
 .text.__libc_init_array
                0x0000000008000bb4       0x48 c:/st/stm32cubeide_1.10.1/stm32cubeide/plugins/com.st.stm32cube.ide.mcu.externaltools.gnu-tools-for-stm32.10.3-2021.10.win32_1.0.100.202210260954/tools/bin/../lib/gcc/arm-none-eabi/10.3.1/../../../../arm-none-eabi/lib/thumb/v7-m/nofp\libc_nano.a(lib_a-init.o)
                0x0000000008000bb4                __libc_init_array
 *(.glue_7)
 .glue_7        0x0000000008000bfc        0x0 linker stubs
 *(.glue_7t)
 .glue_7t       0x0000000008000bfc        0x0 linker stubs
 *(.eh_frame)
 .eh_frame      0x0000000008000bfc        0x0 c:/st/stm32cubeide_1.10.1/stm32cubeide/plugins/com.st.stm32cube.ide.mcu.externaltools.gnu-tools-for-stm32.10.3-2021.10.win32_1.0.100.202210260954/tools/bin/../lib/gcc/arm-none-eabi/10.3.1/thumb/v7-m/nofp/crtbegin.o
 *(.init)
 .init          0x0000000008000bfc        0x4 c:/st/stm32cubeide_1.10.1/stm32cubeide/plugins/com.st.stm32cube.ide.mcu.externaltools.gnu-tools-for-stm32.10.3-2021.10.win32_1.0.100.202210260954/tools/bin/../lib/gcc/arm-none-eabi/10.3.1/thumb/v7-m/nofp/crti.o
                0x0000000008000bfc                _init
 .init          0x0000000008000c00        0x8 c:/st/stm32cubeide_1.10.1/stm32cubeide/plugins/com.st.stm32cube.ide.mcu.externaltools.gnu-tools-for-stm32.10.3-2021.10.win32_1.0.100.202210260954/tools/bin/../lib/gcc/arm-none-eabi/10.3.1/thumb/v7-m/nofp/crtn.o
 *(.fini)
 .fini          0x0000000008000c08        0x4 c:/st/stm32cubeide_1.10.1/stm32cubeide/plugins/com.st.stm32cube.ide.mcu.externaltools.gnu-tools-for-stm32.10.3-2021.10.win32_1.0.100.202210260954/tools/bin/../lib/gcc/arm-none-eabi/10.3.1/thumb/v7-m/nofp/crti.o
                0x0000000008000c08                _fini
 .fini          0x0000000008000c0c        0x8 c:/st/stm32cubeide_1.10.1/stm32cubeide/plugins/com.st.stm32cube.ide.mcu.externaltools.gnu-tools-for-stm32.10.3-2021.10.win32_1.0.100.202210260954/tools/bin/../lib/gcc/arm-none-eabi/10.3.1/thumb/v7-m/nofp/crtn.o
                0x0000000008000c14                . = ALIGN (0x4)
                0x0000000008000c14                _etext = .

.vfp11_veneer   0x0000000008000c14        0x0
 .vfp11_veneer  0x0000000008000c14        0x0 linker stubs

.v4_bx          0x0000000008000c14        0x0
 .v4_bx         0x0000000008000c14        0x0 linker stubs

.iplt           0x0000000008000c14        0x0
 .iplt          0x0000000008000c14        0x0 c:/st/stm32cubeide_1.10.1/stm32cubeide/plugins/com.st.stm32cube.ide.mcu.externaltools.gnu-tools-for-stm32.10.3-2021.10.win32_1.0.100.202210260954/tools/bin/../lib/gcc/arm-none-eabi/10.3.1/thumb/v7-m/nofp/crtbegin.o

.rodata         0x0000000008000c14        0xc
                0x0000000008000c14                . = ALIGN (0x4)
 *(.rodata)
 .rodata        0x0000000008000c14        0xc ./Src/main.o
 *(.rodata*)
                0x0000000008000c20                . = ALIGN (0x4)

.rel.dyn        0x0000000008000c20        0x0
 .rel.iplt      0x0000000008000c20        0x0 c:/st/stm32cubeide_1.10.1/stm32cubeide/plugins/com.st.stm32cube.ide.mcu.externaltools.gnu-tools-for-stm32.10.3-2021.10.win32_1.0.100.202210260954/tools/bin/../lib/gcc/arm-none-eabi/10.3.1/thumb/v7-m/nofp/crtbegin.o

.ARM.extab      0x0000000008000c20        0x0
                0x0000000008000c20                . = ALIGN (0x4)
 *(.ARM.extab* .gnu.linkonce.armextab.*)
                0x0000000008000c20                . = ALIGN (0x4)

.ARM            0x0000000008000c20        0x0
                0x0000000008000c20                . = ALIGN (0x4)
                0x0000000008000c20                __exidx_start = .
 *(.ARM.exidx*)
                0x0000000008000c20                __exidx_end = .
                0x0000000008000c20                . = ALIGN (0x4)

.preinit_array  0x0000000008000c20        0x0
                0x0000000008000c20                . = ALIGN (0x4)
                0x0000000008000c20                PROVIDE (__preinit_array_start = .)
 *(.preinit_array*)
                0x0000000008000c20                PROVIDE (__preinit_array_end = .)
                0x0000000008000c20                . = ALIGN (0x4)

.init_array     0x0000000008000c20        0x4
                0x0000000008000c20                . = ALIGN (0x4)
                0x0000000008000c20                PROVIDE (__init_array_start = .)
 *(SORT_BY_NAME(.init_array.*))
 *(.init_array*)
 .init_array    0x0000000008000c20        0x4 c:/st/stm32cubeide_1.10.1/stm32cubeide/plugins/com.st.stm32cube.ide.mcu.externaltools.gnu-tools-for-stm32.10.3-2021.10.win32_1.0.100.202210260954/tools/bin/../lib/gcc/arm-none-eabi/10.3.1/thumb/v7-m/nofp/crtbegin.o
                0x0000000008000c24                PROVIDE (__init_array_end = .)
                0x0000000008000c24                . = ALIGN (0x4)

.fini_array     0x0000000008000c24        0x4
                0x0000000008000c24                . = ALIGN (0x4)
                [!provide]                        PROVIDE (__fini_array_start = .)
 *(SORT_BY_NAME(.fini_array.*))
 *(.fini_array*)
 .fini_array    0x0000000008000c24        0x4 c:/st/stm32cubeide_1.10.1/stm32cubeide/plugins/com.st.stm32cube.ide.mcu.externaltools.gnu-tools-for-stm32.10.3-2021.10.win32_1.0.100.202210260954/tools/bin/../lib/gcc/arm-none-eabi/10.3.1/thumb/v7-m/nofp/crtbegin.o
                [!provide]                        PROVIDE (__fini_array_end = .)
                0x0000000008000c28                . = ALIGN (0x4)
                0x0000000008000c28                _sidata = LOADADDR (.data)

.data           0x0000000020000000        0x0 load address 0x0000000008000c28
                0x0000000020000000                . = ALIGN (0x4)
                0x0000000020000000                _sdata = .
 *(.data)
 *(.data*)
 *(.RamFunc)
 *(.RamFunc*)
                0x0000000020000000                . = ALIGN (0x4)
                0x0000000020000000                _edata = .

.igot.plt       0x0000000020000000        0x0 load address 0x0000000008000c28
 .igot.plt      0x0000000020000000        0x0 c:/st/stm32cubeide_1.10.1/stm32cubeide/plugins/com.st.stm32cube.ide.mcu.externaltools.gnu-tools-for-stm32.10.3-2021.10.win32_1.0.100.202210260954/tools/bin/../lib/gcc/arm-none-eabi/10.3.1/thumb/v7-m/nofp/crtbegin.o
                0x0000000020000000                . = ALIGN (0x4)

.bss            0x0000000020000000       0xbc load address 0x0000000008000c28
                0x0000000020000000                _sbss = .
                0x0000000020000000                __bss_start__ = _sbss
 *(.bss)
 .bss           0x0000000020000000       0x1c c:/st/stm32cubeide_1.10.1/stm32cubeide/plugins/com.st.stm32cube.ide.mcu.externaltools.gnu-tools-for-stm32.10.3-2021.10.win32_1.0.100.202210260954/tools/bin/../lib/gcc/arm-none-eabi/10.3.1/thumb/v7-m/nofp/crtbegin.o
 *(.bss*)
 .bss.flag      0x000000002000001c        0x4 ./Src/main.o
                0x000000002000001c                flag
 .bss.CallBackHandler
                0x0000000020000020       0x40 ./drivers/src/STM32F103_EXTI.o
                0x0000000020000020                CallBackHandler
 .bss.G_I2C_Config
                0x0000000020000060       0x50 ./drivers/src/STM32F103_I2C.o
                0x0000000020000060                G_I2C_Config
 .bss.Gptr_SPICnfig
                0x00000000200000b0        0x8 ./drivers/src/STM32F103_SPI.o
 .bss.Gptr_UartCnfig
                0x00000000200000b8        0x4 ./drivers/src/UART.o
                0x00000000200000b8                Gptr_UartCnfig
 *(COMMON)
                0x00000000200000bc                . = ALIGN (0x4)
                0x00000000200000bc                _ebss = .
                0x00000000200000bc                __bss_end__ = _ebss

._user_heap_stack
                0x00000000200000bc      0x604 load address 0x0000000008000c28
                0x00000000200000c0                . = ALIGN (0x8)
 *fill*         0x00000000200000bc        0x4 
                [!provide]                        PROVIDE (end = .)
                0x00000000200000c0                PROVIDE (_end = .)
                0x00000000200002c0                . = (. + _Min_Heap_Size)
 *fill*         0x00000000200000c0      0x200 
                0x00000000200006c0                . = (. + _Min_Stack_Size)
 *fill*         0x00000000200002c0      0x400 
                0x00000000200006c0                . = ALIGN (0x8)

/DISCARD/
 libc.a(*)
 libm.a(*)
 libgcc.a(*)

.ARM.attributes
                0x0000000000000000       0x29
 *(.ARM.attributes)
 .ARM.attributes
                0x0000000000000000       0x1d c:/st/stm32cubeide_1.10.1/stm32cubeide/plugins/com.st.stm32cube.ide.mcu.externaltools.gnu-tools-for-stm32.10.3-2021.10.win32_1.0.100.202210260954/tools/bin/../lib/gcc/arm-none-eabi/10.3.1/thumb/v7-m/nofp/crti.o
 .ARM.attributes
                0x000000000000001d       0x2d c:/st/stm32cubeide_1.10.1/stm32cubeide/plugins/com.st.stm32cube.ide.mcu.externaltools.gnu-tools-for-stm32.10.3-2021.10.win32_1.0.100.202210260954/tools/bin/../lib/gcc/arm-none-eabi/10.3.1/thumb/v7-m/nofp/crtbegin.o
 .ARM.attributes
                0x000000000000004a       0x2d ./Src/main.o
 .ARM.attributes
                0x0000000000000077       0x21 ./Startup/startup_stm32f103c6tx.o
 .ARM.attributes
                0x0000000000000098       0x2d ./drivers/src/STM32F103_EXTI.o
 .ARM.attributes
                0x00000000000000c5       0x2d ./drivers/src/STM32F103_GPIO.o
 .ARM.attributes
                0x00000000000000f2       0x2d ./drivers/src/STM32F103_I2C.o
 .ARM.attributes
                0x000000000000011f       0x2d ./drivers/src/STM32F103_SPI.o
 .ARM.attributes
                0x000000000000014c       0x2d ./drivers/src/UART.o
 .ARM.attributes
                0x0000000000000179       0x2d c:/st/stm32cubeide_1.10.1/stm32cubeide/plugins/com.st.stm32cube.ide.mcu.externaltools.gnu-tools-for-stm32.10.3-2021.10.win32_1.0.100.202210260954/tools/bin/../lib/gcc/arm-none-eabi/10.3.1/../../../../arm-none-eabi/lib/thumb/v7-m/nofp\libc_nano.a(lib_a-init.o)
 .ARM.attributes
                0x00000000000001a6       0x1d c:/st/stm32cubeide_1.10.1/stm32cubeide/plugins/com.st.stm32cube.ide.mcu.externaltools.gnu-tools-for-stm32.10.3-2021.10.win32_1.0.100.202210260954/tools/bin/../lib/gcc/arm-none-eabi/10.3.1/thumb/v7-m/nofp/crtn.o
OUTPUT(LAB1.axf elf32-littlearm)
LOAD linker stubs
LOAD c:/st/stm32cubeide_1.10.1/stm32cubeide/plugins/com.st.stm32cube.ide.mcu.externaltools.gnu-tools-for-stm32.10.3-2021.10.win32_1.0.100.202210260954/tools/bin/../lib/gcc/arm-none-eabi/10.3.1/../../../../arm-none-eabi/lib/thumb/v7-m/nofp\libc.a
LOAD c:/st/stm32cubeide_1.10.1/stm32cubeide/plugins/com.st.stm32cube.ide.mcu.externaltools.gnu-tools-for-stm32.10.3-2021.10.win32_1.0.100.202210260954/tools/bin/../lib/gcc/arm-none-eabi/10.3.1/../../../../arm-none-eabi/lib/thumb/v7-m/nofp\libm.a
LOAD c:/st/stm32cubeide_1.10.1/stm32cubeide/plugins/com.st.stm32cube.ide.mcu.externaltools.gnu-tools-for-stm32.10.3-2021.10.win32_1.0.100.202210260954/tools/bin/../lib/gcc/arm-none-eabi/10.3.1/thumb/v7-m/nofp\libgcc.a

.debug_info     0x0000000000000000     0x2091
 .debug_info    0x0000000000000000      0x2f1 ./Src/main.o
 .debug_info    0x00000000000002f1       0x22 ./Startup/startup_stm32f103c6tx.o
 .debug_info    0x0000000000000313      0x467 ./drivers/src/STM32F103_EXTI.o
 .debug_info    0x000000000000077a      0x477 ./drivers/src/STM32F103_GPIO.o
 .debug_info    0x0000000000000bf1      0x966 ./drivers/src/STM32F103_I2C.o
 .debug_info    0x0000000000001557      0x600 ./drivers/src/STM32F103_SPI.o
 .debug_info    0x0000000000001b57      0x53a ./drivers/src/UART.o

.debug_abbrev   0x0000000000000000      0x9a9
 .debug_abbrev  0x0000000000000000       0xfc ./Src/main.o
 .debug_abbrev  0x00000000000000fc       0x12 ./Startup/startup_stm32f103c6tx.o
 .debug_abbrev  0x000000000000010e      0x198 ./drivers/src/STM32F103_EXTI.o
 .debug_abbrev  0x00000000000002a6      0x198 ./drivers/src/STM32F103_GPIO.o
 .debug_abbrev  0x000000000000043e      0x207 ./drivers/src/STM32F103_I2C.o
 .debug_abbrev  0x0000000000000645      0x1c1 ./drivers/src/STM32F103_SPI.o
 .debug_abbrev  0x0000000000000806      0x1a3 ./drivers/src/UART.o

.debug_aranges  0x0000000000000000      0x278
 .debug_aranges
                0x0000000000000000       0x30 ./Src/main.o
 .debug_aranges
                0x0000000000000030       0x28 ./Startup/startup_stm32f103c6tx.o
 .debug_aranges
                0x0000000000000058       0x70 ./drivers/src/STM32F103_EXTI.o
 .debug_aranges
                0x00000000000000c8       0x60 ./drivers/src/STM32F103_GPIO.o
 .debug_aranges
                0x0000000000000128       0x98 ./drivers/src/STM32F103_I2C.o
 .debug_aranges
                0x00000000000001c0       0x58 ./drivers/src/STM32F103_SPI.o
 .debug_aranges
                0x0000000000000218       0x60 ./drivers/src/UART.o

.debug_ranges   0x0000000000000000      0x210
 .debug_ranges  0x0000000000000000       0x20 ./Src/main.o
 .debug_ranges  0x0000000000000020       0x20 ./Startup/startup_stm32f103c6tx.o
 .debug_ranges  0x0000000000000040       0x60 ./drivers/src/STM32F103_EXTI.o
 .debug_ranges  0x00000000000000a0       0x50 ./drivers/src/STM32F103_GPIO.o
 .debug_ranges  0x00000000000000f0       0x88 ./drivers/src/STM32F103_I2C.o
 .debug_ranges  0x0000000000000178       0x48 ./drivers/src/STM32F103_SPI.o
 .debug_ranges  0x00000000000001c0       0x50 ./drivers/src/UART.o

.debug_macro    0x0000000000000000     0x344a
 .debug_macro   0x0000000000000000      0x283 ./Src/main.o
 .debug_macro   0x0000000000000283      0xa72 ./Src/main.o
 .debug_macro   0x0000000000000cf5       0x22 ./Src/main.o
 .debug_macro   0x0000000000000d17       0x8e ./Src/main.o
 .debug_macro   0x0000000000000da5       0x51 ./Src/main.o
 .debug_macro   0x0000000000000df6      0x103 ./Src/main.o
 .debug_macro   0x0000000000000ef9       0x6a ./Src/main.o
 .debug_macro   0x0000000000000f63      0x1df ./Src/main.o
 .debug_macro   0x0000000000001142       0x18 ./Src/main.o
 .debug_macro   0x000000000000115a       0x52 ./Src/main.o
 .debug_macro   0x00000000000011ac       0x3c ./Src/main.o
 .debug_macro   0x00000000000011e8       0x34 ./Src/main.o
 .debug_macro   0x000000000000121c       0x16 ./Src/main.o
 .debug_macro   0x0000000000001232      0x10e ./Src/main.o
 .debug_macro   0x0000000000001340       0x8d ./Src/main.o
 .debug_macro   0x00000000000013cd       0x16 ./Src/main.o
 .debug_macro   0x00000000000013e3       0x43 ./Src/main.o
 .debug_macro   0x0000000000001426       0x34 ./Src/main.o
 .debug_macro   0x000000000000145a       0x10 ./Src/main.o
 .debug_macro   0x000000000000146a       0x58 ./Src/main.o
 .debug_macro   0x00000000000014c2       0x71 ./Src/main.o
 .debug_macro   0x0000000000001533       0x1c ./Src/main.o
 .debug_macro   0x000000000000154f      0x12a ./Src/main.o
 .debug_macro   0x0000000000001679      0x341 ./Src/main.o
 .debug_macro   0x00000000000019ba       0x16 ./Src/main.o
 .debug_macro   0x00000000000019d0       0x29 ./Src/main.o
 .debug_macro   0x00000000000019f9      0x6bf ./Src/main.o
 .debug_macro   0x00000000000020b8       0xc4 ./Src/main.o
 .debug_macro   0x000000000000217c       0x40 ./Src/main.o
 .debug_macro   0x00000000000021bc       0x10 ./Src/main.o
 .debug_macro   0x00000000000021cc       0x1c ./Src/main.o
 .debug_macro   0x00000000000021e8       0x35 ./Src/main.o
 .debug_macro   0x000000000000221d       0x10 ./Src/main.o
 .debug_macro   0x000000000000222d       0x10 ./Src/main.o
 .debug_macro   0x000000000000223d       0x1c ./Src/main.o
 .debug_macro   0x0000000000002259       0x52 ./Src/main.o
 .debug_macro   0x00000000000022ab       0x22 ./Src/main.o
 .debug_macro   0x00000000000022cd       0x10 ./Src/main.o
 .debug_macro   0x00000000000022dd       0x52 ./Src/main.o
 .debug_macro   0x000000000000232f       0xd5 ./Src/main.o
 .debug_macro   0x0000000000002404       0x1c ./Src/main.o
 .debug_macro   0x0000000000002420       0x3d ./Src/main.o
 .debug_macro   0x000000000000245d       0x16 ./Src/main.o
 .debug_macro   0x0000000000002473      0x145 ./Src/main.o
 .debug_macro   0x00000000000025b8       0x7c ./Src/main.o
 .debug_macro   0x0000000000002634      0x221 ./Src/main.o
 .debug_macro   0x0000000000002855       0x1c ./Src/main.o
 .debug_macro   0x0000000000002871       0xbe ./Src/main.o
 .debug_macro   0x000000000000292f       0xc9 ./Src/main.o
 .debug_macro   0x00000000000029f8       0x65 ./Src/main.o
 .debug_macro   0x0000000000002a5d      0x155 ./drivers/src/STM32F103_EXTI.o
 .debug_macro   0x0000000000002bb2      0x21b ./drivers/src/STM32F103_EXTI.o
 .debug_macro   0x0000000000002dcd      0x14c ./drivers/src/STM32F103_GPIO.o
 .debug_macro   0x0000000000002f19      0x16a ./drivers/src/STM32F103_I2C.o
 .debug_macro   0x0000000000003083      0x1a6 ./drivers/src/STM32F103_SPI.o
 .debug_macro   0x0000000000003229       0xc3 ./drivers/src/STM32F103_SPI.o
 .debug_macro   0x00000000000032ec      0x15e ./drivers/src/UART.o

.debug_line     0x0000000000000000     0x3451
 .debug_line    0x0000000000000000      0x6cf ./Src/main.o
 .debug_line    0x00000000000006cf       0x84 ./Startup/startup_stm32f103c6tx.o
 .debug_line    0x0000000000000753      0x906 ./drivers/src/STM32F103_EXTI.o
 .debug_line    0x0000000000001059      0x781 ./drivers/src/STM32F103_GPIO.o
 .debug_line    0x00000000000017da      0xaab ./drivers/src/STM32F103_I2C.o
 .debug_line    0x0000000000002285      0x903 ./drivers/src/STM32F103_SPI.o
 .debug_line    0x0000000000002b88      0x8c9 ./drivers/src/UART.o

.debug_str      0x0000000000000000     0xcae4
 .debug_str     0x0000000000000000     0xbfd1 ./Src/main.o
                                       0xc1dd (size before relaxing)
 .debug_str     0x000000000000bfd1       0x31 ./Startup/startup_stm32f103c6tx.o
                                         0x7d (size before relaxing)
 .debug_str     0x000000000000c002      0x19f ./drivers/src/STM32F103_EXTI.o
                                       0xa8d0 (size before relaxing)
 .debug_str     0x000000000000c1a1      0x101 ./drivers/src/STM32F103_GPIO.o
                                       0x95b9 (size before relaxing)
 .debug_str     0x000000000000c2a2      0x416 ./drivers/src/STM32F103_I2C.o
                                       0x9ba8 (size before relaxing)
 .debug_str     0x000000000000c6b8      0x2ca ./drivers/src/STM32F103_SPI.o
                                       0x9a74 (size before relaxing)
 .debug_str     0x000000000000c982      0x162 ./drivers/src/UART.o
                                       0x99a0 (size before relaxing)

.comment        0x0000000000000000       0x50
 .comment       0x0000000000000000       0x50 ./Src/main.o
                                         0x51 (size before relaxing)
 .comment       0x0000000000000050       0x51 ./drivers/src/STM32F103_EXTI.o
 .comment       0x0000000000000050       0x51 ./drivers/src/STM32F103_GPIO.o
 .comment       0x0000000000000050       0x51 ./drivers/src/STM32F103_I2C.o
 .comment       0x0000000000000050       0x51 ./drivers/src/STM32F103_SPI.o
 .comment       0x0000000000000050       0x51 ./drivers/src/UART.o

.debug_frame    0x0000000000000000      0x878
 .debug_frame   0x0000000000000000       0x70 ./Src/main.o
 .debug_frame   0x0000000000000070      0x168 ./drivers/src/STM32F103_EXTI.o
 .debug_frame   0x00000000000001d8      0x178 ./drivers/src/STM32F103_GPIO.o
 .debug_frame   0x0000000000000350      0x268 ./drivers/src/STM32F103_I2C.o
 .debug_frame   0x00000000000005b8      0x148 ./drivers/src/STM32F103_SPI.o
 .debug_frame   0x0000000000000700      0x14c ./drivers/src/UART.o
 .debug_frame   0x000000000000084c       0x2c c:/st/stm32cubeide_1.10.1/stm32cubeide/plugins/com.st.stm32cube.ide.mcu.externaltools.gnu-tools-for-stm32.10.3-2021.10.win32_1.0.100.202210260954/tools/bin/../lib/gcc/arm-none-eabi/10.3.1/../../../../arm-none-eabi/lib/thumb/v7-m/nofp\libc_nano.a(lib_a-init.o)
