
Allocating common symbols
Common symbol       size              file

pressure_val        0x1               Psensor.o
Alarm_State_ID      0x1               alarm.o
pAlarmState         0x4               alarm.o
Controller_State_ID
                    0x1               control.o
pSensorState_ID     0x1               Psensor.o
pcontroller_state   0x4               control.o
ppSensor_state      0x4               Psensor.o

Memory Configuration

Name             Origin             Length             Attributes
flash            0x08000000         0x00020000         xr
sram             0x20000000         0x00005000         xrw
*default*        0x00000000         0xffffffff

Linker script and memory map


.vectors        0x08000000       0x18
 *(.vectors*)
 .vectors       0x08000000       0x18 startup.o
                0x08000000                vectors
                0x08000018                . = ALIGN (0x4)

.text           0x08000018      0x388
 *(.vectors*)
 *(.text*)
 .text          0x08000018       0x84 alarm.o
                0x08000018                SetAlarm
                0x08000058                ST_alarm_ON
                0x08000080                ST_alarm_OFF
 .text          0x0800009c       0x78 control.o
                0x0800009c                pressure_action
                0x080000dc                ST_idle
                0x080000f8                ST_highPressure
 .text          0x08000114      0x10c driver.o
                0x08000114                Delay
                0x08000138                getPressureVal
                0x08000150                Set_Alarm_actuator
                0x080001a0                GPIO_INITIALIZATION
 .text          0x08000220       0x78 main.o
                0x08000220                setup_system
                0x08000268                main
 .text          0x08000298       0x48 Psensor.o
                0x08000298                ST_reading
 .text          0x080002e0       0xc0 startup.o
                0x080002e0                MM_fault_Handler
                0x080002e0                Usage_fault_Handler
                0x080002e0                H_fault_Handler
                0x080002e0                Default_Handler
                0x080002e0                Bus_fault_Handler
                0x080002ec                Reset_Handler
 *(.rodata*)
                0x080003a0                . = ALIGN (0x4)
                0x080003a0                _E_TEXT = .

.glue_7         0x080003a0        0x0
 .glue_7        0x00000000        0x0 linker stubs

.glue_7t        0x080003a0        0x0
 .glue_7t       0x00000000        0x0 linker stubs

.vfp11_veneer   0x080003a0        0x0
 .vfp11_veneer  0x00000000        0x0 linker stubs

.v4_bx          0x080003a0        0x0
 .v4_bx         0x00000000        0x0 linker stubs

.iplt           0x080003a0        0x0
 .iplt          0x00000000        0x0 alarm.o

.rel.dyn        0x080003a0        0x0
 .rel.iplt      0x00000000        0x0 alarm.o

.data           0x20000000        0x0 load address 0x080003a0
                0x20000000                _S_DATA = .
 *(.data*)
 .data          0x20000000        0x0 alarm.o
 .data          0x20000000        0x0 control.o
 .data          0x20000000        0x0 driver.o
 .data          0x20000000        0x0 main.o
 .data          0x20000000        0x0 Psensor.o
 .data          0x20000000        0x0 startup.o
                0x20000000                . = ALIGN (0x4)
                0x20000000                _E_DATA = .

.igot.plt       0x20000000        0x0 load address 0x080003a0
 .igot.plt      0x00000000        0x0 alarm.o

.bss            0x20000000     0x2018 load address 0x080003a0
                0x20000000                _S_BSS = .
 *(.bss*)
 .bss           0x20000000        0x0 alarm.o
 .bss           0x20000000        0x0 control.o
 .bss           0x20000000        0x0 driver.o
 .bss           0x20000000        0x0 main.o
 .bss           0x20000000        0x0 Psensor.o
 .bss           0x20000000        0x0 startup.o
                0x20000000                . = ALIGN (0x4)
                0x20000000                _E_BSS = .
                0x20000000                . = ALIGN (0x4)
                0x20002000                . = (. + 0x2000)
 *fill*         0x20000000     0x2000 
                0x20002000                _STACK_TOP = .
 COMMON         0x20002000        0x8 alarm.o
                0x20002000                Alarm_State_ID
                0x20002004                pAlarmState
 COMMON         0x20002008        0x8 control.o
                0x20002008                Controller_State_ID
                0x2000200c                pcontroller_state
 COMMON         0x20002010        0x8 Psensor.o
                0x20002010                pressure_val
                0x20002011                pSensorState_ID
                0x20002014                ppSensor_state
LOAD alarm.o
LOAD control.o
LOAD driver.o
LOAD main.o
LOAD Psensor.o
LOAD startup.o
OUTPUT(Pressure_Control_system.elf elf32-littlearm)

.debug_info     0x00000000      0x6c7
 .debug_info    0x00000000      0x127 alarm.o
 .debug_info    0x00000127      0x13e control.o
 .debug_info    0x00000265      0x103 driver.o
 .debug_info    0x00000368       0xf2 main.o
 .debug_info    0x0000045a       0xf7 Psensor.o
 .debug_info    0x00000551      0x176 startup.o

.debug_abbrev   0x00000000      0x3d5
 .debug_abbrev  0x00000000       0xb2 alarm.o
 .debug_abbrev  0x000000b2       0xb2 control.o
 .debug_abbrev  0x00000164       0x9d driver.o
 .debug_abbrev  0x00000201       0x96 main.o
 .debug_abbrev  0x00000297       0x89 Psensor.o
 .debug_abbrev  0x00000320       0xb5 startup.o

.debug_loc      0x00000000      0x2d0
 .debug_loc     0x00000000       0x90 alarm.o
 .debug_loc     0x00000090       0x90 control.o
 .debug_loc     0x00000120       0xc8 driver.o
 .debug_loc     0x000001e8       0x58 main.o
 .debug_loc     0x00000240       0x2c Psensor.o
 .debug_loc     0x0000026c       0x64 startup.o

.debug_aranges  0x00000000       0xc0
 .debug_aranges
                0x00000000       0x20 alarm.o
 .debug_aranges
                0x00000020       0x20 control.o
 .debug_aranges
                0x00000040       0x20 driver.o
 .debug_aranges
                0x00000060       0x20 main.o
 .debug_aranges
                0x00000080       0x20 Psensor.o
 .debug_aranges
                0x000000a0       0x20 startup.o

.debug_line     0x00000000      0x398
 .debug_line    0x00000000       0x9e alarm.o
 .debug_line    0x0000009e       0xac control.o
 .debug_line    0x0000014a       0x99 driver.o
 .debug_line    0x000001e3       0x77 main.o
 .debug_line    0x0000025a       0x90 Psensor.o
 .debug_line    0x000002ea       0xae startup.o

.debug_str      0x00000000      0x2de
 .debug_str     0x00000000      0x12a alarm.o
                                0x176 (size before relaxing)
 .debug_str     0x0000012a       0x70 control.o
                                0x1a5 (size before relaxing)
 .debug_str     0x0000019a       0x55 driver.o
                                0x15d (size before relaxing)
 .debug_str     0x000001ef       0x28 main.o
                                0x161 (size before relaxing)
 .debug_str     0x00000217       0x41 Psensor.o
                                0x168 (size before relaxing)
 .debug_str     0x00000258       0x86 startup.o
                                0x19a (size before relaxing)

.comment        0x00000000       0x11
 .comment       0x00000000       0x11 alarm.o
                                 0x12 (size before relaxing)
 .comment       0x00000000       0x12 control.o
 .comment       0x00000000       0x12 driver.o
 .comment       0x00000000       0x12 main.o
 .comment       0x00000000       0x12 Psensor.o
 .comment       0x00000000       0x12 startup.o

.ARM.attributes
                0x00000000       0x33
 .ARM.attributes
                0x00000000       0x33 alarm.o
 .ARM.attributes
                0x00000033       0x33 control.o
 .ARM.attributes
                0x00000066       0x33 driver.o
 .ARM.attributes
                0x00000099       0x33 main.o
 .ARM.attributes
                0x000000cc       0x33 Psensor.o
 .ARM.attributes
                0x000000ff       0x33 startup.o

.debug_frame    0x00000000      0x200
 .debug_frame   0x00000000       0x64 alarm.o
 .debug_frame   0x00000064       0x64 control.o
 .debug_frame   0x000000c8       0x78 driver.o
 .debug_frame   0x00000140       0x48 main.o
 .debug_frame   0x00000188       0x2c Psensor.o
 .debug_frame   0x000001b4       0x4c startup.o
