
Allocating common symbols
Common symbol       size              file

G_un_ARRAY          0xa               main.o

Memory Configuration

Name             Origin             Length             Attributes
flash            0x08000000         0x00020000         xr
sram             0x20000000         0x00005000         xrw
*default*        0x00000000         0xffffffff

Linker script and memory map


.text           0x08000000      0x17c
 *(.vectors*)
 .vectors       0x08000000       0x18 startup.o
                0x08000000                vectors
 *(.text*)
 .text          0x08000018       0xa4 main.o
                0x08000018                main
 .text          0x080000bc       0xc0 startup.o
                0x080000bc                MM_fault_Handler
                0x080000bc                Usage_fault_Handler
                0x080000bc                H_fault_Handler
                0x080000bc                Default_Handler
                0x080000bc                Bus_fault_Handler
                0x080000c8                Reset_Handler
 *(.rodata*)
                0x0800017c                _E_TEXT = .

.glue_7         0x0800017c        0x0
 .glue_7        0x00000000        0x0 linker stubs

.glue_7t        0x0800017c        0x0
 .glue_7t       0x00000000        0x0 linker stubs

.vfp11_veneer   0x0800017c        0x0
 .vfp11_veneer  0x00000000        0x0 linker stubs

.v4_bx          0x0800017c        0x0
 .v4_bx         0x00000000        0x0 linker stubs

.iplt           0x0800017c        0x0
 .iplt          0x00000000        0x0 main.o

.rel.dyn        0x0800017c        0x0
 .rel.iplt      0x00000000        0x0 main.o

.data           0x20000000       0x18 load address 0x0800017c
                0x20000000                _S_DATA = .
 *(.data*)
 .data          0x20000000       0x18 main.o
                0x20000000                G_ARRAY
                0x2000000c                G_con_ARRAY
 .data          0x20000018        0x0 startup.o
                0x20000018                . = ALIGN (0x4)
                0x20000018                _E_DATA = .

.igot.plt       0x20000018        0x0 load address 0x08000194
 .igot.plt      0x00000000        0x0 main.o

.bss            0x20000018     0x100a load address 0x08000194
                0x20000018                _S_BSS = .
 *(.bss*)
 .bss           0x20000018        0x0 main.o
 .bss           0x20000018        0x0 startup.o
                0x20000018                . = ALIGN (0x4)
                0x20000018                _E_BSS = .
                0x20000018                . = ALIGN (0x4)
                0x20001018                . = (. + 0x1000)
 *fill*         0x20000018     0x1000 
                0x20001018                _STACK_TOP = .
 COMMON         0x20001018        0xa main.o
                0x20001018                G_un_ARRAY
LOAD main.o
LOAD startup.o
OUTPUT(Embedded_C_Lesson_3_Lab_2.elf elf32-littlearm)

.debug_info     0x00000000      0x31c
 .debug_info    0x00000000      0x1a6 main.o
 .debug_info    0x000001a6      0x176 startup.o

.debug_abbrev   0x00000000      0x1b2
 .debug_abbrev  0x00000000       0xfd main.o
 .debug_abbrev  0x000000fd       0xb5 startup.o

.debug_loc      0x00000000       0x9c
 .debug_loc     0x00000000       0x38 main.o
 .debug_loc     0x00000038       0x64 startup.o

.debug_aranges  0x00000000       0x40
 .debug_aranges
                0x00000000       0x20 main.o
 .debug_aranges
                0x00000020       0x20 startup.o

.debug_line     0x00000000      0x14a
 .debug_line    0x00000000       0x9c main.o
 .debug_line    0x0000009c       0xae startup.o

.debug_str      0x00000000      0x1aa
 .debug_str     0x00000000      0x124 main.o
                                0x161 (size before relaxing)
 .debug_str     0x00000124       0x86 startup.o
                                0x190 (size before relaxing)

.comment        0x00000000       0x11
 .comment       0x00000000       0x11 main.o
                                 0x12 (size before relaxing)
 .comment       0x00000000       0x12 startup.o

.ARM.attributes
                0x00000000       0x33
 .ARM.attributes
                0x00000000       0x33 main.o
 .ARM.attributes
                0x00000033       0x33 startup.o

.debug_frame    0x00000000       0x78
 .debug_frame   0x00000000       0x2c main.o
 .debug_frame   0x0000002c       0x4c startup.o
