Archive member included to satisfy reference by file (symbol)

c:/st/stm32cubeide_1.10.1/stm32cubeide/plugins/com.st.stm32cube.ide.mcu.externaltools.gnu-tools-for-stm32.10.3-2021.10.win32_1.0.0.202111181127/tools/bin/../lib/gcc/arm-none-eabi/10.3.1/../../../../arm-none-eabi/lib/thumb/v7-m/nofp\libc_nano.a(lib_a-errno.o)
                              ./Src/syscalls.o (__errno)
c:/st/stm32cubeide_1.10.1/stm32cubeide/plugins/com.st.stm32cube.ide.mcu.externaltools.gnu-tools-for-stm32.10.3-2021.10.win32_1.0.0.202111181127/tools/bin/../lib/gcc/arm-none-eabi/10.3.1/../../../../arm-none-eabi/lib/thumb/v7-m/nofp\libc_nano.a(lib_a-exit.o)
                              c:/st/stm32cubeide_1.10.1/stm32cubeide/plugins/com.st.stm32cube.ide.mcu.externaltools.gnu-tools-for-stm32.10.3-2021.10.win32_1.0.0.202111181127/tools/bin/../lib/gcc/arm-none-eabi/10.3.1/../../../../arm-none-eabi/lib/thumb/v7-m/nofp/crt0.o (exit)
c:/st/stm32cubeide_1.10.1/stm32cubeide/plugins/com.st.stm32cube.ide.mcu.externaltools.gnu-tools-for-stm32.10.3-2021.10.win32_1.0.0.202111181127/tools/bin/../lib/gcc/arm-none-eabi/10.3.1/../../../../arm-none-eabi/lib/thumb/v7-m/nofp\libc_nano.a(lib_a-impure.o)
                              c:/st/stm32cubeide_1.10.1/stm32cubeide/plugins/com.st.stm32cube.ide.mcu.externaltools.gnu-tools-for-stm32.10.3-2021.10.win32_1.0.0.202111181127/tools/bin/../lib/gcc/arm-none-eabi/10.3.1/../../../../arm-none-eabi/lib/thumb/v7-m/nofp\libc_nano.a(lib_a-exit.o) (_global_impure_ptr)
c:/st/stm32cubeide_1.10.1/stm32cubeide/plugins/com.st.stm32cube.ide.mcu.externaltools.gnu-tools-for-stm32.10.3-2021.10.win32_1.0.0.202111181127/tools/bin/../lib/gcc/arm-none-eabi/10.3.1/../../../../arm-none-eabi/lib/thumb/v7-m/nofp\libc_nano.a(lib_a-init.o)
                              c:/st/stm32cubeide_1.10.1/stm32cubeide/plugins/com.st.stm32cube.ide.mcu.externaltools.gnu-tools-for-stm32.10.3-2021.10.win32_1.0.0.202111181127/tools/bin/../lib/gcc/arm-none-eabi/10.3.1/../../../../arm-none-eabi/lib/thumb/v7-m/nofp/crt0.o (__libc_init_array)
c:/st/stm32cubeide_1.10.1/stm32cubeide/plugins/com.st.stm32cube.ide.mcu.externaltools.gnu-tools-for-stm32.10.3-2021.10.win32_1.0.0.202111181127/tools/bin/../lib/gcc/arm-none-eabi/10.3.1/../../../../arm-none-eabi/lib/thumb/v7-m/nofp\libc_nano.a(lib_a-memset.o)
                              c:/st/stm32cubeide_1.10.1/stm32cubeide/plugins/com.st.stm32cube.ide.mcu.externaltools.gnu-tools-for-stm32.10.3-2021.10.win32_1.0.0.202111181127/tools/bin/../lib/gcc/arm-none-eabi/10.3.1/../../../../arm-none-eabi/lib/thumb/v7-m/nofp/crt0.o (memset)
c:/st/stm32cubeide_1.10.1/stm32cubeide/plugins/com.st.stm32cube.ide.mcu.externaltools.gnu-tools-for-stm32.10.3-2021.10.win32_1.0.0.202111181127/tools/bin/../lib/gcc/arm-none-eabi/10.3.1/../../../../arm-none-eabi/lib/thumb/v7-m/nofp\libc_nano.a(lib_a-sprintf.o)
                              ./Drivers/HAL/LCD/Src/LCD.o (sprintf)
c:/st/stm32cubeide_1.10.1/stm32cubeide/plugins/com.st.stm32cube.ide.mcu.externaltools.gnu-tools-for-stm32.10.3-2021.10.win32_1.0.0.202111181127/tools/bin/../lib/gcc/arm-none-eabi/10.3.1/../../../../arm-none-eabi/lib/thumb/v7-m/nofp\libc_nano.a(lib_a-nano-svfprintf.o)
                              c:/st/stm32cubeide_1.10.1/stm32cubeide/plugins/com.st.stm32cube.ide.mcu.externaltools.gnu-tools-for-stm32.10.3-2021.10.win32_1.0.0.202111181127/tools/bin/../lib/gcc/arm-none-eabi/10.3.1/../../../../arm-none-eabi/lib/thumb/v7-m/nofp\libc_nano.a(lib_a-sprintf.o) (_svfprintf_r)
c:/st/stm32cubeide_1.10.1/stm32cubeide/plugins/com.st.stm32cube.ide.mcu.externaltools.gnu-tools-for-stm32.10.3-2021.10.win32_1.0.0.202111181127/tools/bin/../lib/gcc/arm-none-eabi/10.3.1/../../../../arm-none-eabi/lib/thumb/v7-m/nofp\libc_nano.a(lib_a-nano-vfprintf_i.o)
                              c:/st/stm32cubeide_1.10.1/stm32cubeide/plugins/com.st.stm32cube.ide.mcu.externaltools.gnu-tools-for-stm32.10.3-2021.10.win32_1.0.0.202111181127/tools/bin/../lib/gcc/arm-none-eabi/10.3.1/../../../../arm-none-eabi/lib/thumb/v7-m/nofp\libc_nano.a(lib_a-nano-svfprintf.o) (_printf_i)
c:/st/stm32cubeide_1.10.1/stm32cubeide/plugins/com.st.stm32cube.ide.mcu.externaltools.gnu-tools-for-stm32.10.3-2021.10.win32_1.0.0.202111181127/tools/bin/../lib/gcc/arm-none-eabi/10.3.1/../../../../arm-none-eabi/lib/thumb/v7-m/nofp\libc_nano.a(lib_a-memchr-stub.o)
                              c:/st/stm32cubeide_1.10.1/stm32cubeide/plugins/com.st.stm32cube.ide.mcu.externaltools.gnu-tools-for-stm32.10.3-2021.10.win32_1.0.0.202111181127/tools/bin/../lib/gcc/arm-none-eabi/10.3.1/../../../../arm-none-eabi/lib/thumb/v7-m/nofp\libc_nano.a(lib_a-nano-svfprintf.o) (memchr)
c:/st/stm32cubeide_1.10.1/stm32cubeide/plugins/com.st.stm32cube.ide.mcu.externaltools.gnu-tools-for-stm32.10.3-2021.10.win32_1.0.0.202111181127/tools/bin/../lib/gcc/arm-none-eabi/10.3.1/../../../../arm-none-eabi/lib/thumb/v7-m/nofp\libc_nano.a(lib_a-memcpy-stub.o)
[...]
Memory Configuration

Name             Origin             Length             Attributes
RAM              0x0000000020000000 0x0000000000002800 xrw
FLASH            0x0000000008000000 0x0000000000008000 xr
*default*        0x0000000000000000 0xffffffffffffffff

Linker script and memory map

LOAD c:/st/stm32cubeide_1.10.1/stm32cubeide/plugins/com.st.stm32cube.ide.mcu.externaltools.gnu-tools-for-stm32.10.3-2021.10.win32_1.0.0.202111181127/tools/bin/../lib/gcc/arm-none-eabi/10.3.1/thumb/v7-m/nofp/crti.o
LOAD c:/st/stm32cubeide_1.10.1/stm32cubeide/plugins/com.st.stm32cube.ide.mcu.externaltools.gnu-tools-for-stm32.10.3-2021.10.win32_1.0.0.202111181127/tools/bin/../lib/gcc/arm-none-eabi/10.3.1/thumb/v7-m/nofp/crtbegin.o
LOAD c:/st/stm32cubeide_1.10.1/stm32cubeide/plugins/com.st.stm32cube.ide.mcu.externaltools.gnu-tools-for-stm32.10.3-2021.10.win32_1.0.0.202111181127/tools/bin/../lib/gcc/arm-none-eabi/10.3.1/../../../../arm-none-eabi/lib/thumb/v7-m/nofp/crt0.o
LOAD ./Drivers/HAL/EEPROM/Src/EEPROM.o
LOAD ./Drivers/HAL/KeyPad/Src/KeyPad.o
LOAD ./Drivers/HAL/LCD/Src/LCD.o
LOAD ./Drivers/MCAL/EXTI/Src/STM32F103_EXTI.o
LOAD ./Drivers/MCAL/GPIO/Src/STM32F103_GPIO.o
LOAD ./Drivers/MCAL/I2C/Src/STM32F103_I2C.o
LOAD ./Drivers/MCAL/RCC/Src/RCC.o
LOAD ./Drivers/MCAL/SPI/Src/STM32F103_SPI.o
LOAD ./Drivers/MCAL/UART/Src/UART.o
LOAD ./Src/main.o
LOAD ./Src/syscalls.o
LOAD ./Src/sysmem.o
LOAD ./Startup/startup_stm32f103c6tx.o
START GROUP
LOAD c:/st/stm32cubeide_1.10.1/stm32cubeide/plugins/com.st.stm32cube.ide.mcu.externaltools.gnu-tools-for-stm32.10.3-2021.10.win32_1.0.0.202111181127/tools/bin/../lib/gcc/arm-none-eabi/10.3.1/../../../../arm-none-eabi/lib/thumb/v7-m/nofp\libc_nano.a
LOAD c:/st/stm32cubeide_1.10.1/stm32cubeide/plugins/com.st.stm32cube.ide.mcu.externaltools.gnu-tools-for-stm32.10.3-2021.10.win32_1.0.0.202111181127/tools/bin/../lib/gcc/arm-none-eabi/10.3.1/../../../../arm-none-eabi/lib/thumb/v7-m/nofp\libm.a
END GROUP
START GROUP
LOAD c:/st/stm32cubeide_1.10.1/stm32cubeide/plugins/com.st.stm32cube.ide.mcu.externaltools.gnu-tools-for-stm32.10.3-2021.10.win32_1.0.0.202111181127/tools/bin/../lib/gcc/arm-none-eabi/10.3.1/thumb/v7-m/nofp\libgcc.a
LOAD c:/st/stm32cubeide_1.10.1/stm32cubeide/plugins/com.st.stm32cube.ide.mcu.externaltools.gnu-tools-for-stm32.10.3-2021.10.win32_1.0.0.202111181127/tools/bin/../lib/gcc/arm-none-eabi/10.3.1/../../../../arm-none-eabi/lib/thumb/v7-m/nofp\libg_nano.a
LOAD c:/st/stm32cubeide_1.10.1/stm32cubeide/plugins/com.st.stm32cube.ide.mcu.externaltools.gnu-tools-for-stm32.10.3-2021.10.win32_1.0.0.202111181127/tools/bin/../lib/gcc/arm-none-eabi/10.3.1/../../../../arm-none-eabi/lib/thumb/v7-m/nofp\libc_nano.a
END GROUP
START GROUP
LOAD c:/st/stm32cubeide_1.10.1/stm32cubeide/plugins/com.st.stm32cube.ide.mcu.externaltools.gnu-tools-for-stm32.10.3-2021.10.win32_1.0.0.202111181127/tools/bin/../lib/gcc/arm-none-eabi/10.3.1/thumb/v7-m/nofp\libgcc.a
LOAD c:/st/stm32cubeide_1.10.1/stm32cubeide/plugins/com.st.stm32cube.ide.mcu.externaltools.gnu-tools-for-stm32.10.3-2021.10.win32_1.0.0.202111181127/tools/bin/../lib/gcc/arm-none-eabi/10.3.1/../../../../arm-none-eabi/lib/thumb/v7-m/nofp\libc_nano.a
LOAD c:/st/stm32cubeide_1.10.1/stm32cubeide/plugins/com.st.stm32cube.ide.mcu.externaltools.gnu-tools-for-stm32.10.3-2021.10.win32_1.0.0.202111181127/tools/bin/../lib/gcc/arm-none-eabi/10.3.1/../../../../arm-none-eabi/lib/thumb/v7-m/nofp\libnosys.a
END GROUP
START GROUP
LOAD c:/st/stm32cubeide_1.10.1/stm32cubeide/plugins/com.st.stm32cube.ide.mcu.externaltools.gnu-tools-for-stm32.10.3-2021.10.win32_1.0.0.202111181127/tools/bin/../lib/gcc/arm-none-eabi/10.3.1/thumb/v7-m/nofp\libgcc.a
LOAD c:/st/stm32cubeide_1.10.1/stm32cubeide/plugins/com.st.stm32cube.ide.mcu.externaltools.gnu-tools-for-stm32.10.3-2021.10.win32_1.0.0.202111181127/tools/bin/../lib/gcc/arm-none-eabi/10.3.1/../../../../arm-none-eabi/lib/thumb/v7-m/nofp\libc_nano.a
LOAD c:/st/stm32cubeide_1.10.1/stm32cubeide/plugins/com.st.stm32cube.ide.mcu.externaltools.gnu-tools-for-stm32.10.3-2021.10.win32_1.0.0.202111181127/tools/bin/../lib/gcc/arm-none-eabi/10.3.1/../../../../arm-none-eabi/lib/thumb/v7-m/nofp\libnosys.a
END GROUP
LOAD c:/st/stm32cubeide_1.10.1/stm32cubeide/plugins/com.st.stm32cube.ide.mcu.externaltools.gnu-tools-for-stm32.10.3-2021.10.win32_1.0.0.202111181127/tools/bin/../lib/gcc/arm-none-eabi/10.3.1/thumb/v7-m/nofp/crtend.o
LOAD c:/st/stm32cubeide_1.10.1/stm32cubeide/plugins/com.st.stm32cube.ide.mcu.externaltools.gnu-tools-for-stm32.10.3-2021.10.win32_1.0.0.202111181127/tools/bin/../lib/gcc/arm-none-eabi/10.3.1/thumb/v7-m/nofp/crtn.o
                0x0000000020002800                _estack = (ORIGIN (RAM) + LENGTH (RAM))
                0x0000000000000200                _Min_Heap_Size = 0x200
                0x0000000000000400                _Min_Stack_Size = 0x400

.isr_vector     0x0000000008000000      0x130
                0x0000000008000000                . = ALIGN (0x4)
 *(.isr_vector)
 .isr_vector    0x0000000008000000      0x130 ./Startup/startup_stm32f103c6tx.o
                0x0000000008000000                g_pfnVectors
                0x0000000008000130                . = ALIGN (0x4)

.text           0x0000000008000130     0x10c4
                0x0000000008000130                . = ALIGN (0x4)
 *(.text)
 .text          0x0000000008000130       0x40 c:/st/stm32cubeide_1.10.1/stm32cubeide/plugins/com.st.stm32cube.ide.mcu.externaltools.gnu-tools-for-stm32.10.3-2021.10.win32_1.0.0.202111181127/tools/bin/../lib/gcc/arm-none-eabi/10.3.1/thumb/v7-m/nofp/crtbegin.o
 *(.text*)
 .text.HAL_EEPROM_Init
                0x0000000008000170       0x44 ./Drivers/HAL/EEPROM/Src/EEPROM.o
                0x0000000008000170                HAL_EEPROM_Init
 .text.HAL_EEPROM_Write_NBytes
                0x00000000080001b4       0xd8 ./Drivers/HAL/EEPROM/Src/EEPROM.o
                0x00000000080001b4                HAL_EEPROM_Write_NBytes
 .text.HAL_EEPROM_Read_NBytes
                0x000000000800028c       0x54 ./Drivers/HAL/EEPROM/Src/EEPROM.o
                0x000000000800028c                HAL_EEPROM_Read_NBytes
 .text.EXTI0_IRQHandler
                0x00000000080002e0       0x24 ./Drivers/MCAL/EXTI/Src/STM32F103_EXTI.o
                0x00000000080002e0                EXTI0_IRQHandler
 .text.EXTI1_IRQHandler
                0x0000000008000304       0x24 ./Drivers/MCAL/EXTI/Src/STM32F103_EXTI.o
                0x0000000008000304                EXTI1_IRQHandler
 .text.EXTI2_IRQHandler
                0x0000000008000328       0x24 ./Drivers/MCAL/EXTI/Src/STM32F103_EXTI.o
                0x0000000008000328                EXTI2_IRQHandler
 .text.EXTI3_IRQHandler
                0x000000000800034c       0x24 ./Drivers/MCAL/EXTI/Src/STM32F103_EXTI.o
                0x000000000800034c                EXTI3_IRQHandler
 .text.EXTI4_IRQHandler
                0x0000000008000370       0x24 ./Drivers/MCAL/EXTI/Src/STM32F103_EXTI.o
                0x0000000008000370                EXTI4_IRQHandler
 .text.EXTI9_5_IRQHandler
                0x0000000008000394       0xa8 ./Drivers/MCAL/EXTI/Src/STM32F103_EXTI.o
                0x0000000008000394                EXTI9_5_IRQHandler
 .text.Get_CRx_Position
                0x000000000800043c      0x168 ./Drivers/MCAL/GPIO/Src/STM32F103_GPIO.o
                0x000000000800043c                Get_CRx_Position
 .text.MCAL_GPIO_Init
                0x00000000080005a4      0x148 ./Drivers/MCAL/GPIO/Src/STM32F103_GPIO.o
                0x00000000080005a4                MCAL_GPIO_Init
 .text.MCAL_I2C_Init
                0x00000000080006ec      0x230 ./Drivers/MCAL/I2C/Src/STM32F103_I2C.o
                0x00000000080006ec                MCAL_I2C_Init
 .text.MCAL_I2C_GPIO_Set_Pins
                0x000000000800091c       0x94 ./Drivers/MCAL/I2C/Src/STM32F103_I2C.o
                0x000000000800091c                MCAL_I2C_GPIO_Set_Pins
 .text.MCAL_I2C_MASTER_TX
                0x00000000080009b0       0xb0 ./Drivers/MCAL/I2C/Src/STM32F103_I2C.o
                0x00000000080009b0                MCAL_I2C_MASTER_TX
 .text.MCAL_I2C_MASTER_RX
                0x0000000008000a60      0x110 ./Drivers/MCAL/I2C/Src/STM32F103_I2C.o
                0x0000000008000a60                MCAL_I2C_MASTER_RX
 .text.I2C_Get_FlagStatus
                0x0000000008000b70      0x104 ./Drivers/MCAL/I2C/Src/STM32F103_I2C.o
                0x0000000008000b70                I2C_Get_FlagStatus
 .text.I2C_Generate_Start
                0x0000000008000c74       0x4e ./Drivers/MCAL/I2C/Src/STM32F103_I2C.o
                0x0000000008000c74                I2C_Generate_Start
 .text.I2C_Send_Address
                0x0000000008000cc2       0x40 ./Drivers/MCAL/I2C/Src/STM32F103_I2C.o
                0x0000000008000cc2                I2C_Send_Address
 .text.I2C_Stop
                0x0000000008000d02       0x36 ./Drivers/MCAL/I2C/Src/STM32F103_I2C.o
                0x0000000008000d02                I2C_Stop
 .text.I2C_ACKConfig
                0x0000000008000d38       0x36 ./Drivers/MCAL/I2C/Src/STM32F103_I2C.o
                0x0000000008000d38                I2C_ACKConfig
 *fill*         0x0000000008000d6e        0x2 
 .text.I2C1_EV_IRQHandler
                0x0000000008000d70       0xf4 ./Drivers/MCAL/I2C/Src/STM32F103_I2C.o
                0x0000000008000d70                I2C1_EV_IRQHandler
 .text.I2C1_ER_IRQHandler
                0x0000000008000e64        0xc ./Drivers/MCAL/I2C/Src/STM32F103_I2C.o
                0x0000000008000e64                I2C1_ER_IRQHandler
 .text.I2C2_EV_IRQHandler
                0x0000000008000e70        0xc ./Drivers/MCAL/I2C/Src/STM32F103_I2C.o
                0x0000000008000e70                I2C2_EV_IRQHandler
 .text.I2C2_ER_IRQHandler
                0x0000000008000e7c        0xc ./Drivers/MCAL/I2C/Src/STM32F103_I2C.o
                0x0000000008000e7c                I2C2_ER_IRQHandler
 .text.MCAL_RCC_GetFreq_PCLK1
                0x0000000008000e88       0x28 ./Drivers/MCAL/RCC/Src/RCC.o
                0x0000000008000e88                MCAL_RCC_GetFreq_PCLK1
 .text.MCAL_RCC_GetFreq_HCLK
                0x0000000008000eb0       0x28 ./Drivers/MCAL/RCC/Src/RCC.o
                0x0000000008000eb0                MCAL_RCC_GetFreq_HCLK
 .text.MCAL_RCC_GetFreq_SYSCLK
                0x0000000008000ed8       0x3c ./Drivers/MCAL/RCC/Src/RCC.o
                0x0000000008000ed8                MCAL_RCC_GetFreq_SYSCLK
 .text.SPI1_IRQHandler
                0x0000000008000f14       0x5c ./Drivers/MCAL/SPI/Src/STM32F103_SPI.o
                0x0000000008000f14                SPI1_IRQHandler
 .text.SPI2_IRQHandler
                0x0000000008000f70       0x5c ./Drivers/MCAL/SPI/Src/STM32F103_SPI.o
                0x0000000008000f70                SPI2_IRQHandler
 .text.USART1_IRQHandler
                0x0000000008000fcc       0x14 ./Drivers/MCAL/UART/Src/UART.o
                0x0000000008000fcc                USART1_IRQHandler
 .text.USART2_IRQHandler
                0x0000000008000fe0       0x14 ./Drivers/MCAL/UART/Src/UART.o
                0x0000000008000fe0                USART2_IRQHandler
 .text.USART3_IRQHandler
                0x0000000008000ff4       0x14 ./Drivers/MCAL/UART/Src/UART.o
                0x0000000008000ff4                USART3_IRQHandler
 .text.clk_init
                0x0000000008001008       0x40 ./Src/main.o
                0x0000000008001008                clk_init
 .text.main     0x0000000008001048       0xf8 ./Src/main.o
                0x0000000008001048                main
 .text.Reset_Handler
                0x0000000008001140       0x50 ./Startup/startup_stm32f103c6tx.o
                0x0000000008001140                Reset_Handler
 .text.Default_Handler
                0x0000000008001190        0x2 ./Startup/startup_stm32f103c6tx.o
                0x0000000008001190                TIM8_TRG_COM_IRQHandler
                0x0000000008001190                TIM8_CC_IRQHandler
                0x0000000008001190                DebugMon_Handler
                0x0000000008001190                TIM1_CC_IRQHandler
                0x0000000008001190                HardFault_Handler
                0x0000000008001190                TIM6_IRQHandler
                0x0000000008001190                SysTick_Handler
                0x0000000008001190                PVD_IRQHandler
                0x0000000008001190                SDIO_IRQHandler
                0x0000000008001190                PendSV_Handler
                0x0000000008001190                NMI_Handler
                0x0000000008001190                USB_HP_CAN_TX_IRQHandler
                0x0000000008001190                UsageFault_Handler
                0x0000000008001190                ADC1_2_IRQHandler
                0x0000000008001190                CAN_SCE_IRQHandler
                0x0000000008001190                TAMPER_IRQHandler
                0x0000000008001190                TIM8_UP_IRQHandler
                0x0000000008001190                DMA2_Channel2_IRQHandler
                0x0000000008001190                DMA1_Channel4_IRQHandler
                0x0000000008001190                RTC_IRQHandler
                0x0000000008001190                DMA1_Channel7_IRQHandler
                0x0000000008001190                UART5_IRQHandler
                0x0000000008001190                ADC3_IRQHandler
                0x0000000008001190                TIM4_IRQHandler
                0x0000000008001190                CAN_RX1_IRQHandler
                0x0000000008001190                DMA2_Channel1_IRQHandler
                0x0000000008001190                DMA1_Channel6_IRQHandler
                0x0000000008001190                UART4_IRQHandler
                0x0000000008001190                TIM3_IRQHandler
                0x0000000008001190                RCC_IRQHandler
                0x0000000008001190                TIM1_TRG_COM_IRQHandler
                0x0000000008001190                DMA1_Channel1_IRQHandler
                0x0000000008001190                Default_Handler
                0x0000000008001190                EXTI15_10_IRQHandler
                0x0000000008001190                TIM7_IRQHandler
                0x0000000008001190                TIM5_IRQHandler
                0x0000000008001190                USB_LP_CAN_RX0_IRQHandler
                0x0000000008001190                MemManage_Handler
                0x0000000008001190                SVC_Handler
                0x0000000008001190                DMA1_Channel5_IRQHandler
                0x0000000008001190                DMA1_Channel3_IRQHandler
                0x0000000008001190                FSMC_IRQHandler
                0x0000000008001190                TIM1_UP_IRQHandler
                0x0000000008001190                WWDG_IRQHandler
                0x0000000008001190                TIM2_IRQHandler
                0x0000000008001190                TIM1_BRK_IRQHandler
                0x0000000008001190                RTCAlarm_IRQHandler
                0x0000000008001190                DMA2_Channel4_5_IRQHandler
                0x0000000008001190                DMA1_Channel2_IRQHandler
                0x0000000008001190                TIM8_BRK_IRQHandler
                0x0000000008001190                FLASH_IRQHandler
                0x0000000008001190                BusFault_Handler
                0x0000000008001190                SPI3_IRQHandler
                0x0000000008001190                DMA2_Channel3_IRQHandler
 *fill*         0x0000000008001192        0x2 
 .text.__libc_init_array
                0x0000000008001194       0x48 c:/st/stm32cubeide_1.10.1/stm32cubeide/plugins/com.st.stm32cube.ide.mcu.externaltools.gnu-tools-for-stm32.10.3-2021.10.win32_1.0.0.202111181127/tools/bin/../lib/gcc/arm-none-eabi/10.3.1/../../../../arm-none-eabi/lib/thumb/v7-m/nofp\libc_nano.a(lib_a-init.o)
                0x0000000008001194                __libc_init_array
 *(.glue_7)
 .glue_7        0x00000000080011dc        0x0 linker stubs
 *(.glue_7t)
 .glue_7t       0x00000000080011dc        0x0 linker stubs
 *(.eh_frame)
 .eh_frame      0x00000000080011dc        0x0 c:/st/stm32cubeide_1.10.1/stm32cubeide/plugins/com.st.stm32cube.ide.mcu.externaltools.gnu-tools-for-stm32.10.3-2021.10.win32_1.0.0.202111181127/tools/bin/../lib/gcc/arm-none-eabi/10.3.1/thumb/v7-m/nofp/crtbegin.o
 *(.init)
 .init          0x00000000080011dc        0x4 c:/st/stm32cubeide_1.10.1/stm32cubeide/plugins/com.st.stm32cube.ide.mcu.externaltools.gnu-tools-for-stm32.10.3-2021.10.win32_1.0.0.202111181127/tools/bin/../lib/gcc/arm-none-eabi/10.3.1/thumb/v7-m/nofp/crti.o
                0x00000000080011dc                _init
 .init          0x00000000080011e0        0x8 c:/st/stm32cubeide_1.10.1/stm32cubeide/plugins/com.st.stm32cube.ide.mcu.externaltools.gnu-tools-for-stm32.10.3-2021.10.win32_1.0.0.202111181127/tools/bin/../lib/gcc/arm-none-eabi/10.3.1/thumb/v7-m/nofp/crtn.o
 *(.fini)
 .fini          0x00000000080011e8        0x4 c:/st/stm32cubeide_1.10.1/stm32cubeide/plugins/com.st.stm32cube.ide.mcu.externaltools.gnu-tools-for-stm32.10.3-2021.10.win32_1.0.0.202111181127/tools/bin/../lib/gcc/arm-none-eabi/10.3.1/thumb/v7-m/nofp/crti.o
                0x00000000080011e8                _fini
 .fini          0x00000000080011ec        0x8 c:/st/stm32cubeide_1.10.1/stm32cubeide/plugins/com.st.stm32cube.ide.mcu.externaltools.gnu-tools-for-stm32.10.3-2021.10.win32_1.0.0.202111181127/tools/bin/../lib/gcc/arm-none-eabi/10.3.1/thumb/v7-m/nofp/crtn.o
                0x00000000080011f4                . = ALIGN (0x4)
                0x00000000080011f4                _etext = .

.vfp11_veneer   0x00000000080011f4        0x0
 .vfp11_veneer  0x00000000080011f4        0x0 linker stubs

.v4_bx          0x00000000080011f4        0x0
 .v4_bx         0x00000000080011f4        0x0 linker stubs

.iplt           0x00000000080011f4        0x0
 .iplt          0x00000000080011f4        0x0 c:/st/stm32cubeide_1.10.1/stm32cubeide/plugins/com.st.stm32cube.ide.mcu.externaltools.gnu-tools-for-stm32.10.3-2021.10.win32_1.0.0.202111181127/tools/bin/../lib/gcc/arm-none-eabi/10.3.1/thumb/v7-m/nofp/crtbegin.o

.rodata         0x00000000080011f4        0x8
                0x00000000080011f4                . = ALIGN (0x4)
 *(.rodata)
 .rodata        0x00000000080011f4        0x7 ./Src/main.o
 *(.rodata*)
                0x00000000080011fc                . = ALIGN (0x4)
 *fill*         0x00000000080011fb        0x1 

.rel.dyn        0x00000000080011fc        0x0
 .rel.iplt      0x00000000080011fc        0x0 c:/st/stm32cubeide_1.10.1/stm32cubeide/plugins/com.st.stm32cube.ide.mcu.externaltools.gnu-tools-for-stm32.10.3-2021.10.win32_1.0.0.202111181127/tools/bin/../lib/gcc/arm-none-eabi/10.3.1/thumb/v7-m/nofp/crtbegin.o

.ARM.extab      0x00000000080011fc        0x0
                0x00000000080011fc                . = ALIGN (0x4)
 *(.ARM.extab* .gnu.linkonce.armextab.*)
                0x00000000080011fc                . = ALIGN (0x4)

.ARM            0x00000000080011fc        0x0
                0x00000000080011fc                . = ALIGN (0x4)
                0x00000000080011fc                __exidx_start = .
 *(.ARM.exidx*)
                0x00000000080011fc                __exidx_end = .
                0x00000000080011fc                . = ALIGN (0x4)

.preinit_array  0x00000000080011fc        0x0
                0x00000000080011fc                . = ALIGN (0x4)
                0x00000000080011fc                PROVIDE (__preinit_array_start = .)
 *(.preinit_array*)
                0x00000000080011fc                PROVIDE (__preinit_array_end = .)
                0x00000000080011fc                . = ALIGN (0x4)

.init_array     0x00000000080011fc        0x4
                0x00000000080011fc                . = ALIGN (0x4)
                0x00000000080011fc                PROVIDE (__init_array_start = .)
 *(SORT_BY_NAME(.init_array.*))
 *(.init_array*)
 .init_array    0x00000000080011fc        0x4 c:/st/stm32cubeide_1.10.1/stm32cubeide/plugins/com.st.stm32cube.ide.mcu.externaltools.gnu-tools-for-stm32.10.3-2021.10.win32_1.0.0.202111181127/tools/bin/../lib/gcc/arm-none-eabi/10.3.1/thumb/v7-m/nofp/crtbegin.o
                0x0000000008001200                PROVIDE (__init_array_end = .)
                0x0000000008001200                . = ALIGN (0x4)

.fini_array     0x0000000008001200        0x4
                0x0000000008001200                . = ALIGN (0x4)
                [!provide]                        PROVIDE (__fini_array_start = .)
 *(SORT_BY_NAME(.fini_array.*))
 *(.fini_array*)
 .fini_array    0x0000000008001200        0x4 c:/st/stm32cubeide_1.10.1/stm32cubeide/plugins/com.st.stm32cube.ide.mcu.externaltools.gnu-tools-for-stm32.10.3-2021.10.win32_1.0.0.202111181127/tools/bin/../lib/gcc/arm-none-eabi/10.3.1/thumb/v7-m/nofp/crtbegin.o
                [!provide]                        PROVIDE (__fini_array_end = .)
                0x0000000008001204                . = ALIGN (0x4)
                0x0000000008001204                _sidata = LOADADDR (.data)

.data           0x0000000020000000       0x18 load address 0x0000000008001204
                0x0000000020000000                . = ALIGN (0x4)
                0x0000000020000000                _sdata = .
 *(.data)
 *(.data*)
 .data.APB_preScalerTable
                0x0000000020000000        0x8 ./Drivers/MCAL/RCC/Src/RCC.o
 .data.AHB_preScalerTable
                0x0000000020000008       0x10 ./Drivers/MCAL/RCC/Src/RCC.o
 *(.RamFunc)
 *(.RamFunc*)
                0x0000000020000018                . = ALIGN (0x4)
                0x0000000020000018                _edata = .

.igot.plt       0x0000000020000018        0x0 load address 0x000000000800121c
 .igot.plt      0x0000000020000018        0x0 c:/st/stm32cubeide_1.10.1/stm32cubeide/plugins/com.st.stm32cube.ide.mcu.externaltools.gnu-tools-for-stm32.10.3-2021.10.win32_1.0.0.202111181127/tools/bin/../lib/gcc/arm-none-eabi/10.3.1/thumb/v7-m/nofp/crtbegin.o
                0x0000000020000018                . = ALIGN (0x4)

.bss            0x0000000020000018       0xb8 load address 0x000000000800121c
                0x0000000020000018                _sbss = .
                0x0000000020000018                __bss_start__ = _sbss
 *(.bss)
 .bss           0x0000000020000018       0x1c c:/st/stm32cubeide_1.10.1/stm32cubeide/plugins/com.st.stm32cube.ide.mcu.externaltools.gnu-tools-for-stm32.10.3-2021.10.win32_1.0.0.202111181127/tools/bin/../lib/gcc/arm-none-eabi/10.3.1/thumb/v7-m/nofp/crtbegin.o
 *(.bss*)
 .bss.CallBackHandler
                0x0000000020000034       0x40 ./Drivers/MCAL/EXTI/Src/STM32F103_EXTI.o
                0x0000000020000034                CallBackHandler
 .bss.G_I2C_Config
                0x0000000020000074       0x50 ./Drivers/MCAL/I2C/Src/STM32F103_I2C.o
                0x0000000020000074                G_I2C_Config
 .bss.Gptr_SPICnfig
                0x00000000200000c4        0x8 ./Drivers/MCAL/SPI/Src/STM32F103_SPI.o
 .bss.Gptr_UartCnfig
                0x00000000200000cc        0x4 ./Drivers/MCAL/UART/Src/UART.o
                0x00000000200000cc                Gptr_UartCnfig
 *(COMMON)
                0x00000000200000d0                . = ALIGN (0x4)
                0x00000000200000d0                _ebss = .
                0x00000000200000d0                __bss_end__ = _ebss

._user_heap_stack
                0x00000000200000d0      0x600 load address 0x000000000800121c
                0x00000000200000d0                . = ALIGN (0x8)
                [!provide]                        PROVIDE (end = .)
                0x00000000200000d0                PROVIDE (_end = .)
                0x00000000200002d0                . = (. + _Min_Heap_Size)
 *fill*         0x00000000200000d0      0x200 
                0x00000000200006d0                . = (. + _Min_Stack_Size)
 *fill*         0x00000000200002d0      0x400 
                0x00000000200006d0                . = ALIGN (0x8)

/DISCARD/
 libc.a(*)
 libm.a(*)
 libgcc.a(*)

.ARM.attributes
                0x0000000000000000       0x29
 *(.ARM.attributes)
 .ARM.attributes
                0x0000000000000000       0x1d c:/st/stm32cubeide_1.10.1/stm32cubeide/plugins/com.st.stm32cube.ide.mcu.externaltools.gnu-tools-for-stm32.10.3-2021.10.win32_1.0.0.202111181127/tools/bin/../lib/gcc/arm-none-eabi/10.3.1/thumb/v7-m/nofp/crti.o
 .ARM.attributes
                0x000000000000001d       0x2d c:/st/stm32cubeide_1.10.1/stm32cubeide/plugins/com.st.stm32cube.ide.mcu.externaltools.gnu-tools-for-stm32.10.3-2021.10.win32_1.0.0.202111181127/tools/bin/../lib/gcc/arm-none-eabi/10.3.1/thumb/v7-m/nofp/crtbegin.o
 .ARM.attributes
                0x000000000000004a       0x2d ./Drivers/HAL/EEPROM/Src/EEPROM.o
 .ARM.attributes
                0x0000000000000077       0x2d ./Drivers/MCAL/EXTI/Src/STM32F103_EXTI.o
 .ARM.attributes
                0x00000000000000a4       0x2d ./Drivers/MCAL/GPIO/Src/STM32F103_GPIO.o
 .ARM.attributes
                0x00000000000000d1       0x2d ./Drivers/MCAL/I2C/Src/STM32F103_I2C.o
 .ARM.attributes
                0x00000000000000fe       0x2d ./Drivers/MCAL/RCC/Src/RCC.o
 .ARM.attributes
                0x000000000000012b       0x2d ./Drivers/MCAL/SPI/Src/STM32F103_SPI.o
 .ARM.attributes
                0x0000000000000158       0x2d ./Drivers/MCAL/UART/Src/UART.o
 .ARM.attributes
                0x0000000000000185       0x2d ./Src/main.o
 .ARM.attributes
                0x00000000000001b2       0x21 ./Startup/startup_stm32f103c6tx.o
 .ARM.attributes
                0x00000000000001d3       0x2d c:/st/stm32cubeide_1.10.1/stm32cubeide/plugins/com.st.stm32cube.ide.mcu.externaltools.gnu-tools-for-stm32.10.3-2021.10.win32_1.0.0.202111181127/tools/bin/../lib/gcc/arm-none-eabi/10.3.1/../../../../arm-none-eabi/lib/thumb/v7-m/nofp\libc_nano.a(lib_a-init.o)
 .ARM.attributes
                0x0000000000000200       0x1d c:/st/stm32cubeide_1.10.1/stm32cubeide/plugins/com.st.stm32cube.ide.mcu.externaltools.gnu-tools-for-stm32.10.3-2021.10.win32_1.0.0.202111181127/tools/bin/../lib/gcc/arm-none-eabi/10.3.1/thumb/v7-m/nofp/crtn.o
OUTPUT(STM32_I2C_DRIVER.elf elf32-littlearm)
LOAD linker stubs
LOAD c:/st/stm32cubeide_1.10.1/stm32cubeide/plugins/com.st.stm32cube.ide.mcu.externaltools.gnu-tools-for-stm32.10.3-2021.10.win32_1.0.0.202111181127/tools/bin/../lib/gcc/arm-none-eabi/10.3.1/../../../../arm-none-eabi/lib/thumb/v7-m/nofp\libc.a
LOAD c:/st/stm32cubeide_1.10.1/stm32cubeide/plugins/com.st.stm32cube.ide.mcu.externaltools.gnu-tools-for-stm32.10.3-2021.10.win32_1.0.0.202111181127/tools/bin/../lib/gcc/arm-none-eabi/10.3.1/../../../../arm-none-eabi/lib/thumb/v7-m/nofp\libm.a
LOAD c:/st/stm32cubeide_1.10.1/stm32cubeide/plugins/com.st.stm32cube.ide.mcu.externaltools.gnu-tools-for-stm32.10.3-2021.10.win32_1.0.0.202111181127/tools/bin/../lib/gcc/arm-none-eabi/10.3.1/thumb/v7-m/nofp\libgcc.a

.debug_info     0x0000000000000000     0x2911
 .debug_info    0x0000000000000000      0x48b ./Drivers/HAL/EEPROM/Src/EEPROM.o
 .debug_info    0x000000000000048b      0x4e3 ./Drivers/MCAL/EXTI/Src/STM32F103_EXTI.o
 .debug_info    0x000000000000096e      0x4d2 ./Drivers/MCAL/GPIO/Src/STM32F103_GPIO.o
 .debug_info    0x0000000000000e40      0xa16 ./Drivers/MCAL/I2C/Src/STM32F103_I2C.o
 .debug_info    0x0000000000001856      0x212 ./Drivers/MCAL/RCC/Src/RCC.o
 .debug_info    0x0000000000001a68      0x686 ./Drivers/MCAL/SPI/Src/STM32F103_SPI.o
 .debug_info    0x00000000000020ee      0x5bb ./Drivers/MCAL/UART/Src/UART.o
 .debug_info    0x00000000000026a9      0x246 ./Src/main.o
 .debug_info    0x00000000000028ef       0x22 ./Startup/startup_stm32f103c6tx.o

.debug_abbrev   0x0000000000000000      0xbd9
 .debug_abbrev  0x0000000000000000      0x13d ./Drivers/HAL/EEPROM/Src/EEPROM.o
 .debug_abbrev  0x000000000000013d      0x19a ./Drivers/MCAL/EXTI/Src/STM32F103_EXTI.o
 .debug_abbrev  0x00000000000002d7      0x19a ./Drivers/MCAL/GPIO/Src/STM32F103_GPIO.o
 .debug_abbrev  0x0000000000000471      0x209 ./Drivers/MCAL/I2C/Src/STM32F103_I2C.o
 .debug_abbrev  0x000000000000067a       0xd1 ./Drivers/MCAL/RCC/Src/RCC.o
 .debug_abbrev  0x000000000000074b      0x1c3 ./Drivers/MCAL/SPI/Src/STM32F103_SPI.o
 .debug_abbrev  0x000000000000090e      0x1a5 ./Drivers/MCAL/UART/Src/UART.o
 .debug_abbrev  0x0000000000000ab3      0x114 ./Src/main.o
 .debug_abbrev  0x0000000000000bc7       0x12 ./Startup/startup_stm32f103c6tx.o

.debug_loc      0x0000000000000000     0x125a
 .debug_loc     0x0000000000000000       0xf2 ./Drivers/HAL/EEPROM/Src/EEPROM.o
 .debug_loc     0x00000000000000f2      0x280 ./Drivers/MCAL/EXTI/Src/STM32F103_EXTI.o
 .debug_loc     0x0000000000000372      0x330 ./Drivers/MCAL/GPIO/Src/STM32F103_GPIO.o
 .debug_loc     0x00000000000006a2      0x530 ./Drivers/MCAL/I2C/Src/STM32F103_I2C.o
 .debug_loc     0x0000000000000bd2       0xc8 ./Drivers/MCAL/RCC/Src/RCC.o
 .debug_loc     0x0000000000000c9a      0x2b0 ./Drivers/MCAL/SPI/Src/STM32F103_SPI.o
 .debug_loc     0x0000000000000f4a      0x294 ./Drivers/MCAL/UART/Src/UART.o
 .debug_loc     0x00000000000011de       0x7c ./Src/main.o

.debug_aranges  0x0000000000000000      0x2d8
 .debug_aranges
                0x0000000000000000       0x30 ./Drivers/HAL/EEPROM/Src/EEPROM.o
 .debug_aranges
                0x0000000000000030       0x70 ./Drivers/MCAL/EXTI/Src/STM32F103_EXTI.o
 .debug_aranges
                0x00000000000000a0       0x60 ./Drivers/MCAL/GPIO/Src/STM32F103_GPIO.o
 .debug_aranges
                0x0000000000000100       0x98 ./Drivers/MCAL/I2C/Src/STM32F103_I2C.o
 .debug_aranges
                0x0000000000000198       0x38 ./Drivers/MCAL/RCC/Src/RCC.o
 .debug_aranges
                0x00000000000001d0       0x58 ./Drivers/MCAL/SPI/Src/STM32F103_SPI.o
 .debug_aranges
                0x0000000000000228       0x60 ./Drivers/MCAL/UART/Src/UART.o
 .debug_aranges
                0x0000000000000288       0x28 ./Src/main.o
 .debug_aranges
                0x00000000000002b0       0x28 ./Startup/startup_stm32f103c6tx.o

.debug_ranges   0x0000000000000000      0x250
 .debug_ranges  0x0000000000000000       0x20 ./Drivers/HAL/EEPROM/Src/EEPROM.o
 .debug_ranges  0x0000000000000020       0x60 ./Drivers/MCAL/EXTI/Src/STM32F103_EXTI.o
 .debug_ranges  0x0000000000000080       0x50 ./Drivers/MCAL/GPIO/Src/STM32F103_GPIO.o
 .debug_ranges  0x00000000000000d0       0x88 ./Drivers/MCAL/I2C/Src/STM32F103_I2C.o
 .debug_ranges  0x0000000000000158       0x28 ./Drivers/MCAL/RCC/Src/RCC.o
 .debug_ranges  0x0000000000000180       0x48 ./Drivers/MCAL/SPI/Src/STM32F103_SPI.o
 .debug_ranges  0x00000000000001c8       0x50 ./Drivers/MCAL/UART/Src/UART.o
 .debug_ranges  0x0000000000000218       0x18 ./Src/main.o
 .debug_ranges  0x0000000000000230       0x20 ./Startup/startup_stm32f103c6tx.o

.debug_macro    0x0000000000000000     0x3435
 .debug_macro   0x0000000000000000      0x16e ./Drivers/HAL/EEPROM/Src/EEPROM.o
 .debug_macro   0x000000000000016e      0xa5a ./Drivers/HAL/EEPROM/Src/EEPROM.o
 .debug_macro   0x0000000000000bc8       0x18 ./Drivers/HAL/EEPROM/Src/EEPROM.o
 .debug_macro   0x0000000000000be0       0x22 ./Drivers/HAL/EEPROM/Src/EEPROM.o
 .debug_macro   0x0000000000000c02       0x4c ./Drivers/HAL/EEPROM/Src/EEPROM.o
 .debug_macro   0x0000000000000c4e       0x94 ./Drivers/HAL/EEPROM/Src/EEPROM.o
 .debug_macro   0x0000000000000ce2       0x3c ./Drivers/HAL/EEPROM/Src/EEPROM.o
 .debug_macro   0x0000000000000d1e       0x34 ./Drivers/HAL/EEPROM/Src/EEPROM.o
 .debug_macro   0x0000000000000d52       0x16 ./Drivers/HAL/EEPROM/Src/EEPROM.o
 .debug_macro   0x0000000000000d68      0x10e ./Drivers/HAL/EEPROM/Src/EEPROM.o
 .debug_macro   0x0000000000000e76       0x8d ./Drivers/HAL/EEPROM/Src/EEPROM.o
 .debug_macro   0x0000000000000f03       0x16 ./Drivers/HAL/EEPROM/Src/EEPROM.o
 .debug_macro   0x0000000000000f19       0x43 ./Drivers/HAL/EEPROM/Src/EEPROM.o
 .debug_macro   0x0000000000000f5c       0x57 ./Drivers/HAL/EEPROM/Src/EEPROM.o
 .debug_macro   0x0000000000000fb3       0x34 ./Drivers/HAL/EEPROM/Src/EEPROM.o
 .debug_macro   0x0000000000000fe7       0x10 ./Drivers/HAL/EEPROM/Src/EEPROM.o
 .debug_macro   0x0000000000000ff7       0x58 ./Drivers/HAL/EEPROM/Src/EEPROM.o
 .debug_macro   0x000000000000104f       0x71 ./Drivers/HAL/EEPROM/Src/EEPROM.o
 .debug_macro   0x00000000000010c0       0x1c ./Drivers/HAL/EEPROM/Src/EEPROM.o
 .debug_macro   0x00000000000010dc      0x12a ./Drivers/HAL/EEPROM/Src/EEPROM.o
 .debug_macro   0x0000000000001206      0x341 ./Drivers/HAL/EEPROM/Src/EEPROM.o
 .debug_macro   0x0000000000001547       0x16 ./Drivers/HAL/EEPROM/Src/EEPROM.o
 .debug_macro   0x000000000000155d       0x29 ./Drivers/HAL/EEPROM/Src/EEPROM.o
 .debug_macro   0x0000000000001586      0x103 ./Drivers/HAL/EEPROM/Src/EEPROM.o
 .debug_macro   0x0000000000001689       0x6a ./Drivers/HAL/EEPROM/Src/EEPROM.o
 .debug_macro   0x00000000000016f3      0x1df ./Drivers/HAL/EEPROM/Src/EEPROM.o
 .debug_macro   0x00000000000018d2      0x6bf ./Drivers/HAL/EEPROM/Src/EEPROM.o
 .debug_macro   0x0000000000001f91       0xca ./Drivers/HAL/EEPROM/Src/EEPROM.o
 .debug_macro   0x000000000000205b       0x1c ./Drivers/HAL/EEPROM/Src/EEPROM.o
 .debug_macro   0x0000000000002077       0x5f ./Drivers/HAL/EEPROM/Src/EEPROM.o
 .debug_macro   0x00000000000020d6      0x155 ./Drivers/MCAL/EXTI/Src/STM32F103_EXTI.o
 .debug_macro   0x000000000000222b      0x21b ./Drivers/MCAL/EXTI/Src/STM32F103_EXTI.o
 .debug_macro   0x0000000000002446      0x14c ./Drivers/MCAL/GPIO/Src/STM32F103_GPIO.o
 .debug_macro   0x0000000000002592      0x16a ./Drivers/MCAL/I2C/Src/STM32F103_I2C.o
 .debug_macro   0x00000000000026fc      0x14c ./Drivers/MCAL/RCC/Src/RCC.o
 .debug_macro   0x0000000000002848       0x16 ./Drivers/MCAL/RCC/Src/RCC.o
 .debug_macro   0x000000000000285e      0x1a6 ./Drivers/MCAL/SPI/Src/STM32F103_SPI.o
 .debug_macro   0x0000000000002a04       0xc3 ./Drivers/MCAL/SPI/Src/STM32F103_SPI.o
 .debug_macro   0x0000000000002ac7      0x15e ./Drivers/MCAL/UART/Src/UART.o
 .debug_macro   0x0000000000002c25       0xbe ./Drivers/MCAL/UART/Src/UART.o
 .debug_macro   0x0000000000002ce3      0x260 ./Src/main.o
 .debug_macro   0x0000000000002f43       0x8e ./Src/main.o
 .debug_macro   0x0000000000002fd1       0x51 ./Src/main.o
 .debug_macro   0x0000000000003022       0x52 ./Src/main.o
 .debug_macro   0x0000000000003074       0x46 ./Src/main.o
 .debug_macro   0x00000000000030ba       0x1c ./Src/main.o
 .debug_macro   0x00000000000030d6      0x221 ./Src/main.o
 .debug_macro   0x00000000000032f7       0xc9 ./Src/main.o
 .debug_macro   0x00000000000033c0       0x65 ./Src/main.o
 .debug_macro   0x0000000000003425       0x10 ./Src/main.o

.debug_line     0x0000000000000000     0x5065
 .debug_line    0x0000000000000000      0x88d ./Drivers/HAL/EEPROM/Src/EEPROM.o
 .debug_line    0x000000000000088d      0xa58 ./Drivers/MCAL/EXTI/Src/STM32F103_EXTI.o
 .debug_line    0x00000000000012e5      0x844 ./Drivers/MCAL/GPIO/Src/STM32F103_GPIO.o
 .debug_line    0x0000000000001b29      0xc89 ./Drivers/MCAL/I2C/Src/STM32F103_I2C.o
 .debug_line    0x00000000000027b2      0x699 ./Drivers/MCAL/RCC/Src/RCC.o
 .debug_line    0x0000000000002e4b      0xae1 ./Drivers/MCAL/SPI/Src/STM32F103_SPI.o
 .debug_line    0x000000000000392c      0xaa9 ./Drivers/MCAL/UART/Src/UART.o
 .debug_line    0x00000000000043d5      0xc0c ./Src/main.o
 .debug_line    0x0000000000004fe1       0x84 ./Startup/startup_stm32f103c6tx.o

.debug_str      0x0000000000000000     0xcc77
 .debug_str     0x0000000000000000     0x9724 ./Drivers/HAL/EEPROM/Src/EEPROM.o
                                       0x9948 (size before relaxing)
 .debug_str     0x0000000000009724     0x14b1 ./Drivers/MCAL/EXTI/Src/STM32F103_EXTI.o
                                       0xa8e8 (size before relaxing)
 .debug_str     0x000000000000abd5      0x143 ./Drivers/MCAL/GPIO/Src/STM32F103_GPIO.o
                                       0x95d1 (size before relaxing)
 .debug_str     0x000000000000ad18      0x250 ./Drivers/MCAL/I2C/Src/STM32F103_I2C.o
                                       0x9bbf (size before relaxing)
 .debug_str     0x000000000000af68       0x89 ./Drivers/MCAL/RCC/Src/RCC.o
                                       0x914d (size before relaxing)
 .debug_str     0x000000000000aff1      0x568 ./Drivers/MCAL/SPI/Src/STM32F103_SPI.o
                                       0x9a8b (size before relaxing)
 .debug_str     0x000000000000b559      0x426 ./Drivers/MCAL/UART/Src/UART.o
                                       0x99b8 (size before relaxing)
 .debug_str     0x000000000000b97f     0x1255 ./Src/main.o
                                       0xc15e (size before relaxing)
 .debug_str     0x000000000000cbd4       0xa3 ./Startup/startup_stm32f103c6tx.o

.comment        0x0000000000000000       0x50
 .comment       0x0000000000000000       0x50 ./Drivers/HAL/EEPROM/Src/EEPROM.o
                                         0x51 (size before relaxing)
 .comment       0x0000000000000050       0x51 ./Drivers/MCAL/EXTI/Src/STM32F103_EXTI.o
 .comment       0x0000000000000050       0x51 ./Drivers/MCAL/GPIO/Src/STM32F103_GPIO.o
 .comment       0x0000000000000050       0x51 ./Drivers/MCAL/I2C/Src/STM32F103_I2C.o
 .comment       0x0000000000000050       0x51 ./Drivers/MCAL/RCC/Src/RCC.o
 .comment       0x0000000000000050       0x51 ./Drivers/MCAL/SPI/Src/STM32F103_SPI.o
 .comment       0x0000000000000050       0x51 ./Drivers/MCAL/UART/Src/UART.o
 .comment       0x0000000000000050       0x51 ./Src/main.o

.debug_frame    0x0000000000000000      0x95c
 .debug_frame   0x0000000000000000       0x80 ./Drivers/HAL/EEPROM/Src/EEPROM.o
 .debug_frame   0x0000000000000080      0x168 ./Drivers/MCAL/EXTI/Src/STM32F103_EXTI.o
 .debug_frame   0x00000000000001e8      0x178 ./Drivers/MCAL/GPIO/Src/STM32F103_GPIO.o
 .debug_frame   0x0000000000000360      0x268 ./Drivers/MCAL/I2C/Src/STM32F103_I2C.o
 .debug_frame   0x00000000000005c8       0x84 ./Drivers/MCAL/RCC/Src/RCC.o
 .debug_frame   0x000000000000064c      0x148 ./Drivers/MCAL/SPI/Src/STM32F103_SPI.o
 .debug_frame   0x0000000000000794      0x14c ./Drivers/MCAL/UART/Src/UART.o
 .debug_frame   0x00000000000008e0       0x50 ./Src/main.o
 .debug_frame   0x0000000000000930       0x2c c:/st/stm32cubeide_1.10.1/stm32cubeide/plugins/com.st.stm32cube.ide.mcu.externaltools.gnu-tools-for-stm32.10.3-2021.10.win32_1.0.0.202111181127/tools/bin/../lib/gcc/arm-none-eabi/10.3.1/../../../../arm-none-eabi/lib/thumb/v7-m/nofp\libc_nano.a(lib_a-init.o)
