Archive member included because of file (symbol)

c:/winavr/bin/../lib/gcc/avr/4.3.3/avr5\libgcc.a(_mulsi3.o)
                              ./Lib/I2C/I2C.o (__mulsi3)
c:/winavr/bin/../lib/gcc/avr/4.3.3/avr5\libgcc.a(_udivmodsi4.o)
                              ./Lib/I2C/I2C.o (__udivmodsi4)
c:/winavr/bin/../lib/gcc/avr/4.3.3/avr5\libgcc.a(_exit.o)
                              c:/winavr/bin/../lib/gcc/avr/4.3.3/../../../../avr/lib/avr5/crtm32.o (exit)
c:/winavr/bin/../lib/gcc/avr/4.3.3/avr5\libgcc.a(_copy_data.o)
                              ./Lib/UART/UART.o (__do_copy_data)
c:/winavr/bin/../lib/gcc/avr/4.3.3/avr5\libgcc.a(_clear_bss.o)
                              ./Lib/UART/UART.o (__do_clear_bss)
c:/winavr/bin/../lib/gcc/avr/4.3.3/avr5\libgcc.a(_fixunssfsi.o)
                              ./Lib/LCD/LCD.o (__fixunssfsi)
c:/winavr/bin/../lib/gcc/avr/4.3.3/avr5\libgcc.a(_addsub_sf.o)
                              c:/winavr/bin/../lib/gcc/avr/4.3.3/avr5\libgcc.a(_fixunssfsi.o) (__subsf3)
c:/winavr/bin/../lib/gcc/avr/4.3.3/avr5\libgcc.a(_mul_sf.o)
                              ./Lib/LCD/LCD.o (__mulsf3)
c:/winavr/bin/../lib/gcc/avr/4.3.3/avr5\libgcc.a(_gt_sf.o)
                              ./Lib/LCD/LCD.o (__gtsf2)
c:/winavr/bin/../lib/gcc/avr/4.3.3/avr5\libgcc.a(_ge_sf.o)
                              c:/winavr/bin/../lib/gcc/avr/4.3.3/avr5\libgcc.a(_fixunssfsi.o) (__gesf2)
c:/winavr/bin/../lib/gcc/avr/4.3.3/avr5\libgcc.a(_lt_sf.o)
                              ./Lib/LCD/LCD.o (__ltsf2)
c:/winavr/bin/../lib/gcc/avr/4.3.3/avr5\libgcc.a(_sf_to_si.o)
                              c:/winavr/bin/../lib/gcc/avr/4.3.3/avr5\libgcc.a(_fixunssfsi.o) (__fixsfsi)
c:/winavr/bin/../lib/gcc/avr/4.3.3/avr5\libgcc.a(_thenan_sf.o)
                              c:/winavr/bin/../lib/gcc/avr/4.3.3/avr5\libgcc.a(_addsub_sf.o) (__thenan_sf)
c:/winavr/bin/../lib/gcc/avr/4.3.3/avr5\libgcc.a(_prologue.o)
                              c:/winavr/bin/../lib/gcc/avr/4.3.3/avr5\libgcc.a(_addsub_sf.o) (__prologue_saves__)
c:/winavr/bin/../lib/gcc/avr/4.3.3/avr5\libgcc.a(_epilogue.o)
                              c:/winavr/bin/../lib/gcc/avr/4.3.3/avr5\libgcc.a(_addsub_sf.o) (__epilogue_restores__)
c:/winavr/bin/../lib/gcc/avr/4.3.3/avr5\libgcc.a(_pack_sf.o)
                              c:/winavr/bin/../lib/gcc/avr/4.3.3/avr5\libgcc.a(_addsub_sf.o) (__pack_f)
c:/winavr/bin/../lib/gcc/avr/4.3.3/avr5\libgcc.a(_unpack_sf.o)
                              c:/winavr/bin/../lib/gcc/avr/4.3.3/avr5\libgcc.a(_addsub_sf.o) (__unpack_f)
c:/winavr/bin/../lib/gcc/avr/4.3.3/avr5\libgcc.a(_fpcmp_parts_sf.o)
                              c:/winavr/bin/../lib/gcc/avr/4.3.3/avr5\libgcc.a(_gt_sf.o) (__fpcmp_parts_f)
c:/winavr/bin/../lib/gcc/avr/4.3.3/../../../../avr/lib/avr5\libc.a(sprintf.o)
                              ./Lib/LCD/LCD.o (sprintf)
c:/winavr/bin/../lib/gcc/avr/4.3.3/../../../../avr/lib/avr5\libc.a(vfprintf_std.o)
                              c:/winavr/bin/../lib/gcc/avr/4.3.3/../../../../avr/lib/avr5\libc.a(sprintf.o) (vfprintf)
c:/winavr/bin/../lib/gcc/avr/4.3.3/../../../../avr/lib/avr5\libc.a(strnlen_P.o)
                              c:/winavr/bin/../lib/gcc/avr/4.3.3/../../../../avr/lib/avr5\libc.a(vfprintf_std.o) (strnlen_P)
c:/winavr/bin/../lib/gcc/avr/4.3.3/../../../../avr/lib/avr5\libc.a(strnlen.o)
                              c:/winavr/bin/../lib/gcc/avr/4.3.3/../../../../avr/lib/avr5\libc.a(vfprintf_std.o) (strnlen)
c:/winavr/bin/../lib/gcc/avr/4.3.3/../../../../avr/lib/avr5\libc.a(fputc.o)
                              c:/winavr/bin/../lib/gcc/avr/4.3.3/../../../../avr/lib/avr5\libc.a(vfprintf_std.o) (fputc)
c:/winavr/bin/../lib/gcc/avr/4.3.3/../../../../avr/lib/avr5\libc.a(ultoa_invert.o)
                              c:/winavr/bin/../lib/gcc/avr/4.3.3/../../../../avr/lib/avr5\libc.a(vfprintf_std.o) (__ultoa_invert)

Memory Configuration

Name             Origin             Length             Attributes
text             0x00000000         0x00020000         xr
data             0x00800060         0x0000ffa0         rw !x
eeprom           0x00810000         0x00010000         rw !x
fuse             0x00820000         0x00000400         rw !x
lock             0x00830000         0x00000400         rw !x
signature        0x00840000         0x00000400         rw !x
*default*        0x00000000         0xffffffff

Linker script and memory map

LOAD c:/winavr/bin/../lib/gcc/avr/4.3.3/../../../../avr/lib/avr5/crtm32.o
LOAD ./Lib/UART/UART.o
LOAD ./Lib/S_seg/S_seg.o
LOAD ./Lib/PushButton/PushButton.o
LOAD ./Lib/LED_MATRIX/LED_MATRIX.o
LOAD ./Lib/LCD/LCD.o
LOAD ./Lib/KeyPad/KeyPad.o
LOAD ./Lib/I2C/I2C.o
LOAD ./Lib/GPIO/GPIO.o
LOAD ./main.o
LOAD c:/winavr/bin/../lib/gcc/avr/4.3.3/avr5\libgcc.a
LOAD c:/winavr/bin/../lib/gcc/avr/4.3.3/../../../../avr/lib/avr5\libc.a
LOAD c:/winavr/bin/../lib/gcc/avr/4.3.3/avr5\libgcc.a

.hash
 *(.hash)

.dynsym
 *(.dynsym)

.dynstr
 *(.dynstr)

.gnu.version
 *(.gnu.version)

.gnu.version_d
 *(.gnu.version_d)

.gnu.version_r
 *(.gnu.version_r)

.rel.init
 *(.rel.init)

.rela.init
 *(.rela.init)

.rel.text
 *(.rel.text)
 *(.rel.text.*)
 *(.rel.gnu.linkonce.t*)

.rela.text
 *(.rela.text)
 *(.rela.text.*)
 *(.rela.gnu.linkonce.t*)

.rel.fini
 *(.rel.fini)

.rela.fini
 *(.rela.fini)

.rel.rodata
 *(.rel.rodata)
 *(.rel.rodata.*)
 *(.rel.gnu.linkonce.r*)

.rela.rodata
 *(.rela.rodata)
 *(.rela.rodata.*)
 *(.rela.gnu.linkonce.r*)

.rel.data
 *(.rel.data)
 *(.rel.data.*)
 *(.rel.gnu.linkonce.d*)

.rela.data
 *(.rela.data)
 *(.rela.data.*)
 *(.rela.gnu.linkonce.d*)

.rel.ctors
 *(.rel.ctors)

.rela.ctors
 *(.rela.ctors)

.rel.dtors
 *(.rel.dtors)

.rela.dtors
 *(.rela.dtors)

.rel.got
 *(.rel.got)

.rela.got
 *(.rela.got)

.rel.bss
 *(.rel.bss)

.rela.bss
 *(.rela.bss)

.rel.plt
 *(.rel.plt)

.rela.plt
 *(.rela.plt)

.text           0x00000000     0x2a5a
 *(.vectors)
 .vectors       0x00000000       0x54 c:/winavr/bin/../lib/gcc/avr/4.3.3/../../../../avr/lib/avr5/crtm32.o
                0x00000000                __vectors
                0x00000000                __vector_default
 *(.vectors)
 *(.progmem.gcc*)
 *(.progmem*)
                0x00000054                . = ALIGN (0x2)
                0x00000054                __trampolines_start = .
 *(.trampolines)
 .trampolines   0x00000054        0x0 linker stubs
 *(.trampolines*)
                0x00000054                __trampolines_end = .
 *(.jumptables)
 *(.jumptables*)
 *(.lowtext)
 *(.lowtext*)
                0x00000054                __ctors_start = .
 *(.ctors)
                0x00000054                __ctors_end = .
                0x00000054                __dtors_start = .
 *(.dtors)
                0x00000054                __dtors_end = .
 SORT(*)(.ctors)
 SORT(*)(.dtors)
 *(.init0)
 .init0         0x00000054        0x0 c:/winavr/bin/../lib/gcc/avr/4.3.3/../../../../avr/lib/avr5/crtm32.o
                0x00000054                __init
 *(.init0)
 *(.init1)
 *(.init1)
 *(.init2)
 .init2         0x00000054        0xc c:/winavr/bin/../lib/gcc/avr/4.3.3/../../../../avr/lib/avr5/crtm32.o
 *(.init2)
 *(.init3)
 *(.init3)
 *(.init4)
 .init4         0x00000060       0x16 c:/winavr/bin/../lib/gcc/avr/4.3.3/avr5\libgcc.a(_copy_data.o)
                0x00000060                __do_copy_data
 .init4         0x00000076       0x10 c:/winavr/bin/../lib/gcc/avr/4.3.3/avr5\libgcc.a(_clear_bss.o)
                0x00000076                __do_clear_bss
 *(.init4)
 *(.init5)
 *(.init5)
 *(.init6)
 *(.init6)
 *(.init7)
 *(.init7)
 *(.init8)
 *(.init8)
 *(.init9)
 .init9         0x00000086        0x8 c:/winavr/bin/../lib/gcc/avr/4.3.3/../../../../avr/lib/avr5/crtm32.o
 *(.init9)
 *(.text)
 .text          0x0000008e        0x4 c:/winavr/bin/../lib/gcc/avr/4.3.3/../../../../avr/lib/avr5/crtm32.o
                0x0000008e                __vector_1
                0x0000008e                __vector_12
                0x0000008e                __bad_interrupt
                0x0000008e                __vector_6
                0x0000008e                __vector_3
                0x0000008e                __vector_11
                0x0000008e                __vector_13
                0x0000008e                __vector_17
                0x0000008e                __vector_19
                0x0000008e                __vector_7
                0x0000008e                __vector_5
                0x0000008e                __vector_4
                0x0000008e                __vector_9
                0x0000008e                __vector_2
                0x0000008e                __vector_8
                0x0000008e                __vector_14
                0x0000008e                __vector_10
                0x0000008e                __vector_16
                0x0000008e                __vector_18
                0x0000008e                __vector_20
 .text          0x00000092        0x0 ./Lib/UART/UART.o
 .text          0x00000092        0x0 ./Lib/S_seg/S_seg.o
 .text          0x00000092        0x0 ./Lib/PushButton/PushButton.o
 .text          0x00000092        0x0 ./Lib/LED_MATRIX/LED_MATRIX.o
 .text          0x00000092        0x0 ./Lib/LCD/LCD.o
 .text          0x00000092        0x0 ./Lib/KeyPad/KeyPad.o
 .text          0x00000092        0x0 ./Lib/I2C/I2C.o
 .text          0x00000092        0x0 ./Lib/GPIO/GPIO.o
 .text          0x00000092        0x0 ./main.o
 .text          0x00000092        0x0 c:/winavr/bin/../lib/gcc/avr/4.3.3/avr5\libgcc.a(_mulsi3.o)
 .text          0x00000092        0x0 c:/winavr/bin/../lib/gcc/avr/4.3.3/avr5\libgcc.a(_udivmodsi4.o)
 .text          0x00000092        0x0 c:/winavr/bin/../lib/gcc/avr/4.3.3/avr5\libgcc.a(_exit.o)
 .text          0x00000092        0x0 c:/winavr/bin/../lib/gcc/avr/4.3.3/avr5\libgcc.a(_copy_data.o)
 .text          0x00000092        0x0 c:/winavr/bin/../lib/gcc/avr/4.3.3/avr5\libgcc.a(_clear_bss.o)
 .text          0x00000092       0x58 c:/winavr/bin/../lib/gcc/avr/4.3.3/avr5\libgcc.a(_fixunssfsi.o)
                0x00000092                __fixunssfsi
 .text          0x000000ea      0x354 c:/winavr/bin/../lib/gcc/avr/4.3.3/avr5\libgcc.a(_addsub_sf.o)
                0x00000382                __subsf3
                0x000003e4                __addsf3
 .text          0x0000043e      0x1f4 c:/winavr/bin/../lib/gcc/avr/4.3.3/avr5\libgcc.a(_mul_sf.o)
                0x0000043e                __mulsf3
 .text          0x00000632       0x60 c:/winavr/bin/../lib/gcc/avr/4.3.3/avr5\libgcc.a(_gt_sf.o)
                0x00000632                __gtsf2
 .text          0x00000692       0x60 c:/winavr/bin/../lib/gcc/avr/4.3.3/avr5\libgcc.a(_ge_sf.o)
                0x00000692                __gesf2
 .text          0x000006f2       0x60 c:/winavr/bin/../lib/gcc/avr/4.3.3/avr5\libgcc.a(_lt_sf.o)
                0x000006f2                __ltsf2
 .text          0x00000752       0xa8 c:/winavr/bin/../lib/gcc/avr/4.3.3/avr5\libgcc.a(_sf_to_si.o)
                0x00000752                __fixsfsi
 .text          0x000007fa        0x0 c:/winavr/bin/../lib/gcc/avr/4.3.3/avr5\libgcc.a(_thenan_sf.o)
 .text          0x000007fa        0x0 c:/winavr/bin/../lib/gcc/avr/4.3.3/avr5\libgcc.a(_prologue.o)
 .text          0x000007fa        0x0 c:/winavr/bin/../lib/gcc/avr/4.3.3/avr5\libgcc.a(_epilogue.o)
 .text          0x000007fa      0x1aa c:/winavr/bin/../lib/gcc/avr/4.3.3/avr5\libgcc.a(_pack_sf.o)
                0x000007fa                __pack_f
 .text          0x000009a4       0xf0 c:/winavr/bin/../lib/gcc/avr/4.3.3/avr5\libgcc.a(_unpack_sf.o)
                0x000009a4                __unpack_f
 .text          0x00000a94       0xb2 c:/winavr/bin/../lib/gcc/avr/4.3.3/avr5\libgcc.a(_fpcmp_parts_sf.o)
                0x00000a94                __fpcmp_parts_f
 .text          0x00000b46        0x0 c:/winavr/bin/../lib/gcc/avr/4.3.3/../../../../avr/lib/avr5\libc.a(sprintf.o)
 .text          0x00000b46        0x0 c:/winavr/bin/../lib/gcc/avr/4.3.3/../../../../avr/lib/avr5\libc.a(vfprintf_std.o)
 .text          0x00000b46        0x0 c:/winavr/bin/../lib/gcc/avr/4.3.3/../../../../avr/lib/avr5\libc.a(strnlen_P.o)
 .text          0x00000b46        0x0 c:/winavr/bin/../lib/gcc/avr/4.3.3/../../../../avr/lib/avr5\libc.a(strnlen.o)
 .text          0x00000b46        0x0 c:/winavr/bin/../lib/gcc/avr/4.3.3/../../../../avr/lib/avr5\libc.a(fputc.o)
 .text          0x00000b46        0x0 c:/winavr/bin/../lib/gcc/avr/4.3.3/../../../../avr/lib/avr5\libc.a(ultoa_invert.o)
                0x00000b46                . = ALIGN (0x2)
 *(.text.*)
 .text.MCAL_UART_Init
                0x00000b46       0x40 ./Lib/UART/UART.o
                0x00000b46                MCAL_UART_Init
 .text.MCAL_UART_Send
                0x00000b86       0x34 ./Lib/UART/UART.o
                0x00000b86                MCAL_UART_Send
 .text.MCAL_UART_Recieve
                0x00000bba       0x1e ./Lib/UART/UART.o
                0x00000bba                MCAL_UART_Recieve
 .text.MCAL_UART_SendString
                0x00000bd8       0x52 ./Lib/UART/UART.o
                0x00000bd8                MCAL_UART_SendString
 .text.MCAL_UART_recString
                0x00000c2a       0x78 ./Lib/UART/UART.o
                0x00000c2a                MCAL_UART_recString
 .text.MCAL_UART_TXIEN
                0x00000ca2       0x1c ./Lib/UART/UART.o
                0x00000ca2                MCAL_UART_TXIEN
 .text.MCAL_UART_TXIDIS
                0x00000cbe       0x1c ./Lib/UART/UART.o
                0x00000cbe                MCAL_UART_TXIDIS
 .text.MCAL_UART_RXIEN
                0x00000cda       0x1c ./Lib/UART/UART.o
                0x00000cda                MCAL_UART_RXIEN
 .text.MCAL_UART_RXDIS
                0x00000cf6       0x1c ./Lib/UART/UART.o
                0x00000cf6                MCAL_UART_RXDIS
 .text.MCAL_UART_SendAsync
                0x00000d12       0x4a ./Lib/UART/UART.o
                0x00000d12                MCAL_UART_SendAsync
 .text.__vector_15
                0x00000d5c       0xaa ./Lib/UART/UART.o
                0x00000d5c                __vector_15
 .text.s_seg_init
                0x00000e06       0xa0 ./Lib/S_seg/S_seg.o
                0x00000e06                s_seg_init
 .text.s_seg_write
                0x00000ea6       0x8a ./Lib/S_seg/S_seg.o
                0x00000ea6                s_seg_write
 .text.s_seg_enable
                0x00000f30       0x20 ./Lib/S_seg/S_seg.o
                0x00000f30                s_seg_enable
 .text.Push_Button_Init
                0x00000f50       0xb2 ./Lib/PushButton/PushButton.o
                0x00000f50                Push_Button_Init
 .text.Get_Button_state
                0x00001002       0x5c ./Lib/PushButton/PushButton.o
                0x00001002                Get_Button_state
 .text.LED_MATRIX_INIT
                0x0000105e       0x20 ./Lib/LED_MATRIX/LED_MATRIX.o
                0x0000105e                LED_MATRIX_INIT
 .text.LED_MATRIX_DISP
                0x0000107e       0x70 ./Lib/LED_MATRIX/LED_MATRIX.o
                0x0000107e                LED_MATRIX_DISP
 .text.LCD_init
                0x000010ee      0x2ec ./Lib/LCD/LCD.o
                0x000010ee                LCD_init
 .text.LCD_send_command
                0x000013da      0x14e ./Lib/LCD/LCD.o
                0x000013da                LCD_send_command
 .text.LCD_send_char
                0x00001528      0x1ce ./Lib/LCD/LCD.o
                0x00001528                LCD_send_char
 .text.LCD_send_string
                0x000016f6       0xd4 ./Lib/LCD/LCD.o
                0x000016f6                LCD_send_string
 .text.LCD_goto
                0x000017ca       0x86 ./Lib/LCD/LCD.o
                0x000017ca                LCD_goto
 .text.LCD_send_number
                0x00001850       0x94 ./Lib/LCD/LCD.o
                0x00001850                LCD_send_number
 .text.LCD_is_Busy
                0x000018e4       0xa8 ./Lib/LCD/LCD.o
                0x000018e4                LCD_is_Busy
 .text.LCD_kick
                0x0000198c      0x132 ./Lib/LCD/LCD.o
                0x0000198c                LCD_kick
 .text.LCD_clear_screen
                0x00001abe       0x50 ./Lib/LCD/LCD.o
                0x00001abe                LCD_clear_screen
 .text.KeyPad_Init
                0x00001b0e       0x1e ./Lib/KeyPad/KeyPad.o
                0x00001b0e                KeyPad_Init
 .text.KeyPad_GetChar
                0x00001b2c      0x1ac ./Lib/KeyPad/KeyPad.o
                0x00001b2c                KeyPad_GetChar
 .text.ConvToChar
                0x00001cd8      0x1a0 ./Lib/KeyPad/KeyPad.o
                0x00001cd8                ConvToChar
 .text.MCAL_I2C_Init
                0x00001e78      0x108 ./Lib/I2C/I2C.o
                0x00001e78                MCAL_I2C_Init
 .text.MCAL_I2C_Start
                0x00001f80       0x32 ./Lib/I2C/I2C.o
                0x00001f80                MCAL_I2C_Start
 .text.MCAL_I2C_Send
                0x00001fb2       0x2e ./Lib/I2C/I2C.o
                0x00001fb2                MCAL_I2C_Send
 .text.MCAL_I2C_Stop
                0x00001fe0       0x16 ./Lib/I2C/I2C.o
                0x00001fe0                MCAL_I2C_Stop
 .text.MCAL_I2C_Wait
                0x00001ff6       0x2e ./Lib/I2C/I2C.o
                0x00001ff6                MCAL_I2C_Wait
 .text.MCAL_I2C_SetAdd
                0x00002024       0x1c ./Lib/I2C/I2C.o
                0x00002024                MCAL_I2C_SetAdd
 .text.MCAL_I2C_Read
                0x00002040       0x6c ./Lib/I2C/I2C.o
                0x00002040                MCAL_I2C_Read
 .text.Get_Port_Addr
                0x000020ac       0x74 ./Lib/GPIO/GPIO.o
                0x000020ac                Get_Port_Addr
 .text.GPIO_init
                0x00002120       0x38 ./Lib/GPIO/GPIO.o
                0x00002120                GPIO_init
 .text.GPIO_ReadPort_DIR
                0x00002158       0x24 ./Lib/GPIO/GPIO.o
                0x00002158                GPIO_ReadPort_DIR
 .text.GPIO_ReadPort
                0x0000217c       0x22 ./Lib/GPIO/GPIO.o
                0x0000217c                GPIO_ReadPort
 .text.GPIO_WritePort
                0x0000219e       0x2c ./Lib/GPIO/GPIO.o
                0x0000219e                GPIO_WritePort
 .text.GPIO_WritePort_DIR
                0x000021ca       0x2c ./Lib/GPIO/GPIO.o
                0x000021ca                GPIO_WritePort_DIR
 .text.GPIO_ReadPin
                0x000021f6       0x40 ./Lib/GPIO/GPIO.o
                0x000021f6                GPIO_ReadPin
 .text.GPIO_ReadPin_DIR
                0x00002236       0x42 ./Lib/GPIO/GPIO.o
                0x00002236                GPIO_ReadPin_DIR
 .text.GPIO_WritePin
                0x00002278       0xc0 ./Lib/GPIO/GPIO.o
                0x00002278                GPIO_WritePin
 .text.GPIO_WritePin_Dir
                0x00002338       0xc0 ./Lib/GPIO/GPIO.o
                0x00002338                GPIO_WritePin_Dir
 .text.main     0x000023f8       0x2c ./main.o
                0x000023f8                main
 .text.libgcc   0x00002424       0x3e c:/winavr/bin/../lib/gcc/avr/4.3.3/avr5\libgcc.a(_mulsi3.o)
                0x00002424                __mulsi3
 .text.libgcc   0x00002462       0x44 c:/winavr/bin/../lib/gcc/avr/4.3.3/avr5\libgcc.a(_udivmodsi4.o)
                0x00002462                __udivmodsi4
 .text.libgcc   0x000024a6        0x0 c:/winavr/bin/../lib/gcc/avr/4.3.3/avr5\libgcc.a(_exit.o)
 .text.libgcc   0x000024a6        0x0 c:/winavr/bin/../lib/gcc/avr/4.3.3/avr5\libgcc.a(_copy_data.o)
 .text.libgcc   0x000024a6        0x0 c:/winavr/bin/../lib/gcc/avr/4.3.3/avr5\libgcc.a(_clear_bss.o)
 .text.libgcc   0x000024a6       0x38 c:/winavr/bin/../lib/gcc/avr/4.3.3/avr5\libgcc.a(_prologue.o)
                0x000024a6                __prologue_saves__
 .text.libgcc   0x000024de       0x36 c:/winavr/bin/../lib/gcc/avr/4.3.3/avr5\libgcc.a(_epilogue.o)
                0x000024de                __epilogue_restores__
 .text.avr-libc
                0x00002514       0x48 c:/winavr/bin/../lib/gcc/avr/4.3.3/../../../../avr/lib/avr5\libc.a(sprintf.o)
                0x00002514                sprintf
 .text.avr-libc
                0x0000255c      0x3ba c:/winavr/bin/../lib/gcc/avr/4.3.3/../../../../avr/lib/avr5\libc.a(vfprintf_std.o)
                0x0000255c                vfprintf
 .text.avr-libc
                0x00002916       0x16 c:/winavr/bin/../lib/gcc/avr/4.3.3/../../../../avr/lib/avr5\libc.a(strnlen_P.o)
                0x00002916                strnlen_P
 .text.avr-libc
                0x0000292c       0x16 c:/winavr/bin/../lib/gcc/avr/4.3.3/../../../../avr/lib/avr5\libc.a(strnlen.o)
                0x0000292c                strnlen
 .text.avr-libc
                0x00002942       0x58 c:/winavr/bin/../lib/gcc/avr/4.3.3/../../../../avr/lib/avr5\libc.a(fputc.o)
                0x00002942                fputc
 .text.avr-libc
                0x0000299a       0xbc c:/winavr/bin/../lib/gcc/avr/4.3.3/../../../../avr/lib/avr5\libc.a(ultoa_invert.o)
                0x0000299a                __ultoa_invert
                0x00002a56                . = ALIGN (0x2)
 *(.fini9)
 .fini9         0x00002a56        0x0 c:/winavr/bin/../lib/gcc/avr/4.3.3/avr5\libgcc.a(_exit.o)
                0x00002a56                exit
                0x00002a56                _exit
 *(.fini9)
 *(.fini8)
 *(.fini8)
 *(.fini7)
 *(.fini7)
 *(.fini6)
 *(.fini6)
 *(.fini5)
 *(.fini5)
 *(.fini4)
 *(.fini4)
 *(.fini3)
 *(.fini3)
 *(.fini2)
 *(.fini2)
 *(.fini1)
 *(.fini1)
 *(.fini0)
 .fini0         0x00002a56        0x4 c:/winavr/bin/../lib/gcc/avr/4.3.3/avr5\libgcc.a(_exit.o)
 *(.fini0)
                0x00002a5a                _etext = .

.data           0x00800060       0x50 load address 0x00002a5a
                0x00800060                PROVIDE (__data_start, .)
 *(.data)
 .data          0x00800060        0x0 c:/winavr/bin/../lib/gcc/avr/4.3.3/../../../../avr/lib/avr5/crtm32.o
 .data          0x00800060        0x0 ./Lib/UART/UART.o
 .data          0x00800060        0x0 ./Lib/S_seg/S_seg.o
 .data          0x00800060        0x0 ./Lib/PushButton/PushButton.o
 .data          0x00800060        0x0 ./Lib/LED_MATRIX/LED_MATRIX.o
 .data          0x00800060        0x3 ./Lib/LCD/LCD.o
 .data          0x00800063        0x0 ./Lib/KeyPad/KeyPad.o
 .data          0x00800063        0x0 ./Lib/I2C/I2C.o
 .data          0x00800063        0x0 ./Lib/GPIO/GPIO.o
 .data          0x00800063        0x0 ./main.o
 .data          0x00800063        0x0 c:/winavr/bin/../lib/gcc/avr/4.3.3/avr5\libgcc.a(_mulsi3.o)
 .data          0x00800063        0x0 c:/winavr/bin/../lib/gcc/avr/4.3.3/avr5\libgcc.a(_udivmodsi4.o)
 .data          0x00800063        0x0 c:/winavr/bin/../lib/gcc/avr/4.3.3/avr5\libgcc.a(_exit.o)
 .data          0x00800063        0x0 c:/winavr/bin/../lib/gcc/avr/4.3.3/avr5\libgcc.a(_copy_data.o)
 .data          0x00800063        0x0 c:/winavr/bin/../lib/gcc/avr/4.3.3/avr5\libgcc.a(_clear_bss.o)
 .data          0x00800063        0x0 c:/winavr/bin/../lib/gcc/avr/4.3.3/avr5\libgcc.a(_fixunssfsi.o)
 .data          0x00800063        0x0 c:/winavr/bin/../lib/gcc/avr/4.3.3/avr5\libgcc.a(_addsub_sf.o)
 .data          0x00800063        0x0 c:/winavr/bin/../lib/gcc/avr/4.3.3/avr5\libgcc.a(_mul_sf.o)
 .data          0x00800063        0x0 c:/winavr/bin/../lib/gcc/avr/4.3.3/avr5\libgcc.a(_gt_sf.o)
 .data          0x00800063        0x0 c:/winavr/bin/../lib/gcc/avr/4.3.3/avr5\libgcc.a(_ge_sf.o)
 .data          0x00800063        0x0 c:/winavr/bin/../lib/gcc/avr/4.3.3/avr5\libgcc.a(_lt_sf.o)
 .data          0x00800063        0x0 c:/winavr/bin/../lib/gcc/avr/4.3.3/avr5\libgcc.a(_sf_to_si.o)
 .data          0x00800063        0x8 c:/winavr/bin/../lib/gcc/avr/4.3.3/avr5\libgcc.a(_thenan_sf.o)
                0x00800063                __thenan_sf
 .data          0x0080006b        0x0 c:/winavr/bin/../lib/gcc/avr/4.3.3/avr5\libgcc.a(_prologue.o)
 .data          0x0080006b        0x0 c:/winavr/bin/../lib/gcc/avr/4.3.3/avr5\libgcc.a(_epilogue.o)
 .data          0x0080006b        0x0 c:/winavr/bin/../lib/gcc/avr/4.3.3/avr5\libgcc.a(_pack_sf.o)
 .data          0x0080006b        0x0 c:/winavr/bin/../lib/gcc/avr/4.3.3/avr5\libgcc.a(_unpack_sf.o)
 .data          0x0080006b        0x0 c:/winavr/bin/../lib/gcc/avr/4.3.3/avr5\libgcc.a(_fpcmp_parts_sf.o)
 .data          0x0080006b        0x0 c:/winavr/bin/../lib/gcc/avr/4.3.3/../../../../avr/lib/avr5\libc.a(sprintf.o)
 .data          0x0080006b        0x0 c:/winavr/bin/../lib/gcc/avr/4.3.3/../../../../avr/lib/avr5\libc.a(vfprintf_std.o)
 .data          0x0080006b        0x0 c:/winavr/bin/../lib/gcc/avr/4.3.3/../../../../avr/lib/avr5\libc.a(strnlen_P.o)
 .data          0x0080006b        0x0 c:/winavr/bin/../lib/gcc/avr/4.3.3/../../../../avr/lib/avr5\libc.a(strnlen.o)
 .data          0x0080006b        0x0 c:/winavr/bin/../lib/gcc/avr/4.3.3/../../../../avr/lib/avr5\libc.a(fputc.o)
 .data          0x0080006b        0x0 c:/winavr/bin/../lib/gcc/avr/4.3.3/../../../../avr/lib/avr5\libc.a(ultoa_invert.o)
 *(.data*)
 .data.i.1346   0x0080006b        0x1 ./Lib/UART/UART.o
 .data.segment1_connection
                0x0080006c        0x8 ./Lib/S_seg/S_seg.o
                0x0080006c                segment1_connection
 .data.segment1_enable
                0x00800074        0x2 ./Lib/S_seg/S_seg.o
                0x00800074                segment1_enable
 .data.Push_Buttons
                0x00800076        0x9 ./Lib/PushButton/PushButton.o
                0x00800076                Push_Buttons
 .data.LED_MATRIX_DATA
                0x0080007f       0x10 ./Lib/LED_MATRIX/LED_MATRIX.o
                0x0080007f                LED_MATRIX_DATA
 .data.LCD1_object
                0x0080008f        0x8 ./Lib/LCD/LCD.o
                0x0080008f                LCD1_object
 .data.LCD2_object
                0x00800097        0x8 ./Lib/LCD/LCD.o
                0x00800097                LCD2_object
 .data.KeyPad_R
                0x0080009f        0x8 ./Lib/KeyPad/KeyPad.o
                0x0080009f                KeyPad_R
 .data.KeyPad_C
                0x008000a7        0x8 ./Lib/KeyPad/KeyPad.o
                0x008000a7                KeyPad_C
 *(.rodata)
 *(.rodata*)
 *(.gnu.linkonce.d*)
                0x008000b0                . = ALIGN (0x2)
 *fill*         0x008000af        0x1 00
                0x008000b0                _edata = .
                0x008000b0                PROVIDE (__data_end, .)

.bss            0x008000b0        0x4
                0x008000b0                PROVIDE (__bss_start, .)
 *(.bss)
 .bss           0x008000b0        0x0 c:/winavr/bin/../lib/gcc/avr/4.3.3/../../../../avr/lib/avr5/crtm32.o
 .bss           0x008000b0        0x0 ./Lib/UART/UART.o
 .bss           0x008000b0        0x0 ./Lib/S_seg/S_seg.o
 .bss           0x008000b0        0x0 ./Lib/PushButton/PushButton.o
 .bss           0x008000b0        0x0 ./Lib/LED_MATRIX/LED_MATRIX.o
 .bss           0x008000b0        0x0 ./Lib/LCD/LCD.o
 .bss           0x008000b0        0x0 ./Lib/KeyPad/KeyPad.o
 .bss           0x008000b0        0x0 ./Lib/I2C/I2C.o
 .bss           0x008000b0        0x0 ./Lib/GPIO/GPIO.o
 .bss           0x008000b0        0x0 ./main.o
 .bss           0x008000b0        0x0 c:/winavr/bin/../lib/gcc/avr/4.3.3/avr5\libgcc.a(_mulsi3.o)
 .bss           0x008000b0        0x0 c:/winavr/bin/../lib/gcc/avr/4.3.3/avr5\libgcc.a(_udivmodsi4.o)
 .bss           0x008000b0        0x0 c:/winavr/bin/../lib/gcc/avr/4.3.3/avr5\libgcc.a(_exit.o)
 .bss           0x008000b0        0x0 c:/winavr/bin/../lib/gcc/avr/4.3.3/avr5\libgcc.a(_copy_data.o)
 .bss           0x008000b0        0x0 c:/winavr/bin/../lib/gcc/avr/4.3.3/avr5\libgcc.a(_clear_bss.o)
 .bss           0x008000b0        0x0 c:/winavr/bin/../lib/gcc/avr/4.3.3/avr5\libgcc.a(_fixunssfsi.o)
 .bss           0x008000b0        0x0 c:/winavr/bin/../lib/gcc/avr/4.3.3/avr5\libgcc.a(_addsub_sf.o)
 .bss           0x008000b0        0x0 c:/winavr/bin/../lib/gcc/avr/4.3.3/avr5\libgcc.a(_mul_sf.o)
 .bss           0x008000b0        0x0 c:/winavr/bin/../lib/gcc/avr/4.3.3/avr5\libgcc.a(_gt_sf.o)
 .bss           0x008000b0        0x0 c:/winavr/bin/../lib/gcc/avr/4.3.3/avr5\libgcc.a(_ge_sf.o)
 .bss           0x008000b0        0x0 c:/winavr/bin/../lib/gcc/avr/4.3.3/avr5\libgcc.a(_lt_sf.o)
 .bss           0x008000b0        0x0 c:/winavr/bin/../lib/gcc/avr/4.3.3/avr5\libgcc.a(_sf_to_si.o)
 .bss           0x008000b0        0x0 c:/winavr/bin/../lib/gcc/avr/4.3.3/avr5\libgcc.a(_thenan_sf.o)
 .bss           0x008000b0        0x0 c:/winavr/bin/../lib/gcc/avr/4.3.3/avr5\libgcc.a(_prologue.o)
 .bss           0x008000b0        0x0 c:/winavr/bin/../lib/gcc/avr/4.3.3/avr5\libgcc.a(_epilogue.o)
 .bss           0x008000b0        0x0 c:/winavr/bin/../lib/gcc/avr/4.3.3/avr5\libgcc.a(_pack_sf.o)
 .bss           0x008000b0        0x0 c:/winavr/bin/../lib/gcc/avr/4.3.3/avr5\libgcc.a(_unpack_sf.o)
 .bss           0x008000b0        0x0 c:/winavr/bin/../lib/gcc/avr/4.3.3/avr5\libgcc.a(_fpcmp_parts_sf.o)
 .bss           0x008000b0        0x0 c:/winavr/bin/../lib/gcc/avr/4.3.3/../../../../avr/lib/avr5\libc.a(sprintf.o)
 .bss           0x008000b0        0x0 c:/winavr/bin/../lib/gcc/avr/4.3.3/../../../../avr/lib/avr5\libc.a(vfprintf_std.o)
 .bss           0x008000b0        0x0 c:/winavr/bin/../lib/gcc/avr/4.3.3/../../../../avr/lib/avr5\libc.a(strnlen_P.o)
 .bss           0x008000b0        0x0 c:/winavr/bin/../lib/gcc/avr/4.3.3/../../../../avr/lib/avr5\libc.a(strnlen.o)
 .bss           0x008000b0        0x0 c:/winavr/bin/../lib/gcc/avr/4.3.3/../../../../avr/lib/avr5\libc.a(fputc.o)
 .bss           0x008000b0        0x0 c:/winavr/bin/../lib/gcc/avr/4.3.3/../../../../avr/lib/avr5\libc.a(ultoa_invert.o)
 *(.bss*)
 .bss.ptr_Async
                0x008000b0        0x2 ./Lib/UART/UART.o
 .bss.count.1709
                0x008000b2        0x2 ./Lib/LCD/LCD.o
 *(COMMON)
                0x008000b4                PROVIDE (__bss_end, .)
                0x00002a5a                __data_load_start = LOADADDR (.data)
                0x00002aaa                __data_load_end = (__data_load_start + SIZEOF (.data))

.noinit         0x008000b4        0x0
                0x008000b4                PROVIDE (__noinit_start, .)
 *(.noinit*)
                0x008000b4                PROVIDE (__noinit_end, .)
                0x008000b4                _end = .
                0x008000b4                PROVIDE (__heap_start, .)

.eeprom         0x00810000        0x0
 *(.eeprom*)
                0x00810000                __eeprom_end = .

.fuse
 *(.fuse)
 *(.lfuse)
 *(.hfuse)
 *(.efuse)

.lock
 *(.lock*)

.signature
 *(.signature*)

.stab
 *(.stab)

.stabstr
 *(.stabstr)

.stab.excl
 *(.stab.excl)

.stab.exclstr
 *(.stab.exclstr)

.stab.index
 *(.stab.index)

.stab.indexstr
 *(.stab.indexstr)

.comment
 *(.comment)

.debug
 *(.debug)

.line
 *(.line)

.debug_srcinfo
 *(.debug_srcinfo)

.debug_sfnames
 *(.debug_sfnames)

.debug_aranges  0x00000000      0x398
 *(.debug_aranges)
 .debug_aranges
                0x00000000       0x70 ./Lib/UART/UART.o
 .debug_aranges
                0x00000070       0x30 ./Lib/S_seg/S_seg.o
 .debug_aranges
                0x000000a0       0x28 ./Lib/PushButton/PushButton.o
 .debug_aranges
                0x000000c8       0x28 ./Lib/LED_MATRIX/LED_MATRIX.o
 .debug_aranges
                0x000000f0       0x60 ./Lib/LCD/LCD.o
 .debug_aranges
                0x00000150       0x30 ./Lib/KeyPad/KeyPad.o
 .debug_aranges
                0x00000180       0x50 ./Lib/I2C/I2C.o
 .debug_aranges
                0x000001d0       0x68 ./Lib/GPIO/GPIO.o
 .debug_aranges
                0x00000238       0x20 ./main.o
 .debug_aranges
                0x00000258       0x20 c:/winavr/bin/../lib/gcc/avr/4.3.3/avr5\libgcc.a(_fixunssfsi.o)
 .debug_aranges
                0x00000278       0x20 c:/winavr/bin/../lib/gcc/avr/4.3.3/avr5\libgcc.a(_addsub_sf.o)
 .debug_aranges
                0x00000298       0x20 c:/winavr/bin/../lib/gcc/avr/4.3.3/avr5\libgcc.a(_mul_sf.o)
 .debug_aranges
                0x000002b8       0x20 c:/winavr/bin/../lib/gcc/avr/4.3.3/avr5\libgcc.a(_gt_sf.o)
 .debug_aranges
                0x000002d8       0x20 c:/winavr/bin/../lib/gcc/avr/4.3.3/avr5\libgcc.a(_ge_sf.o)
 .debug_aranges
                0x000002f8       0x20 c:/winavr/bin/../lib/gcc/avr/4.3.3/avr5\libgcc.a(_lt_sf.o)
 .debug_aranges
                0x00000318       0x20 c:/winavr/bin/../lib/gcc/avr/4.3.3/avr5\libgcc.a(_sf_to_si.o)
 .debug_aranges
                0x00000338       0x20 c:/winavr/bin/../lib/gcc/avr/4.3.3/avr5\libgcc.a(_pack_sf.o)
 .debug_aranges
                0x00000358       0x20 c:/winavr/bin/../lib/gcc/avr/4.3.3/avr5\libgcc.a(_unpack_sf.o)
 .debug_aranges
                0x00000378       0x20 c:/winavr/bin/../lib/gcc/avr/4.3.3/avr5\libgcc.a(_fpcmp_parts_sf.o)

.debug_pubnames
                0x00000000      0x61c
 *(.debug_pubnames)
 .debug_pubnames
                0x00000000       0xf8 ./Lib/UART/UART.o
 .debug_pubnames
                0x000000f8       0x6e ./Lib/S_seg/S_seg.o
 .debug_pubnames
                0x00000166       0x4d ./Lib/PushButton/PushButton.o
 .debug_pubnames
                0x000001b3       0x4e ./Lib/LED_MATRIX/LED_MATRIX.o
 .debug_pubnames
                0x00000201       0xcd ./Lib/LCD/LCD.o
 .debug_pubnames
                0x000002ce       0x5e ./Lib/KeyPad/KeyPad.o
 .debug_pubnames
                0x0000032c       0x93 ./Lib/I2C/I2C.o
 .debug_pubnames
                0x000003bf       0xd2 ./Lib/GPIO/GPIO.o
 .debug_pubnames
                0x00000491       0x1b ./main.o
 .debug_pubnames
                0x000004ac       0x23 c:/winavr/bin/../lib/gcc/avr/4.3.3/avr5\libgcc.a(_fixunssfsi.o)
 .debug_pubnames
                0x000004cf       0x2c c:/winavr/bin/../lib/gcc/avr/4.3.3/avr5\libgcc.a(_addsub_sf.o)
 .debug_pubnames
                0x000004fb       0x1f c:/winavr/bin/../lib/gcc/avr/4.3.3/avr5\libgcc.a(_mul_sf.o)
 .debug_pubnames
                0x0000051a       0x1e c:/winavr/bin/../lib/gcc/avr/4.3.3/avr5\libgcc.a(_gt_sf.o)
 .debug_pubnames
                0x00000538       0x1e c:/winavr/bin/../lib/gcc/avr/4.3.3/avr5\libgcc.a(_ge_sf.o)
 .debug_pubnames
                0x00000556       0x1e c:/winavr/bin/../lib/gcc/avr/4.3.3/avr5\libgcc.a(_lt_sf.o)
 .debug_pubnames
                0x00000574       0x20 c:/winavr/bin/../lib/gcc/avr/4.3.3/avr5\libgcc.a(_sf_to_si.o)
 .debug_pubnames
                0x00000594       0x22 c:/winavr/bin/../lib/gcc/avr/4.3.3/avr5\libgcc.a(_thenan_sf.o)
 .debug_pubnames
                0x000005b6       0x1f c:/winavr/bin/../lib/gcc/avr/4.3.3/avr5\libgcc.a(_pack_sf.o)
 .debug_pubnames
                0x000005d5       0x21 c:/winavr/bin/../lib/gcc/avr/4.3.3/avr5\libgcc.a(_unpack_sf.o)
 .debug_pubnames
                0x000005f6       0x26 c:/winavr/bin/../lib/gcc/avr/4.3.3/avr5\libgcc.a(_fpcmp_parts_sf.o)

.debug_info     0x00000000     0x2d90
 *(.debug_info)
 .debug_info    0x00000000      0x1e4 ./Lib/UART/UART.o
 .debug_info    0x000001e4      0x16f ./Lib/S_seg/S_seg.o
 .debug_info    0x00000353      0x142 ./Lib/PushButton/PushButton.o
 .debug_info    0x00000495      0x110 ./Lib/LED_MATRIX/LED_MATRIX.o
 .debug_info    0x000005a5      0x48e ./Lib/LCD/LCD.o
 .debug_info    0x00000a33      0x1f2 ./Lib/KeyPad/KeyPad.o
 .debug_info    0x00000c25      0x1ac ./Lib/I2C/I2C.o
 .debug_info    0x00000dd1      0x2d5 ./Lib/GPIO/GPIO.o
 .debug_info    0x000010a6       0xa1 ./main.o
 .debug_info    0x00001147       0xb1 c:/winavr/bin/../lib/gcc/avr/4.3.3/avr5\libgcc.a(_fixunssfsi.o)
 .debug_info    0x000011f8      0x47a c:/winavr/bin/../lib/gcc/avr/4.3.3/avr5\libgcc.a(_addsub_sf.o)
 .debug_info    0x00001672      0x485 c:/winavr/bin/../lib/gcc/avr/4.3.3/avr5\libgcc.a(_mul_sf.o)
 .debug_info    0x00001af7      0x27f c:/winavr/bin/../lib/gcc/avr/4.3.3/avr5\libgcc.a(_gt_sf.o)
 .debug_info    0x00001d76      0x27f c:/winavr/bin/../lib/gcc/avr/4.3.3/avr5\libgcc.a(_ge_sf.o)
 .debug_info    0x00001ff5      0x27f c:/winavr/bin/../lib/gcc/avr/4.3.3/avr5\libgcc.a(_lt_sf.o)
 .debug_info    0x00002274      0x2b0 c:/winavr/bin/../lib/gcc/avr/4.3.3/avr5\libgcc.a(_sf_to_si.o)
 .debug_info    0x00002524      0x12c c:/winavr/bin/../lib/gcc/avr/4.3.3/avr5\libgcc.a(_thenan_sf.o)
 .debug_info    0x00002650      0x2df c:/winavr/bin/../lib/gcc/avr/4.3.3/avr5\libgcc.a(_pack_sf.o)
 .debug_info    0x0000292f      0x251 c:/winavr/bin/../lib/gcc/avr/4.3.3/avr5\libgcc.a(_unpack_sf.o)
 .debug_info    0x00002b80      0x210 c:/winavr/bin/../lib/gcc/avr/4.3.3/avr5\libgcc.a(_fpcmp_parts_sf.o)
 *(.gnu.linkonce.wi.*)

.debug_abbrev   0x00000000     0x16be
 *(.debug_abbrev)
 .debug_abbrev  0x00000000       0xb0 ./Lib/UART/UART.o
 .debug_abbrev  0x000000b0       0xf4 ./Lib/S_seg/S_seg.o
 .debug_abbrev  0x000001a4       0xe4 ./Lib/PushButton/PushButton.o
 .debug_abbrev  0x00000288       0xc9 ./Lib/LED_MATRIX/LED_MATRIX.o
 .debug_abbrev  0x00000351      0x182 ./Lib/LCD/LCD.o
 .debug_abbrev  0x000004d3      0x12f ./Lib/KeyPad/KeyPad.o
 .debug_abbrev  0x00000602       0xa6 ./Lib/I2C/I2C.o
 .debug_abbrev  0x000006a8       0xcc ./Lib/GPIO/GPIO.o
 .debug_abbrev  0x00000774       0x5f ./main.o
 .debug_abbrev  0x000007d3       0x5d c:/winavr/bin/../lib/gcc/avr/4.3.3/avr5\libgcc.a(_fixunssfsi.o)
 .debug_abbrev  0x00000830      0x1ea c:/winavr/bin/../lib/gcc/avr/4.3.3/avr5\libgcc.a(_addsub_sf.o)
 .debug_abbrev  0x00000a1a      0x21b c:/winavr/bin/../lib/gcc/avr/4.3.3/avr5\libgcc.a(_mul_sf.o)
 .debug_abbrev  0x00000c35      0x15a c:/winavr/bin/../lib/gcc/avr/4.3.3/avr5\libgcc.a(_gt_sf.o)
 .debug_abbrev  0x00000d8f      0x15a c:/winavr/bin/../lib/gcc/avr/4.3.3/avr5\libgcc.a(_ge_sf.o)
 .debug_abbrev  0x00000ee9      0x15a c:/winavr/bin/../lib/gcc/avr/4.3.3/avr5\libgcc.a(_lt_sf.o)
 .debug_abbrev  0x00001043      0x17f c:/winavr/bin/../lib/gcc/avr/4.3.3/avr5\libgcc.a(_sf_to_si.o)
 .debug_abbrev  0x000011c2       0xad c:/winavr/bin/../lib/gcc/avr/4.3.3/avr5\libgcc.a(_thenan_sf.o)
 .debug_abbrev  0x0000126f      0x1c0 c:/winavr/bin/../lib/gcc/avr/4.3.3/avr5\libgcc.a(_pack_sf.o)
 .debug_abbrev  0x0000142f      0x154 c:/winavr/bin/../lib/gcc/avr/4.3.3/avr5\libgcc.a(_unpack_sf.o)
 .debug_abbrev  0x00001583      0x13b c:/winavr/bin/../lib/gcc/avr/4.3.3/avr5\libgcc.a(_fpcmp_parts_sf.o)

.debug_line     0x00000000     0x2206
 *(.debug_line)
 .debug_line    0x00000000      0x29e ./Lib/UART/UART.o
 .debug_line    0x0000029e      0x159 ./Lib/S_seg/S_seg.o
 .debug_line    0x000003f7      0x126 ./Lib/PushButton/PushButton.o
 .debug_line    0x0000051d      0x140 ./Lib/LED_MATRIX/LED_MATRIX.o
 .debug_line    0x0000065d      0x580 ./Lib/LCD/LCD.o
 .debug_line    0x00000bdd      0x322 ./Lib/KeyPad/KeyPad.o
 .debug_line    0x00000eff      0x1fc ./Lib/I2C/I2C.o
 .debug_line    0x000010fb      0x29c ./Lib/GPIO/GPIO.o
 .debug_line    0x00001397       0xc2 ./main.o
 .debug_line    0x00001459       0xa7 c:/winavr/bin/../lib/gcc/avr/4.3.3/avr5\libgcc.a(_fixunssfsi.o)
 .debug_line    0x00001500      0x2af c:/winavr/bin/../lib/gcc/avr/4.3.3/avr5\libgcc.a(_addsub_sf.o)
 .debug_line    0x000017af      0x239 c:/winavr/bin/../lib/gcc/avr/4.3.3/avr5\libgcc.a(_mul_sf.o)
 .debug_line    0x000019e8       0xd3 c:/winavr/bin/../lib/gcc/avr/4.3.3/avr5\libgcc.a(_gt_sf.o)
 .debug_line    0x00001abb       0xd3 c:/winavr/bin/../lib/gcc/avr/4.3.3/avr5\libgcc.a(_ge_sf.o)
 .debug_line    0x00001b8e       0xd3 c:/winavr/bin/../lib/gcc/avr/4.3.3/avr5\libgcc.a(_lt_sf.o)
 .debug_line    0x00001c61      0x109 c:/winavr/bin/../lib/gcc/avr/4.3.3/avr5\libgcc.a(_sf_to_si.o)
 .debug_line    0x00001d6a       0x90 c:/winavr/bin/../lib/gcc/avr/4.3.3/avr5\libgcc.a(_thenan_sf.o)
 .debug_line    0x00001dfa      0x18a c:/winavr/bin/../lib/gcc/avr/4.3.3/avr5\libgcc.a(_pack_sf.o)
 .debug_line    0x00001f84      0x14b c:/winavr/bin/../lib/gcc/avr/4.3.3/avr5\libgcc.a(_unpack_sf.o)
 .debug_line    0x000020cf      0x137 c:/winavr/bin/../lib/gcc/avr/4.3.3/avr5\libgcc.a(_fpcmp_parts_sf.o)

.debug_frame    0x00000000      0x4f0
 *(.debug_frame)
 .debug_frame   0x00000000       0xc0 ./Lib/UART/UART.o
 .debug_frame   0x000000c0       0x40 ./Lib/S_seg/S_seg.o
 .debug_frame   0x00000100       0x30 ./Lib/PushButton/PushButton.o
 .debug_frame   0x00000130       0x30 ./Lib/LED_MATRIX/LED_MATRIX.o
 .debug_frame   0x00000160       0xa0 ./Lib/LCD/LCD.o
 .debug_frame   0x00000200       0x40 ./Lib/KeyPad/KeyPad.o
 .debug_frame   0x00000240       0x80 ./Lib/I2C/I2C.o
 .debug_frame   0x000002c0       0xb0 ./Lib/GPIO/GPIO.o
 .debug_frame   0x00000370       0x20 ./main.o
 .debug_frame   0x00000390       0x20 c:/winavr/bin/../lib/gcc/avr/4.3.3/avr5\libgcc.a(_fixunssfsi.o)
 .debug_frame   0x000003b0       0x40 c:/winavr/bin/../lib/gcc/avr/4.3.3/avr5\libgcc.a(_addsub_sf.o)
 .debug_frame   0x000003f0       0x20 c:/winavr/bin/../lib/gcc/avr/4.3.3/avr5\libgcc.a(_mul_sf.o)
 .debug_frame   0x00000410       0x20 c:/winavr/bin/../lib/gcc/avr/4.3.3/avr5\libgcc.a(_gt_sf.o)
 .debug_frame   0x00000430       0x20 c:/winavr/bin/../lib/gcc/avr/4.3.3/avr5\libgcc.a(_ge_sf.o)
 .debug_frame   0x00000450       0x20 c:/winavr/bin/../lib/gcc/avr/4.3.3/avr5\libgcc.a(_lt_sf.o)
 .debug_frame   0x00000470       0x20 c:/winavr/bin/../lib/gcc/avr/4.3.3/avr5\libgcc.a(_sf_to_si.o)
 .debug_frame   0x00000490       0x20 c:/winavr/bin/../lib/gcc/avr/4.3.3/avr5\libgcc.a(_pack_sf.o)
 .debug_frame   0x000004b0       0x20 c:/winavr/bin/../lib/gcc/avr/4.3.3/avr5\libgcc.a(_unpack_sf.o)
 .debug_frame   0x000004d0       0x20 c:/winavr/bin/../lib/gcc/avr/4.3.3/avr5\libgcc.a(_fpcmp_parts_sf.o)

.debug_str      0x00000000      0x8e8
 *(.debug_str)
 .debug_str     0x00000000      0x1b9 ./Lib/UART/UART.o
                                0x1f2 (size before relaxing)
 .debug_str     0x000001b9       0x73 ./Lib/S_seg/S_seg.o
                                0x160 (size before relaxing)
 .debug_str     0x0000022c       0xad ./Lib/PushButton/PushButton.o
                                0x193 (size before relaxing)
 .debug_str     0x000002d9       0x89 ./Lib/LED_MATRIX/LED_MATRIX.o
                                0x174 (size before relaxing)
 .debug_str     0x00000362      0x146 ./Lib/LCD/LCD.o
                                0x282 (size before relaxing)
 .debug_str     0x000004a8       0x4f ./Lib/KeyPad/KeyPad.o
                                0x1aa (size before relaxing)
 .debug_str     0x000004f7       0xb3 ./Lib/I2C/I2C.o
                                0x1ab (size before relaxing)
 .debug_str     0x000005aa       0xe3 ./Lib/GPIO/GPIO.o
                                0x1ea (size before relaxing)
 .debug_str     0x0000068d       0x17 ./main.o
                                0x113 (size before relaxing)
 .debug_str     0x000006a4       0x80 c:/winavr/bin/../lib/gcc/avr/4.3.3/avr5\libgcc.a(_fixunssfsi.o)
                                 0xfe (size before relaxing)
 .debug_str     0x00000724      0x143 c:/winavr/bin/../lib/gcc/avr/4.3.3/avr5\libgcc.a(_addsub_sf.o)
                                0x206 (size before relaxing)
 .debug_str     0x00000867       0x27 c:/winavr/bin/../lib/gcc/avr/4.3.3/avr5\libgcc.a(_mul_sf.o)
                                0x1bf (size before relaxing)
 .debug_str     0x0000088e        0xf c:/winavr/bin/../lib/gcc/avr/4.3.3/avr5\libgcc.a(_gt_sf.o)
                                0x195 (size before relaxing)
 .debug_str     0x0000089d        0x8 c:/winavr/bin/../lib/gcc/avr/4.3.3/avr5\libgcc.a(_ge_sf.o)
                                0x195 (size before relaxing)
 .debug_str     0x000008a5        0x8 c:/winavr/bin/../lib/gcc/avr/4.3.3/avr5\libgcc.a(_lt_sf.o)
                                0x195 (size before relaxing)
 .debug_str     0x000008ad        0xa c:/winavr/bin/../lib/gcc/avr/4.3.3/avr5\libgcc.a(_sf_to_si.o)
                                0x19e (size before relaxing)
 .debug_str     0x00000000      0x103 c:/winavr/bin/../lib/gcc/avr/4.3.3/avr5\libgcc.a(_thenan_sf.o)
 .debug_str     0x000008b7       0x16 c:/winavr/bin/../lib/gcc/avr/4.3.3/avr5\libgcc.a(_pack_sf.o)
                                0x19d (size before relaxing)
 .debug_str     0x000008cd        0xb c:/winavr/bin/../lib/gcc/avr/4.3.3/avr5\libgcc.a(_unpack_sf.o)
                                0x17f (size before relaxing)
 .debug_str     0x000008d8       0x10 c:/winavr/bin/../lib/gcc/avr/4.3.3/avr5\libgcc.a(_fpcmp_parts_sf.o)
                                0x163 (size before relaxing)

.debug_loc      0x00000000      0x7ce
 *(.debug_loc)
 .debug_loc     0x00000000       0x34 c:/winavr/bin/../lib/gcc/avr/4.3.3/avr5\libgcc.a(_fixunssfsi.o)
 .debug_loc     0x00000034      0x32a c:/winavr/bin/../lib/gcc/avr/4.3.3/avr5\libgcc.a(_addsub_sf.o)
 .debug_loc     0x0000035e      0x104 c:/winavr/bin/../lib/gcc/avr/4.3.3/avr5\libgcc.a(_mul_sf.o)
 .debug_loc     0x00000462       0x3c c:/winavr/bin/../lib/gcc/avr/4.3.3/avr5\libgcc.a(_gt_sf.o)
 .debug_loc     0x0000049e       0x3c c:/winavr/bin/../lib/gcc/avr/4.3.3/avr5\libgcc.a(_ge_sf.o)
 .debug_loc     0x000004da       0x3c c:/winavr/bin/../lib/gcc/avr/4.3.3/avr5\libgcc.a(_lt_sf.o)
 .debug_loc     0x00000516       0x7e c:/winavr/bin/../lib/gcc/avr/4.3.3/avr5\libgcc.a(_sf_to_si.o)
 .debug_loc     0x00000594      0x13e c:/winavr/bin/../lib/gcc/avr/4.3.3/avr5\libgcc.a(_pack_sf.o)
 .debug_loc     0x000006d2       0xac c:/winavr/bin/../lib/gcc/avr/4.3.3/avr5\libgcc.a(_unpack_sf.o)
 .debug_loc     0x0000077e       0x50 c:/winavr/bin/../lib/gcc/avr/4.3.3/avr5\libgcc.a(_fpcmp_parts_sf.o)

.debug_macinfo
 *(.debug_macinfo)
OUTPUT(I2C_M_send_S_rec.elf elf32-avr)
LOAD linker stubs

.debug_ranges   0x00000000      0x260
 .debug_ranges  0x00000000       0x68 ./Lib/UART/UART.o
 .debug_ranges  0x00000068       0x28 ./Lib/S_seg/S_seg.o
 .debug_ranges  0x00000090       0x20 ./Lib/PushButton/PushButton.o
 .debug_ranges  0x000000b0       0x20 ./Lib/LED_MATRIX/LED_MATRIX.o
 .debug_ranges  0x000000d0       0x58 ./Lib/LCD/LCD.o
 .debug_ranges  0x00000128       0x28 ./Lib/KeyPad/KeyPad.o
 .debug_ranges  0x00000150       0x48 ./Lib/I2C/I2C.o
 .debug_ranges  0x00000198       0x60 ./Lib/GPIO/GPIO.o
 .debug_ranges  0x000001f8       0x18 ./main.o
 .debug_ranges  0x00000210       0x50 c:/winavr/bin/../lib/gcc/avr/4.3.3/avr5\libgcc.a(_mul_sf.o)
