21:37:53 **** Build of configuration Debug for project STM32_I2C_DRIVER ****
make -j16 all 
arm-none-eabi-gcc -gdwarf-2 "../Src/main.c" -mcpu=cortex-m3 -std=gnu11 -g3 -c -I"D:/0-EMBEDDED_SYSTEMS/1-Keroles_Diploma_Online/my_codes/MCU_Interfacing/Lesson6_I2C/STM_DRIVER_I2C/STM32_I2C_DRIVER/Drivers/HAL/KeyPad/Inc" -I"D:/0-EMBEDDED_SYSTEMS/1-Keroles_Diploma_Online/my_codes/MCU_Interfacing/Lesson6_I2C/STM_DRIVER_I2C/STM32_I2C_DRIVER/Drivers/MCAL/RCC/Includes" -I"D:/0-EMBEDDED_SYSTEMS/1-Keroles_Diploma_Online/my_codes/MCU_Interfacing/Lesson6_I2C/STM_DRIVER_I2C/STM32_I2C_DRIVER/Drivers/MCAL/UART/Includes" -I"D:/0-EMBEDDED_SYSTEMS/1-Keroles_Diploma_Online/my_codes/MCU_Interfacing/Lesson6_I2C/STM_DRIVER_I2C/STM32_I2C_DRIVER/Drivers/HAL/LCD/Inc" -I"D:/0-EMBEDDED_SYSTEMS/1-Keroles_Diploma_Online/my_codes/MCU_Interfacing/Lesson6_I2C/STM_DRIVER_I2C/STM32_I2C_DRIVER/Drivers/MCAL/GPIO/Includes" -I"D:/0-EMBEDDED_SYSTEMS/1-Keroles_Diploma_Online/my_codes/MCU_Interfacing/Lesson6_I2C/STM_DRIVER_I2C/STM32_I2C_DRIVER/Drivers/MCAL/EXTI/Includes" -I"D:/0-EMBEDDED_SYSTEMS/1-Keroles_Diploma_Online/my_codes/MCU_Interfacing/Lesson6_I2C/STM_DRIVER_I2C/STM32_I2C_DRIVER/Drivers" -I"D:/0-EMBEDDED_SYSTEMS/1-Keroles_Diploma_Online/my_codes/MCU_Interfacing/Lesson6_I2C/STM_DRIVER_I2C/STM32_I2C_DRIVER/Drivers/MCAL/SPI/Includes" -I"D:/0-EMBEDDED_SYSTEMS/1-Keroles_Diploma_Online/my_codes/MCU_Interfacing/Lesson6_I2C/STM_DRIVER_I2C/STM32_I2C_DRIVER/Drivers/MCAL/I2C/Includes" -I"D:/0-EMBEDDED_SYSTEMS/1-Keroles_Diploma_Online/my_codes/MCU_Interfacing/Lesson6_I2C/STM_DRIVER_I2C/STM32_I2C_DRIVER/Drivers/HAL/EEPROM/Inc" -O0 -ffunction-sections -fdata-sections -Wall -fstack-usage -MMD -MP -MF"Src/main.d" -MT"Src/main.o" --specs=nano.specs -mfloat-abi=soft -mthumb -o "Src/main.o"
arm-none-eabi-gcc -gdwarf-2 "../Src/syscalls.c" -mcpu=cortex-m3 -std=gnu11 -g3 -c -I"D:/0-EMBEDDED_SYSTEMS/1-Keroles_Diploma_Online/my_codes/MCU_Interfacing/Lesson6_I2C/STM_DRIVER_I2C/STM32_I2C_DRIVER/Drivers/HAL/KeyPad/Inc" -I"D:/0-EMBEDDED_SYSTEMS/1-Keroles_Diploma_Online/my_codes/MCU_Interfacing/Lesson6_I2C/STM_DRIVER_I2C/STM32_I2C_DRIVER/Drivers/MCAL/RCC/Includes" -I"D:/0-EMBEDDED_SYSTEMS/1-Keroles_Diploma_Online/my_codes/MCU_Interfacing/Lesson6_I2C/STM_DRIVER_I2C/STM32_I2C_DRIVER/Drivers/MCAL/UART/Includes" -I"D:/0-EMBEDDED_SYSTEMS/1-Keroles_Diploma_Online/my_codes/MCU_Interfacing/Lesson6_I2C/STM_DRIVER_I2C/STM32_I2C_DRIVER/Drivers/HAL/LCD/Inc" -I"D:/0-EMBEDDED_SYSTEMS/1-Keroles_Diploma_Online/my_codes/MCU_Interfacing/Lesson6_I2C/STM_DRIVER_I2C/STM32_I2C_DRIVER/Drivers/MCAL/GPIO/Includes" -I"D:/0-EMBEDDED_SYSTEMS/1-Keroles_Diploma_Online/my_codes/MCU_Interfacing/Lesson6_I2C/STM_DRIVER_I2C/STM32_I2C_DRIVER/Drivers/MCAL/EXTI/Includes" -I"D:/0-EMBEDDED_SYSTEMS/1-Keroles_Diploma_Online/my_codes/MCU_Interfacing/Lesson6_I2C/STM_DRIVER_I2C/STM32_I2C_DRIVER/Drivers" -I"D:/0-EMBEDDED_SYSTEMS/1-Keroles_Diploma_Online/my_codes/MCU_Interfacing/Lesson6_I2C/STM_DRIVER_I2C/STM32_I2C_DRIVER/Drivers/MCAL/SPI/Includes" -I"D:/0-EMBEDDED_SYSTEMS/1-Keroles_Diploma_Online/my_codes/MCU_Interfacing/Lesson6_I2C/STM_DRIVER_I2C/STM32_I2C_DRIVER/Drivers/MCAL/I2C/Includes" -I"D:/0-EMBEDDED_SYSTEMS/1-Keroles_Diploma_Online/my_codes/MCU_Interfacing/Lesson6_I2C/STM_DRIVER_I2C/STM32_I2C_DRIVER/Drivers/HAL/EEPROM/Inc" -O0 -ffunction-sections -fdata-sections -Wall -fstack-usage -MMD -MP -MF"Src/syscalls.d" -MT"Src/syscalls.o" --specs=nano.specs -mfloat-abi=soft -mthumb -o "Src/syscalls.o"
arm-none-eabi-gcc -gdwarf-2 "../Src/sysmem.c" -mcpu=cortex-m3 -std=gnu11 -g3 -c -I"D:/0-EMBEDDED_SYSTEMS/1-Keroles_Diploma_Online/my_codes/MCU_Interfacing/Lesson6_I2C/STM_DRIVER_I2C/STM32_I2C_DRIVER/Drivers/HAL/KeyPad/Inc" -I"D:/0-EMBEDDED_SYSTEMS/1-Keroles_Diploma_Online/my_codes/MCU_Interfacing/Lesson6_I2C/STM_DRIVER_I2C/STM32_I2C_DRIVER/Drivers/MCAL/RCC/Includes" -I"D:/0-EMBEDDED_SYSTEMS/1-Keroles_Diploma_Online/my_codes/MCU_Interfacing/Lesson6_I2C/STM_DRIVER_I2C/STM32_I2C_DRIVER/Drivers/MCAL/UART/Includes" -I"D:/0-EMBEDDED_SYSTEMS/1-Keroles_Diploma_Online/my_codes/MCU_Interfacing/Lesson6_I2C/STM_DRIVER_I2C/STM32_I2C_DRIVER/Drivers/HAL/LCD/Inc" -I"D:/0-EMBEDDED_SYSTEMS/1-Keroles_Diploma_Online/my_codes/MCU_Interfacing/Lesson6_I2C/STM_DRIVER_I2C/STM32_I2C_DRIVER/Drivers/MCAL/GPIO/Includes" -I"D:/0-EMBEDDED_SYSTEMS/1-Keroles_Diploma_Online/my_codes/MCU_Interfacing/Lesson6_I2C/STM_DRIVER_I2C/STM32_I2C_DRIVER/Drivers/MCAL/EXTI/Includes" -I"D:/0-EMBEDDED_SYSTEMS/1-Keroles_Diploma_Online/my_codes/MCU_Interfacing/Lesson6_I2C/STM_DRIVER_I2C/STM32_I2C_DRIVER/Drivers" -I"D:/0-EMBEDDED_SYSTEMS/1-Keroles_Diploma_Online/my_codes/MCU_Interfacing/Lesson6_I2C/STM_DRIVER_I2C/STM32_I2C_DRIVER/Drivers/MCAL/SPI/Includes" -I"D:/0-EMBEDDED_SYSTEMS/1-Keroles_Diploma_Online/my_codes/MCU_Interfacing/Lesson6_I2C/STM_DRIVER_I2C/STM32_I2C_DRIVER/Drivers/MCAL/I2C/Includes" -I"D:/0-EMBEDDED_SYSTEMS/1-Keroles_Diploma_Online/my_codes/MCU_Interfacing/Lesson6_I2C/STM_DRIVER_I2C/STM32_I2C_DRIVER/Drivers/HAL/EEPROM/Inc" -O0 -ffunction-sections -fdata-sections -Wall -fstack-usage -MMD -MP -MF"Src/sysmem.d" -MT"Src/sysmem.o" --specs=nano.specs -mfloat-abi=soft -mthumb -o "Src/sysmem.o"
arm-none-eabi-gcc -gdwarf-2 "../Drivers/MCAL/UART/Src/UART.c" -mcpu=cortex-m3 -std=gnu11 -g3 -c -I"D:/0-EMBEDDED_SYSTEMS/1-Keroles_Diploma_Online/my_codes/MCU_Interfacing/Lesson6_I2C/STM_DRIVER_I2C/STM32_I2C_DRIVER/Drivers/HAL/KeyPad/Inc" -I"D:/0-EMBEDDED_SYSTEMS/1-Keroles_Diploma_Online/my_codes/MCU_Interfacing/Lesson6_I2C/STM_DRIVER_I2C/STM32_I2C_DRIVER/Drivers/MCAL/RCC/Includes" -I"D:/0-EMBEDDED_SYSTEMS/1-Keroles_Diploma_Online/my_codes/MCU_Interfacing/Lesson6_I2C/STM_DRIVER_I2C/STM32_I2C_DRIVER/Drivers/MCAL/UART/Includes" -I"D:/0-EMBEDDED_SYSTEMS/1-Keroles_Diploma_Online/my_codes/MCU_Interfacing/Lesson6_I2C/STM_DRIVER_I2C/STM32_I2C_DRIVER/Drivers/HAL/LCD/Inc" -I"D:/0-EMBEDDED_SYSTEMS/1-Keroles_Diploma_Online/my_codes/MCU_Interfacing/Lesson6_I2C/STM_DRIVER_I2C/STM32_I2C_DRIVER/Drivers/MCAL/GPIO/Includes" -I"D:/0-EMBEDDED_SYSTEMS/1-Keroles_Diploma_Online/my_codes/MCU_Interfacing/Lesson6_I2C/STM_DRIVER_I2C/STM32_I2C_DRIVER/Drivers/MCAL/EXTI/Includes" -I"D:/0-EMBEDDED_SYSTEMS/1-Keroles_Diploma_Online/my_codes/MCU_Interfacing/Lesson6_I2C/STM_DRIVER_I2C/STM32_I2C_DRIVER/Drivers" -I"D:/0-EMBEDDED_SYSTEMS/1-Keroles_Diploma_Online/my_codes/MCU_Interfacing/Lesson6_I2C/STM_DRIVER_I2C/STM32_I2C_DRIVER/Drivers/MCAL/SPI/Includes" -I"D:/0-EMBEDDED_SYSTEMS/1-Keroles_Diploma_Online/my_codes/MCU_Interfacing/Lesson6_I2C/STM_DRIVER_I2C/STM32_I2C_DRIVER/Drivers/MCAL/I2C/Includes" -I"D:/0-EMBEDDED_SYSTEMS/1-Keroles_Diploma_Online/my_codes/MCU_Interfacing/Lesson6_I2C/STM_DRIVER_I2C/STM32_I2C_DRIVER/Drivers/HAL/EEPROM/Inc" -O0 -ffunction-sections -fdata-sections -Wall -fstack-usage -MMD -MP -MF"Drivers/MCAL/UART/Src/UART.d" -MT"Drivers/MCAL/UART/Src/UART.o" --specs=nano.specs -mfloat-abi=soft -mthumb -o "Drivers/MCAL/UART/Src/UART.o"
arm-none-eabi-gcc -gdwarf-2 "../Drivers/MCAL/SPI/Src/STM32F103_SPI.c" -mcpu=cortex-m3 -std=gnu11 -g3 -c -I"D:/0-EMBEDDED_SYSTEMS/1-Keroles_Diploma_Online/my_codes/MCU_Interfacing/Lesson6_I2C/STM_DRIVER_I2C/STM32_I2C_DRIVER/Drivers/HAL/KeyPad/Inc" -I"D:/0-EMBEDDED_SYSTEMS/1-Keroles_Diploma_Online/my_codes/MCU_Interfacing/Lesson6_I2C/STM_DRIVER_I2C/STM32_I2C_DRIVER/Drivers/MCAL/RCC/Includes" -I"D:/0-EMBEDDED_SYSTEMS/1-Keroles_Diploma_Online/my_codes/MCU_Interfacing/Lesson6_I2C/STM_DRIVER_I2C/STM32_I2C_DRIVER/Drivers/MCAL/UART/Includes" -I"D:/0-EMBEDDED_SYSTEMS/1-Keroles_Diploma_Online/my_codes/MCU_Interfacing/Lesson6_I2C/STM_DRIVER_I2C/STM32_I2C_DRIVER/Drivers/HAL/LCD/Inc" -I"D:/0-EMBEDDED_SYSTEMS/1-Keroles_Diploma_Online/my_codes/MCU_Interfacing/Lesson6_I2C/STM_DRIVER_I2C/STM32_I2C_DRIVER/Drivers/MCAL/GPIO/Includes" -I"D:/0-EMBEDDED_SYSTEMS/1-Keroles_Diploma_Online/my_codes/MCU_Interfacing/Lesson6_I2C/STM_DRIVER_I2C/STM32_I2C_DRIVER/Drivers/MCAL/EXTI/Includes" -I"D:/0-EMBEDDED_SYSTEMS/1-Keroles_Diploma_Online/my_codes/MCU_Interfacing/Lesson6_I2C/STM_DRIVER_I2C/STM32_I2C_DRIVER/Drivers" -I"D:/0-EMBEDDED_SYSTEMS/1-Keroles_Diploma_Online/my_codes/MCU_Interfacing/Lesson6_I2C/STM_DRIVER_I2C/STM32_I2C_DRIVER/Drivers/MCAL/SPI/Includes" -I"D:/0-EMBEDDED_SYSTEMS/1-Keroles_Diploma_Online/my_codes/MCU_Interfacing/Lesson6_I2C/STM_DRIVER_I2C/STM32_I2C_DRIVER/Drivers/MCAL/I2C/Includes" -I"D:/0-EMBEDDED_SYSTEMS/1-Keroles_Diploma_Online/my_codes/MCU_Interfacing/Lesson6_I2C/STM_DRIVER_I2C/STM32_I2C_DRIVER/Drivers/HAL/EEPROM/Inc" -O0 -ffunction-sections -fdata-sections -Wall -fstack-usage -MMD -MP -MF"Drivers/MCAL/SPI/Src/STM32F103_SPI.d" -MT"Drivers/MCAL/SPI/Src/STM32F103_SPI.o" --specs=nano.specs -mfloat-abi=soft -mthumb -o "Drivers/MCAL/SPI/Src/STM32F103_SPI.o"
arm-none-eabi-gcc -gdwarf-2 "../Drivers/MCAL/RCC/Src/RCC.c" -mcpu=cortex-m3 -std=gnu11 -g3 -c -I"D:/0-EMBEDDED_SYSTEMS/1-Keroles_Diploma_Online/my_codes/MCU_Interfacing/Lesson6_I2C/STM_DRIVER_I2C/STM32_I2C_DRIVER/Drivers/HAL/KeyPad/Inc" -I"D:/0-EMBEDDED_SYSTEMS/1-Keroles_Diploma_Online/my_codes/MCU_Interfacing/Lesson6_I2C/STM_DRIVER_I2C/STM32_I2C_DRIVER/Drivers/MCAL/RCC/Includes" -I"D:/0-EMBEDDED_SYSTEMS/1-Keroles_Diploma_Online/my_codes/MCU_Interfacing/Lesson6_I2C/STM_DRIVER_I2C/STM32_I2C_DRIVER/Drivers/MCAL/UART/Includes" -I"D:/0-EMBEDDED_SYSTEMS/1-Keroles_Diploma_Online/my_codes/MCU_Interfacing/Lesson6_I2C/STM_DRIVER_I2C/STM32_I2C_DRIVER/Drivers/HAL/LCD/Inc" -I"D:/0-EMBEDDED_SYSTEMS/1-Keroles_Diploma_Online/my_codes/MCU_Interfacing/Lesson6_I2C/STM_DRIVER_I2C/STM32_I2C_DRIVER/Drivers/MCAL/GPIO/Includes" -I"D:/0-EMBEDDED_SYSTEMS/1-Keroles_Diploma_Online/my_codes/MCU_Interfacing/Lesson6_I2C/STM_DRIVER_I2C/STM32_I2C_DRIVER/Drivers/MCAL/EXTI/Includes" -I"D:/0-EMBEDDED_SYSTEMS/1-Keroles_Diploma_Online/my_codes/MCU_Interfacing/Lesson6_I2C/STM_DRIVER_I2C/STM32_I2C_DRIVER/Drivers" -I"D:/0-EMBEDDED_SYSTEMS/1-Keroles_Diploma_Online/my_codes/MCU_Interfacing/Lesson6_I2C/STM_DRIVER_I2C/STM32_I2C_DRIVER/Drivers/MCAL/SPI/Includes" -I"D:/0-EMBEDDED_SYSTEMS/1-Keroles_Diploma_Online/my_codes/MCU_Interfacing/Lesson6_I2C/STM_DRIVER_I2C/STM32_I2C_DRIVER/Drivers/MCAL/I2C/Includes" -I"D:/0-EMBEDDED_SYSTEMS/1-Keroles_Diploma_Online/my_codes/MCU_Interfacing/Lesson6_I2C/STM_DRIVER_I2C/STM32_I2C_DRIVER/Drivers/HAL/EEPROM/Inc" -O0 -ffunction-sections -fdata-sections -Wall -fstack-usage -MMD -MP -MF"Drivers/MCAL/RCC/Src/RCC.d" -MT"Drivers/MCAL/RCC/Src/RCC.o" --specs=nano.specs -mfloat-abi=soft -mthumb -o "Drivers/MCAL/RCC/Src/RCC.o"
arm-none-eabi-gcc -gdwarf-2 "../Drivers/MCAL/I2C/Src/STM32F103_I2C.c" -mcpu=cortex-m3 -std=gnu11 -g3 -c -I"D:/0-EMBEDDED_SYSTEMS/1-Keroles_Diploma_Online/my_codes/MCU_Interfacing/Lesson6_I2C/STM_DRIVER_I2C/STM32_I2C_DRIVER/Drivers/HAL/KeyPad/Inc" -I"D:/0-EMBEDDED_SYSTEMS/1-Keroles_Diploma_Online/my_codes/MCU_Interfacing/Lesson6_I2C/STM_DRIVER_I2C/STM32_I2C_DRIVER/Drivers/MCAL/RCC/Includes" -I"D:/0-EMBEDDED_SYSTEMS/1-Keroles_Diploma_Online/my_codes/MCU_Interfacing/Lesson6_I2C/STM_DRIVER_I2C/STM32_I2C_DRIVER/Drivers/MCAL/UART/Includes" -I"D:/0-EMBEDDED_SYSTEMS/1-Keroles_Diploma_Online/my_codes/MCU_Interfacing/Lesson6_I2C/STM_DRIVER_I2C/STM32_I2C_DRIVER/Drivers/HAL/LCD/Inc" -I"D:/0-EMBEDDED_SYSTEMS/1-Keroles_Diploma_Online/my_codes/MCU_Interfacing/Lesson6_I2C/STM_DRIVER_I2C/STM32_I2C_DRIVER/Drivers/MCAL/GPIO/Includes" -I"D:/0-EMBEDDED_SYSTEMS/1-Keroles_Diploma_Online/my_codes/MCU_Interfacing/Lesson6_I2C/STM_DRIVER_I2C/STM32_I2C_DRIVER/Drivers/MCAL/EXTI/Includes" -I"D:/0-EMBEDDED_SYSTEMS/1-Keroles_Diploma_Online/my_codes/MCU_Interfacing/Lesson6_I2C/STM_DRIVER_I2C/STM32_I2C_DRIVER/Drivers" -I"D:/0-EMBEDDED_SYSTEMS/1-Keroles_Diploma_Online/my_codes/MCU_Interfacing/Lesson6_I2C/STM_DRIVER_I2C/STM32_I2C_DRIVER/Drivers/MCAL/SPI/Includes" -I"D:/0-EMBEDDED_SYSTEMS/1-Keroles_Diploma_Online/my_codes/MCU_Interfacing/Lesson6_I2C/STM_DRIVER_I2C/STM32_I2C_DRIVER/Drivers/MCAL/I2C/Includes" -I"D:/0-EMBEDDED_SYSTEMS/1-Keroles_Diploma_Online/my_codes/MCU_Interfacing/Lesson6_I2C/STM_DRIVER_I2C/STM32_I2C_DRIVER/Drivers/HAL/EEPROM/Inc" -O0 -ffunction-sections -fdata-sections -Wall -fstack-usage -MMD -MP -MF"Drivers/MCAL/I2C/Src/STM32F103_I2C.d" -MT"Drivers/MCAL/I2C/Src/STM32F103_I2C.o" --specs=nano.specs -mfloat-abi=soft -mthumb -o "Drivers/MCAL/I2C/Src/STM32F103_I2C.o"
arm-none-eabi-gcc -gdwarf-2 "../Drivers/MCAL/GPIO/Src/STM32F103_GPIO.c" -mcpu=cortex-m3 -std=gnu11 -g3 -c -I"D:/0-EMBEDDED_SYSTEMS/1-Keroles_Diploma_Online/my_codes/MCU_Interfacing/Lesson6_I2C/STM_DRIVER_I2C/STM32_I2C_DRIVER/Drivers/HAL/KeyPad/Inc" -I"D:/0-EMBEDDED_SYSTEMS/1-Keroles_Diploma_Online/my_codes/MCU_Interfacing/Lesson6_I2C/STM_DRIVER_I2C/STM32_I2C_DRIVER/Drivers/MCAL/RCC/Includes" -I"D:/0-EMBEDDED_SYSTEMS/1-Keroles_Diploma_Online/my_codes/MCU_Interfacing/Lesson6_I2C/STM_DRIVER_I2C/STM32_I2C_DRIVER/Drivers/MCAL/UART/Includes" -I"D:/0-EMBEDDED_SYSTEMS/1-Keroles_Diploma_Online/my_codes/MCU_Interfacing/Lesson6_I2C/STM_DRIVER_I2C/STM32_I2C_DRIVER/Drivers/HAL/LCD/Inc" -I"D:/0-EMBEDDED_SYSTEMS/1-Keroles_Diploma_Online/my_codes/MCU_Interfacing/Lesson6_I2C/STM_DRIVER_I2C/STM32_I2C_DRIVER/Drivers/MCAL/GPIO/Includes" -I"D:/0-EMBEDDED_SYSTEMS/1-Keroles_Diploma_Online/my_codes/MCU_Interfacing/Lesson6_I2C/STM_DRIVER_I2C/STM32_I2C_DRIVER/Drivers/MCAL/EXTI/Includes" -I"D:/0-EMBEDDED_SYSTEMS/1-Keroles_Diploma_Online/my_codes/MCU_Interfacing/Lesson6_I2C/STM_DRIVER_I2C/STM32_I2C_DRIVER/Drivers" -I"D:/0-EMBEDDED_SYSTEMS/1-Keroles_Diploma_Online/my_codes/MCU_Interfacing/Lesson6_I2C/STM_DRIVER_I2C/STM32_I2C_DRIVER/Drivers/MCAL/SPI/Includes" -I"D:/0-EMBEDDED_SYSTEMS/1-Keroles_Diploma_Online/my_codes/MCU_Interfacing/Lesson6_I2C/STM_DRIVER_I2C/STM32_I2C_DRIVER/Drivers/MCAL/I2C/Includes" -I"D:/0-EMBEDDED_SYSTEMS/1-Keroles_Diploma_Online/my_codes/MCU_Interfacing/Lesson6_I2C/STM_DRIVER_I2C/STM32_I2C_DRIVER/Drivers/HAL/EEPROM/Inc" -O0 -ffunction-sections -fdata-sections -Wall -fstack-usage -MMD -MP -MF"Drivers/MCAL/GPIO/Src/STM32F103_GPIO.d" -MT"Drivers/MCAL/GPIO/Src/STM32F103_GPIO.o" --specs=nano.specs -mfloat-abi=soft -mthumb -o "Drivers/MCAL/GPIO/Src/STM32F103_GPIO.o"
arm-none-eabi-gcc -gdwarf-2 "../Drivers/MCAL/EXTI/Src/STM32F103_EXTI.c" -mcpu=cortex-m3 -std=gnu11 -g3 -c -I"D:/0-EMBEDDED_SYSTEMS/1-Keroles_Diploma_Online/my_codes/MCU_Interfacing/Lesson6_I2C/STM_DRIVER_I2C/STM32_I2C_DRIVER/Drivers/HAL/KeyPad/Inc" -I"D:/0-EMBEDDED_SYSTEMS/1-Keroles_Diploma_Online/my_codes/MCU_Interfacing/Lesson6_I2C/STM_DRIVER_I2C/STM32_I2C_DRIVER/Drivers/MCAL/RCC/Includes" -I"D:/0-EMBEDDED_SYSTEMS/1-Keroles_Diploma_Online/my_codes/MCU_Interfacing/Lesson6_I2C/STM_DRIVER_I2C/STM32_I2C_DRIVER/Drivers/MCAL/UART/Includes" -I"D:/0-EMBEDDED_SYSTEMS/1-Keroles_Diploma_Online/my_codes/MCU_Interfacing/Lesson6_I2C/STM_DRIVER_I2C/STM32_I2C_DRIVER/Drivers/HAL/LCD/Inc" -I"D:/0-EMBEDDED_SYSTEMS/1-Keroles_Diploma_Online/my_codes/MCU_Interfacing/Lesson6_I2C/STM_DRIVER_I2C/STM32_I2C_DRIVER/Drivers/MCAL/GPIO/Includes" -I"D:/0-EMBEDDED_SYSTEMS/1-Keroles_Diploma_Online/my_codes/MCU_Interfacing/Lesson6_I2C/STM_DRIVER_I2C/STM32_I2C_DRIVER/Drivers/MCAL/EXTI/Includes" -I"D:/0-EMBEDDED_SYSTEMS/1-Keroles_Diploma_Online/my_codes/MCU_Interfacing/Lesson6_I2C/STM_DRIVER_I2C/STM32_I2C_DRIVER/Drivers" -I"D:/0-EMBEDDED_SYSTEMS/1-Keroles_Diploma_Online/my_codes/MCU_Interfacing/Lesson6_I2C/STM_DRIVER_I2C/STM32_I2C_DRIVER/Drivers/MCAL/SPI/Includes" -I"D:/0-EMBEDDED_SYSTEMS/1-Keroles_Diploma_Online/my_codes/MCU_Interfacing/Lesson6_I2C/STM_DRIVER_I2C/STM32_I2C_DRIVER/Drivers/MCAL/I2C/Includes" -I"D:/0-EMBEDDED_SYSTEMS/1-Keroles_Diploma_Online/my_codes/MCU_Interfacing/Lesson6_I2C/STM_DRIVER_I2C/STM32_I2C_DRIVER/Drivers/HAL/EEPROM/Inc" -O0 -ffunction-sections -fdata-sections -Wall -fstack-usage -MMD -MP -MF"Drivers/MCAL/EXTI/Src/STM32F103_EXTI.d" -MT"Drivers/MCAL/EXTI/Src/STM32F103_EXTI.o" --specs=nano.specs -mfloat-abi=soft -mthumb -o "Drivers/MCAL/EXTI/Src/STM32F103_EXTI.o"
arm-none-eabi-gcc -gdwarf-2 "../Drivers/HAL/LCD/Src/LCD.c" -mcpu=cortex-m3 -std=gnu11 -g3 -c -I"D:/0-EMBEDDED_SYSTEMS/1-Keroles_Diploma_Online/my_codes/MCU_Interfacing/Lesson6_I2C/STM_DRIVER_I2C/STM32_I2C_DRIVER/Drivers/HAL/KeyPad/Inc" -I"D:/0-EMBEDDED_SYSTEMS/1-Keroles_Diploma_Online/my_codes/MCU_Interfacing/Lesson6_I2C/STM_DRIVER_I2C/STM32_I2C_DRIVER/Drivers/MCAL/RCC/Includes" -I"D:/0-EMBEDDED_SYSTEMS/1-Keroles_Diploma_Online/my_codes/MCU_Interfacing/Lesson6_I2C/STM_DRIVER_I2C/STM32_I2C_DRIVER/Drivers/MCAL/UART/Includes" -I"D:/0-EMBEDDED_SYSTEMS/1-Keroles_Diploma_Online/my_codes/MCU_Interfacing/Lesson6_I2C/STM_DRIVER_I2C/STM32_I2C_DRIVER/Drivers/HAL/LCD/Inc" -I"D:/0-EMBEDDED_SYSTEMS/1-Keroles_Diploma_Online/my_codes/MCU_Interfacing/Lesson6_I2C/STM_DRIVER_I2C/STM32_I2C_DRIVER/Drivers/MCAL/GPIO/Includes" -I"D:/0-EMBEDDED_SYSTEMS/1-Keroles_Diploma_Online/my_codes/MCU_Interfacing/Lesson6_I2C/STM_DRIVER_I2C/STM32_I2C_DRIVER/Drivers/MCAL/EXTI/Includes" -I"D:/0-EMBEDDED_SYSTEMS/1-Keroles_Diploma_Online/my_codes/MCU_Interfacing/Lesson6_I2C/STM_DRIVER_I2C/STM32_I2C_DRIVER/Drivers" -I"D:/0-EMBEDDED_SYSTEMS/1-Keroles_Diploma_Online/my_codes/MCU_Interfacing/Lesson6_I2C/STM_DRIVER_I2C/STM32_I2C_DRIVER/Drivers/MCAL/SPI/Includes" -I"D:/0-EMBEDDED_SYSTEMS/1-Keroles_Diploma_Online/my_codes/MCU_Interfacing/Lesson6_I2C/STM_DRIVER_I2C/STM32_I2C_DRIVER/Drivers/MCAL/I2C/Includes" -I"D:/0-EMBEDDED_SYSTEMS/1-Keroles_Diploma_Online/my_codes/MCU_Interfacing/Lesson6_I2C/STM_DRIVER_I2C/STM32_I2C_DRIVER/Drivers/HAL/EEPROM/Inc" -O0 -ffunction-sections -fdata-sections -Wall -fstack-usage -MMD -MP -MF"Drivers/HAL/LCD/Src/LCD.d" -MT"Drivers/HAL/LCD/Src/LCD.o" --specs=nano.specs -mfloat-abi=soft -mthumb -o "Drivers/HAL/LCD/Src/LCD.o"
arm-none-eabi-gcc -gdwarf-2 "../Drivers/HAL/KeyPad/Src/KeyPad.c" -mcpu=cortex-m3 -std=gnu11 -g3 -c -I"D:/0-EMBEDDED_SYSTEMS/1-Keroles_Diploma_Online/my_codes/MCU_Interfacing/Lesson6_I2C/STM_DRIVER_I2C/STM32_I2C_DRIVER/Drivers/HAL/KeyPad/Inc" -I"D:/0-EMBEDDED_SYSTEMS/1-Keroles_Diploma_Online/my_codes/MCU_Interfacing/Lesson6_I2C/STM_DRIVER_I2C/STM32_I2C_DRIVER/Drivers/MCAL/RCC/Includes" -I"D:/0-EMBEDDED_SYSTEMS/1-Keroles_Diploma_Online/my_codes/MCU_Interfacing/Lesson6_I2C/STM_DRIVER_I2C/STM32_I2C_DRIVER/Drivers/MCAL/UART/Includes" -I"D:/0-EMBEDDED_SYSTEMS/1-Keroles_Diploma_Online/my_codes/MCU_Interfacing/Lesson6_I2C/STM_DRIVER_I2C/STM32_I2C_DRIVER/Drivers/HAL/LCD/Inc" -I"D:/0-EMBEDDED_SYSTEMS/1-Keroles_Diploma_Online/my_codes/MCU_Interfacing/Lesson6_I2C/STM_DRIVER_I2C/STM32_I2C_DRIVER/Drivers/MCAL/GPIO/Includes" -I"D:/0-EMBEDDED_SYSTEMS/1-Keroles_Diploma_Online/my_codes/MCU_Interfacing/Lesson6_I2C/STM_DRIVER_I2C/STM32_I2C_DRIVER/Drivers/MCAL/EXTI/Includes" -I"D:/0-EMBEDDED_SYSTEMS/1-Keroles_Diploma_Online/my_codes/MCU_Interfacing/Lesson6_I2C/STM_DRIVER_I2C/STM32_I2C_DRIVER/Drivers" -I"D:/0-EMBEDDED_SYSTEMS/1-Keroles_Diploma_Online/my_codes/MCU_Interfacing/Lesson6_I2C/STM_DRIVER_I2C/STM32_I2C_DRIVER/Drivers/MCAL/SPI/Includes" -I"D:/0-EMBEDDED_SYSTEMS/1-Keroles_Diploma_Online/my_codes/MCU_Interfacing/Lesson6_I2C/STM_DRIVER_I2C/STM32_I2C_DRIVER/Drivers/MCAL/I2C/Includes" -I"D:/0-EMBEDDED_SYSTEMS/1-Keroles_Diploma_Online/my_codes/MCU_Interfacing/Lesson6_I2C/STM_DRIVER_I2C/STM32_I2C_DRIVER/Drivers/HAL/EEPROM/Inc" -O0 -ffunction-sections -fdata-sections -Wall -fstack-usage -MMD -MP -MF"Drivers/HAL/KeyPad/Src/KeyPad.d" -MT"Drivers/HAL/KeyPad/Src/KeyPad.o" --specs=nano.specs -mfloat-abi=soft -mthumb -o "Drivers/HAL/KeyPad/Src/KeyPad.o"
arm-none-eabi-gcc -gdwarf-2 "../Drivers/HAL/EEPROM/Src/EEPROM.c" -mcpu=cortex-m3 -std=gnu11 -g3 -c -I"D:/0-EMBEDDED_SYSTEMS/1-Keroles_Diploma_Online/my_codes/MCU_Interfacing/Lesson6_I2C/STM_DRIVER_I2C/STM32_I2C_DRIVER/Drivers/HAL/KeyPad/Inc" -I"D:/0-EMBEDDED_SYSTEMS/1-Keroles_Diploma_Online/my_codes/MCU_Interfacing/Lesson6_I2C/STM_DRIVER_I2C/STM32_I2C_DRIVER/Drivers/MCAL/RCC/Includes" -I"D:/0-EMBEDDED_SYSTEMS/1-Keroles_Diploma_Online/my_codes/MCU_Interfacing/Lesson6_I2C/STM_DRIVER_I2C/STM32_I2C_DRIVER/Drivers/MCAL/UART/Includes" -I"D:/0-EMBEDDED_SYSTEMS/1-Keroles_Diploma_Online/my_codes/MCU_Interfacing/Lesson6_I2C/STM_DRIVER_I2C/STM32_I2C_DRIVER/Drivers/HAL/LCD/Inc" -I"D:/0-EMBEDDED_SYSTEMS/1-Keroles_Diploma_Online/my_codes/MCU_Interfacing/Lesson6_I2C/STM_DRIVER_I2C/STM32_I2C_DRIVER/Drivers/MCAL/GPIO/Includes" -I"D:/0-EMBEDDED_SYSTEMS/1-Keroles_Diploma_Online/my_codes/MCU_Interfacing/Lesson6_I2C/STM_DRIVER_I2C/STM32_I2C_DRIVER/Drivers/MCAL/EXTI/Includes" -I"D:/0-EMBEDDED_SYSTEMS/1-Keroles_Diploma_Online/my_codes/MCU_Interfacing/Lesson6_I2C/STM_DRIVER_I2C/STM32_I2C_DRIVER/Drivers" -I"D:/0-EMBEDDED_SYSTEMS/1-Keroles_Diploma_Online/my_codes/MCU_Interfacing/Lesson6_I2C/STM_DRIVER_I2C/STM32_I2C_DRIVER/Drivers/MCAL/SPI/Includes" -I"D:/0-EMBEDDED_SYSTEMS/1-Keroles_Diploma_Online/my_codes/MCU_Interfacing/Lesson6_I2C/STM_DRIVER_I2C/STM32_I2C_DRIVER/Drivers/MCAL/I2C/Includes" -I"D:/0-EMBEDDED_SYSTEMS/1-Keroles_Diploma_Online/my_codes/MCU_Interfacing/Lesson6_I2C/STM_DRIVER_I2C/STM32_I2C_DRIVER/Drivers/HAL/EEPROM/Inc" -O0 -ffunction-sections -fdata-sections -Wall -fstack-usage -MMD -MP -MF"Drivers/HAL/EEPROM/Src/EEPROM.d" -MT"Drivers/HAL/EEPROM/Src/EEPROM.o" --specs=nano.specs -mfloat-abi=soft -mthumb -o "Drivers/HAL/EEPROM/Src/EEPROM.o"
arm-none-eabi-gcc -gdwarf-2 -o "STM32_I2C_DRIVER.elf" @"objects.list"   -mcpu=cortex-m3 -T"D:\0-EMBEDDED_SYSTEMS\1-Keroles_Diploma_Online\my_codes\MCU_Interfacing\Lesson6_I2C\STM_DRIVER_I2C\STM32_I2C_DRIVER\STM32F103C6TX_FLASH.ld" --specs=nosys.specs -Wl,-Map="STM32_I2C_DRIVER.map" -Wl,--gc-sections -static --specs=nano.specs -mfloat-abi=soft -mthumb -Wl,--start-group -lc -lm -Wl,--end-group
Finished building target: STM32_I2C_DRIVER.elf
 
arm-none-eabi-size   STM32_I2C_DRIVER.elf 
arm-none-eabi-objdump -h -S  STM32_I2C_DRIVER.elf  > "STM32_I2C_DRIVER.list"
   text	   data	    bss	    dec	    hex	filename
   4604	     32	   1720	   6356	   18d4	STM32_I2C_DRIVER.elf
Finished building: default.size.stdout
 
Finished building: STM32_I2C_DRIVER.list
 

21:37:57 Build Finished. 0 errors, 0 warnings. (took 4s.71ms)

